device: NVIDIA RTX 6000 Ada Generation
loaded 409,562,339 records -> 405,595,870 after filters (min_depth=16, drop_mate=False)
dropped tactical from train: 403,567,891 -> 307,385,396 (23.8% removed); validation set unchanged
train 307,385,396 | val 2,027,979
baseline (always predict draw) val_loss = 0.05421
parameters: 12,617,825
18,761 steps/epoch, 187,610 total
ep 0 step     200/187,610 loss 0.05343 lr 6.02e-05 176,312 pos/s  19s
ep 0 step     400/187,610 loss 0.04160 lr 6.07e-05 318,839 pos/s  21s
ep 0 step     600/187,610 loss 0.03163 lr 6.16e-05 436,361 pos/s  23s
ep 0 step     800/187,610 loss 0.02560 lr 6.29e-05 535,249 pos/s  24s
ep 0 step   1,000/187,610 loss 0.02276 lr 6.45e-05 619,471 pos/s  26s
ep 0 step   1,200/187,610 loss 0.02137 lr 6.65e-05 692,880 pos/s  28s
ep 0 step   1,400/187,610 loss 0.02046 lr 6.88e-05 756,650 pos/s  30s
ep 0 step   1,600/187,610 loss 0.01990 lr 7.15e-05 811,646 pos/s  32s
ep 0 step   1,800/187,610 loss 0.01935 lr 7.45e-05 859,554 pos/s  34s
ep 0 step   2,000/187,610 loss 0.01890 lr 7.79e-05 902,965 pos/s  36s
ep 0 step   2,200/187,610 loss 0.01854 lr 8.16e-05 940,073 pos/s  38s
ep 0 step   2,400/187,610 loss 0.01816 lr 8.57e-05 972,459 pos/s  40s
ep 0 step   2,600/187,610 loss 0.01789 lr 9.01e-05 1,000,741 pos/s  43s
ep 0 step   2,800/187,610 loss 0.01753 lr 9.49e-05 1,027,915 pos/s  45s
ep 0 step   3,000/187,610 loss 0.01730 lr 1.00e-04 1,052,762 pos/s  47s
ep 0 step   3,200/187,610 loss 0.01703 lr 1.05e-04 1,075,908 pos/s  49s
ep 0 step   3,400/187,610 loss 0.01670 lr 1.11e-04 1,097,452 pos/s  51s
ep 0 step   3,600/187,610 loss 0.01650 lr 1.17e-04 1,116,647 pos/s  53s
ep 0 step   3,800/187,610 loss 0.01630 lr 1.24e-04 1,134,526 pos/s  55s
ep 0 step   4,000/187,610 loss 0.01603 lr 1.31e-04 1,151,701 pos/s  57s
ep 0 step   4,200/187,610 loss 0.01580 lr 1.38e-04 1,167,247 pos/s  59s
ep 0 step   4,400/187,610 loss 0.01558 lr 1.45e-04 1,182,223 pos/s  61s
ep 0 step   4,600/187,610 loss 0.01536 lr 1.53e-04 1,195,990 pos/s  63s
ep 0 step   4,800/187,610 loss 0.01517 lr 1.61e-04 1,205,113 pos/s  65s
ep 0 step   5,000/187,610 loss 0.01497 lr 1.69e-04 1,218,363 pos/s  67s
ep 0 step   5,200/187,610 loss 0.01483 lr 1.78e-04 1,231,516 pos/s  69s
ep 0 step   5,400/187,610 loss 0.01464 lr 1.87e-04 1,243,948 pos/s  71s
ep 0 step   5,600/187,610 loss 0.01453 lr 1.96e-04 1,254,922 pos/s  73s
ep 0 step   5,800/187,610 loss 0.01437 lr 2.06e-04 1,265,513 pos/s  75s
ep 0 step   6,000/187,610 loss 0.01429 lr 2.16e-04 1,276,031 pos/s  77s
ep 0 step   6,200/187,610 loss 0.01415 lr 2.26e-04 1,285,526 pos/s  79s
ep 0 step   6,400/187,610 loss 0.01403 lr 2.36e-04 1,294,942 pos/s  81s
ep 0 step   6,600/187,610 loss 0.01403 lr 2.47e-04 1,303,587 pos/s  83s
ep 0 step   6,800/187,610 loss 0.01386 lr 2.58e-04 1,311,875 pos/s  85s
ep 0 step   7,000/187,610 loss 0.01377 lr 2.69e-04 1,320,271 pos/s  87s
ep 0 step   7,200/187,610 loss 0.01370 lr 2.80e-04 1,327,816 pos/s  89s
ep 0 step   7,400/187,610 loss 0.01362 lr 2.92e-04 1,335,311 pos/s  91s
ep 0 step   7,600/187,610 loss 0.01358 lr 3.04e-04 1,342,712 pos/s  93s
ep 0 step   7,800/187,610 loss 0.01356 lr 3.16e-04 1,349,300 pos/s  95s
ep 0 step   8,000/187,610 loss 0.01345 lr 3.29e-04 1,355,875 pos/s  97s
ep 0 step   8,200/187,610 loss 0.01339 lr 3.41e-04 1,362,308 pos/s  99s
ep 0 step   8,400/187,610 loss 0.01340 lr 3.54e-04 1,367,270 pos/s  101s
ep 0 step   8,600/187,610 loss 0.01330 lr 3.67e-04 1,371,833 pos/s  103s
ep 0 step   8,800/187,610 loss 0.01330 lr 3.80e-04 1,375,020 pos/s  105s
ep 0 step   9,000/187,610 loss 0.01317 lr 3.94e-04 1,378,765 pos/s  107s
ep 0 step   9,200/187,610 loss 0.01316 lr 4.08e-04 1,382,941 pos/s  109s
ep 0 step   9,400/187,610 loss 0.01308 lr 4.21e-04 1,386,924 pos/s  111s
ep 0 step   9,600/187,610 loss 0.01300 lr 4.35e-04 1,390,575 pos/s  113s
ep 0 step   9,800/187,610 loss 0.01300 lr 4.50e-04 1,394,047 pos/s  115s
ep 0 step  10,000/187,610 loss 0.01295 lr 4.64e-04 1,397,466 pos/s  117s
ep 0 step  10,200/187,610 loss 0.01285 lr 4.78e-04 1,401,079 pos/s  119s
ep 0 step  10,400/187,610 loss 0.01284 lr 4.93e-04 1,404,475 pos/s  121s
ep 0 step  10,600/187,610 loss 0.01279 lr 5.08e-04 1,407,881 pos/s  123s
ep 0 step  10,800/187,610 loss 0.01278 lr 5.23e-04 1,410,896 pos/s  125s
ep 0 step  11,000/187,610 loss 0.01273 lr 5.38e-04 1,413,055 pos/s  128s
ep 0 step  11,200/187,610 loss 0.01264 lr 5.53e-04 1,414,382 pos/s  130s
ep 0 step  11,400/187,610 loss 0.01259 lr 5.69e-04 1,417,904 pos/s  132s
ep 0 step  11,600/187,610 loss 0.01259 lr 5.84e-04 1,421,547 pos/s  134s
ep 0 step  11,800/187,610 loss 0.01255 lr 5.99e-04 1,425,198 pos/s  136s
ep 0 step  12,000/187,610 loss 0.01251 lr 6.15e-04 1,428,734 pos/s  138s
ep 0 step  12,200/187,610 loss 0.01249 lr 6.31e-04 1,431,596 pos/s  140s
ep 0 step  12,400/187,610 loss 0.01240 lr 6.47e-04 1,433,932 pos/s  142s
ep 0 step  12,600/187,610 loss 0.01237 lr 6.62e-04 1,436,662 pos/s  144s
ep 0 step  12,800/187,610 loss 0.01232 lr 6.78e-04 1,439,425 pos/s  146s
ep 0 step  13,000/187,610 loss 0.01226 lr 6.94e-04 1,442,179 pos/s  148s
ep 0 step  13,200/187,610 loss 0.01226 lr 7.10e-04 1,444,906 pos/s  150s
ep 0 step  13,400/187,610 loss 0.01222 lr 7.26e-04 1,447,913 pos/s  152s
ep 0 step  13,600/187,610 loss 0.01216 lr 7.42e-04 1,450,774 pos/s  154s
ep 0 step  13,800/187,610 loss 0.01210 lr 7.58e-04 1,453,165 pos/s  156s
ep 0 step  14,000/187,610 loss 0.01207 lr 7.74e-04 1,455,538 pos/s  158s
ep 0 step  14,200/187,610 loss 0.01204 lr 7.90e-04 1,458,148 pos/s  160s
ep 0 step  14,400/187,610 loss 0.01204 lr 8.06e-04 1,460,557 pos/s  162s
ep 0 step  14,600/187,610 loss 0.01202 lr 8.23e-04 1,462,822 pos/s  164s
ep 0 step  14,800/187,610 loss 0.01198 lr 8.39e-04 1,465,002 pos/s  166s
ep 0 step  15,000/187,610 loss 0.01196 lr 8.55e-04 1,467,256 pos/s  167s
ep 0 step  15,200/187,610 loss 0.01193 lr 8.71e-04 1,469,370 pos/s  169s
ep 0 step  15,400/187,610 loss 0.01186 lr 8.86e-04 1,471,358 pos/s  171s
ep 0 step  15,600/187,610 loss 0.01183 lr 9.02e-04 1,473,313 pos/s  173s
ep 0 step  15,800/187,610 loss 0.01180 lr 9.18e-04 1,475,289 pos/s  175s
ep 0 step  16,000/187,610 loss 0.01176 lr 9.34e-04 1,477,165 pos/s  177s
ep 0 step  16,200/187,610 loss 0.01176 lr 9.50e-04 1,478,963 pos/s  179s
ep 0 step  16,400/187,610 loss 0.01172 lr 9.65e-04 1,480,759 pos/s  181s
ep 0 step  16,600/187,610 loss 0.01169 lr 9.81e-04 1,482,484 pos/s  183s
ep 0 step  16,800/187,610 loss 0.01170 lr 9.96e-04 1,484,234 pos/s  185s
ep 0 step  17,000/187,610 loss 0.01160 lr 1.01e-03 1,485,978 pos/s  187s
ep 0 step  17,200/187,610 loss 0.01165 lr 1.03e-03 1,487,715 pos/s  189s
ep 0 step  17,400/187,610 loss 0.01160 lr 1.04e-03 1,489,333 pos/s  191s
ep 0 step  17,600/187,610 loss 0.01156 lr 1.06e-03 1,491,027 pos/s  193s
ep 0 step  17,800/187,610 loss 0.01152 lr 1.07e-03 1,492,606 pos/s  195s
ep 0 step  18,000/187,610 loss 0.01153 lr 1.09e-03 1,494,208 pos/s  197s
ep 0 step  18,200/187,610 loss 0.01149 lr 1.10e-03 1,495,862 pos/s  199s
ep 0 step  18,400/187,610 loss 0.01148 lr 1.11e-03 1,497,352 pos/s  201s
ep 0 step  18,600/187,610 loss 0.01146 lr 1.13e-03 1,498,890 pos/s  203s
== epoch 0 done | val_loss 0.01704 | MAE 142.4 cp | sign 90.5% | 205s
ep 1 step  18,800/187,610 loss 0.01108 lr 1.14e-03 1,388,866 pos/s  222s
ep 1 step  19,000/187,610 loss 0.01111 lr 1.16e-03 1,391,096 pos/s  224s
ep 1 step  19,200/187,610 loss 0.01108 lr 1.17e-03 1,393,346 pos/s  226s
ep 1 step  19,400/187,610 loss 0.01108 lr 1.18e-03 1,395,609 pos/s  228s
ep 1 step  19,600/187,610 loss 0.01112 lr 1.20e-03 1,397,803 pos/s  230s
ep 1 step  19,800/187,610 loss 0.01112 lr 1.21e-03 1,399,931 pos/s  232s
ep 1 step  20,000/187,610 loss 0.01110 lr 1.22e-03 1,402,030 pos/s  234s
ep 1 step  20,200/187,610 loss 0.01111 lr 1.24e-03 1,404,115 pos/s  236s
ep 1 step  20,400/187,610 loss 0.01108 lr 1.25e-03 1,406,140 pos/s  238s
ep 1 step  20,600/187,610 loss 0.01112 lr 1.26e-03 1,408,123 pos/s  240s
ep 1 step  20,800/187,610 loss 0.01105 lr 1.27e-03 1,410,088 pos/s  242s
ep 1 step  21,000/187,610 loss 0.01108 lr 1.28e-03 1,412,034 pos/s  244s
ep 1 step  21,200/187,610 loss 0.01104 lr 1.29e-03 1,413,945 pos/s  246s
ep 1 step  21,400/187,610 loss 0.01105 lr 1.31e-03 1,416,038 pos/s  248s
ep 1 step  21,600/187,610 loss 0.01103 lr 1.32e-03 1,417,888 pos/s  250s
ep 1 step  21,800/187,610 loss 0.01099 lr 1.33e-03 1,419,943 pos/s  252s
ep 1 step  22,000/187,610 loss 0.01098 lr 1.34e-03 1,422,014 pos/s  253s
ep 1 step  22,200/187,610 loss 0.01096 lr 1.35e-03 1,423,808 pos/s  255s
ep 1 step  22,400/187,610 loss 0.01097 lr 1.36e-03 1,425,608 pos/s  257s
ep 1 step  22,600/187,610 loss 0.01092 lr 1.37e-03 1,427,330 pos/s  259s
ep 1 step  22,800/187,610 loss 0.01091 lr 1.38e-03 1,429,015 pos/s  261s
ep 1 step  23,000/187,610 loss 0.01092 lr 1.38e-03 1,430,685 pos/s  263s
ep 1 step  23,200/187,610 loss 0.01090 lr 1.39e-03 1,432,311 pos/s  265s
ep 1 step  23,400/187,610 loss 0.01088 lr 1.40e-03 1,433,936 pos/s  267s
ep 1 step  23,600/187,610 loss 0.01091 lr 1.41e-03 1,435,512 pos/s  269s
ep 1 step  23,800/187,610 loss 0.01087 lr 1.42e-03 1,437,053 pos/s  271s
ep 1 step  24,000/187,610 loss 0.01088 lr 1.42e-03 1,438,587 pos/s  273s
ep 1 step  24,200/187,610 loss 0.01083 lr 1.43e-03 1,440,093 pos/s  275s
ep 1 step  24,400/187,610 loss 0.01082 lr 1.44e-03 1,441,607 pos/s  277s
ep 1 step  24,600/187,610 loss 0.01080 lr 1.44e-03 1,443,111 pos/s  279s
ep 1 step  24,800/187,610 loss 0.01076 lr 1.45e-03 1,444,560 pos/s  281s
ep 1 step  25,000/187,610 loss 0.01077 lr 1.46e-03 1,446,013 pos/s  283s
ep 1 step  25,200/187,610 loss 0.01074 lr 1.46e-03 1,447,514 pos/s  285s
ep 1 step  25,400/187,610 loss 0.01074 lr 1.47e-03 1,448,875 pos/s  287s
ep 1 step  25,600/187,610 loss 0.01074 lr 1.47e-03 1,450,264 pos/s  289s
ep 1 step  25,800/187,610 loss 0.01072 lr 1.48e-03 1,451,675 pos/s  291s
ep 1 step  26,000/187,610 loss 0.01074 lr 1.48e-03 1,452,971 pos/s  293s
ep 1 step  26,200/187,610 loss 0.01065 lr 1.48e-03 1,454,264 pos/s  295s
ep 1 step  26,400/187,610 loss 0.01067 lr 1.49e-03 1,455,638 pos/s  297s
ep 1 step  26,600/187,610 loss 0.01067 lr 1.49e-03 1,456,915 pos/s  299s
ep 1 step  26,800/187,610 loss 0.01063 lr 1.49e-03 1,458,239 pos/s  301s
ep 1 step  27,000/187,610 loss 0.01063 lr 1.49e-03 1,459,708 pos/s  303s
ep 1 step  27,200/187,610 loss 0.01065 lr 1.50e-03 1,461,039 pos/s  305s
ep 1 step  27,400/187,610 loss 0.01056 lr 1.50e-03 1,462,262 pos/s  307s
ep 1 step  27,600/187,610 loss 0.01059 lr 1.50e-03 1,463,629 pos/s  309s
ep 1 step  27,800/187,610 loss 0.01057 lr 1.50e-03 1,464,950 pos/s  311s
ep 1 step  28,000/187,610 loss 0.01055 lr 1.50e-03 1,466,110 pos/s  313s
ep 1 step  28,200/187,610 loss 0.01054 lr 1.50e-03 1,467,246 pos/s  315s
ep 1 step  28,400/187,610 loss 0.01048 lr 1.50e-03 1,468,475 pos/s  317s
ep 1 step  28,600/187,610 loss 0.01050 lr 1.50e-03 1,469,616 pos/s  319s
ep 1 step  28,800/187,610 loss 0.01047 lr 1.50e-03 1,470,720 pos/s  321s
ep 1 step  29,000/187,610 loss 0.01045 lr 1.50e-03 1,471,898 pos/s  323s
ep 1 step  29,200/187,610 loss 0.01047 lr 1.50e-03 1,473,223 pos/s  325s
ep 1 step  29,400/187,610 loss 0.01044 lr 1.50e-03 1,474,506 pos/s  327s
ep 1 step  29,600/187,610 loss 0.01042 lr 1.50e-03 1,475,764 pos/s  329s
ep 1 step  29,800/187,610 loss 0.01038 lr 1.50e-03 1,476,854 pos/s  331s
ep 1 step  30,000/187,610 loss 0.01037 lr 1.50e-03 1,477,908 pos/s  333s
ep 1 step  30,200/187,610 loss 0.01040 lr 1.50e-03 1,478,635 pos/s  335s
ep 1 step  30,400/187,610 loss 0.01034 lr 1.50e-03 1,479,792 pos/s  337s
ep 1 step  30,600/187,610 loss 0.01036 lr 1.50e-03 1,480,761 pos/s  339s
ep 1 step  30,800/187,610 loss 0.01032 lr 1.50e-03 1,481,866 pos/s  341s
ep 1 step  31,000/187,610 loss 0.01027 lr 1.50e-03 1,483,078 pos/s  342s
ep 1 step  31,200/187,610 loss 0.01028 lr 1.50e-03 1,484,202 pos/s  344s
ep 1 step  31,400/187,610 loss 0.01029 lr 1.50e-03 1,485,159 pos/s  346s
ep 1 step  31,600/187,610 loss 0.01025 lr 1.50e-03 1,486,128 pos/s  348s
ep 1 step  31,800/187,610 loss 0.01026 lr 1.50e-03 1,487,081 pos/s  350s
ep 1 step  32,000/187,610 loss 0.01023 lr 1.50e-03 1,488,008 pos/s  352s
ep 1 step  32,200/187,610 loss 0.01025 lr 1.50e-03 1,488,921 pos/s  354s
ep 1 step  32,400/187,610 loss 0.01022 lr 1.50e-03 1,489,812 pos/s  356s
ep 1 step  32,600/187,610 loss 0.01017 lr 1.50e-03 1,490,701 pos/s  358s
ep 1 step  32,800/187,610 loss 0.01019 lr 1.50e-03 1,491,583 pos/s  360s
ep 1 step  33,000/187,610 loss 0.01020 lr 1.50e-03 1,492,542 pos/s  362s
ep 1 step  33,200/187,610 loss 0.01016 lr 1.50e-03 1,493,572 pos/s  364s
ep 1 step  33,400/187,610 loss 0.01017 lr 1.50e-03 1,494,388 pos/s  366s
ep 1 step  33,600/187,610 loss 0.01012 lr 1.50e-03 1,495,055 pos/s  368s
ep 1 step  33,800/187,610 loss 0.01011 lr 1.50e-03 1,495,819 pos/s  370s
ep 1 step  34,000/187,610 loss 0.01011 lr 1.50e-03 1,496,663 pos/s  372s
ep 1 step  34,200/187,610 loss 0.01014 lr 1.49e-03 1,497,514 pos/s  374s
ep 1 step  34,400/187,610 loss 0.01011 lr 1.49e-03 1,498,350 pos/s  376s
ep 1 step  34,600/187,610 loss 0.01003 lr 1.49e-03 1,499,250 pos/s  378s
ep 1 step  34,800/187,610 loss 0.01009 lr 1.49e-03 1,500,112 pos/s  380s
ep 1 step  35,000/187,610 loss 0.01008 lr 1.49e-03 1,500,970 pos/s  382s
ep 1 step  35,200/187,610 loss 0.01006 lr 1.49e-03 1,501,768 pos/s  384s
ep 1 step  35,400/187,610 loss 0.01001 lr 1.49e-03 1,502,666 pos/s  386s
ep 1 step  35,600/187,610 loss 0.01004 lr 1.49e-03 1,503,635 pos/s  388s
ep 1 step  35,800/187,610 loss 0.01002 lr 1.49e-03 1,504,580 pos/s  390s
ep 1 step  36,000/187,610 loss 0.01001 lr 1.49e-03 1,505,529 pos/s  392s
ep 1 step  36,200/187,610 loss 0.00997 lr 1.49e-03 1,506,376 pos/s  394s
ep 1 step  36,400/187,610 loss 0.00998 lr 1.49e-03 1,507,113 pos/s  396s
ep 1 step  36,600/187,610 loss 0.00998 lr 1.49e-03 1,507,869 pos/s  398s
ep 1 step  36,800/187,610 loss 0.00995 lr 1.49e-03 1,508,616 pos/s  400s
ep 1 step  37,000/187,610 loss 0.00996 lr 1.49e-03 1,509,376 pos/s  402s
ep 1 step  37,200/187,610 loss 0.00996 lr 1.49e-03 1,510,110 pos/s  404s
ep 1 step  37,400/187,610 loss 0.00991 lr 1.49e-03 1,510,828 pos/s  406s
== epoch 1 done | val_loss 0.01589 | MAE 138.3 cp | sign 91.0% | 407s
ep 2 step  37,600/187,610 loss 0.00939 lr 1.49e-03 1,451,523 pos/s  424s
ep 2 step  37,800/187,610 loss 0.00935 lr 1.49e-03 1,452,496 pos/s  426s
ep 2 step  38,000/187,610 loss 0.00935 lr 1.49e-03 1,453,428 pos/s  428s
ep 2 step  38,200/187,610 loss 0.00940 lr 1.49e-03 1,454,362 pos/s  430s
ep 2 step  38,400/187,610 loss 0.00938 lr 1.48e-03 1,455,283 pos/s  432s
ep 2 step  38,600/187,610 loss 0.00940 lr 1.48e-03 1,456,165 pos/s  434s
ep 2 step  38,800/187,610 loss 0.00939 lr 1.48e-03 1,457,058 pos/s  436s
ep 2 step  39,000/187,610 loss 0.00942 lr 1.48e-03 1,457,935 pos/s  438s
ep 2 step  39,200/187,610 loss 0.00941 lr 1.48e-03 1,458,848 pos/s  440s
ep 2 step  39,400/187,610 loss 0.00942 lr 1.48e-03 1,459,758 pos/s  442s
ep 2 step  39,600/187,610 loss 0.00946 lr 1.48e-03 1,460,607 pos/s  444s
ep 2 step  39,800/187,610 loss 0.00943 lr 1.48e-03 1,461,524 pos/s  446s
ep 2 step  40,000/187,610 loss 0.00943 lr 1.48e-03 1,462,442 pos/s  448s
ep 2 step  40,200/187,610 loss 0.00944 lr 1.48e-03 1,463,329 pos/s  450s
ep 2 step  40,400/187,610 loss 0.00941 lr 1.48e-03 1,464,078 pos/s  452s
ep 2 step  40,600/187,610 loss 0.00947 lr 1.48e-03 1,464,882 pos/s  454s
ep 2 step  40,800/187,610 loss 0.00940 lr 1.48e-03 1,465,700 pos/s  456s
ep 2 step  41,000/187,610 loss 0.00943 lr 1.48e-03 1,466,469 pos/s  458s
ep 2 step  41,200/187,610 loss 0.00944 lr 1.48e-03 1,467,273 pos/s  460s
ep 2 step  41,400/187,610 loss 0.00944 lr 1.47e-03 1,468,065 pos/s  462s
ep 2 step  41,600/187,610 loss 0.00943 lr 1.47e-03 1,468,923 pos/s  464s
ep 2 step  41,800/187,610 loss 0.00945 lr 1.47e-03 1,469,854 pos/s  466s
ep 2 step  42,000/187,610 loss 0.00939 lr 1.47e-03 1,470,625 pos/s  468s
ep 2 step  42,200/187,610 loss 0.00943 lr 1.47e-03 1,471,372 pos/s  470s
ep 2 step  42,400/187,610 loss 0.00942 lr 1.47e-03 1,472,113 pos/s  472s
ep 2 step  42,600/187,610 loss 0.00941 lr 1.47e-03 1,472,851 pos/s  474s
ep 2 step  42,800/187,610 loss 0.00940 lr 1.47e-03 1,473,579 pos/s  476s
ep 2 step  43,000/187,610 loss 0.00937 lr 1.47e-03 1,474,295 pos/s  478s
ep 2 step  43,200/187,610 loss 0.00943 lr 1.47e-03 1,475,008 pos/s  480s
ep 2 step  43,400/187,610 loss 0.00938 lr 1.47e-03 1,475,695 pos/s  482s
ep 2 step  43,600/187,610 loss 0.00940 lr 1.47e-03 1,476,415 pos/s  484s
ep 2 step  43,800/187,610 loss 0.00940 lr 1.46e-03 1,477,101 pos/s  486s
ep 2 step  44,000/187,610 loss 0.00941 lr 1.46e-03 1,477,800 pos/s  488s
ep 2 step  44,200/187,610 loss 0.00943 lr 1.46e-03 1,478,463 pos/s  490s
ep 2 step  44,400/187,610 loss 0.00939 lr 1.46e-03 1,479,125 pos/s  492s
ep 2 step  44,600/187,610 loss 0.00942 lr 1.46e-03 1,479,867 pos/s  494s
ep 2 step  44,800/187,610 loss 0.00941 lr 1.46e-03 1,480,686 pos/s  496s
ep 2 step  45,000/187,610 loss 0.00940 lr 1.46e-03 1,481,352 pos/s  498s
ep 2 step  45,200/187,610 loss 0.00941 lr 1.46e-03 1,481,998 pos/s  500s
ep 2 step  45,400/187,610 loss 0.00939 lr 1.46e-03 1,482,649 pos/s  502s
ep 2 step  45,600/187,610 loss 0.00936 lr 1.46e-03 1,483,298 pos/s  504s
ep 2 step  45,800/187,610 loss 0.00935 lr 1.46e-03 1,483,958 pos/s  506s
ep 2 step  46,000/187,610 loss 0.00937 lr 1.45e-03 1,484,611 pos/s  508s
ep 2 step  46,200/187,610 loss 0.00939 lr 1.45e-03 1,485,256 pos/s  510s
ep 2 step  46,400/187,610 loss 0.00939 lr 1.45e-03 1,485,907 pos/s  512s
ep 2 step  46,600/187,610 loss 0.00936 lr 1.45e-03 1,486,632 pos/s  514s
ep 2 step  46,800/187,610 loss 0.00938 lr 1.45e-03 1,487,345 pos/s  516s
ep 2 step  47,000/187,610 loss 0.00933 lr 1.45e-03 1,488,038 pos/s  517s
ep 2 step  47,200/187,610 loss 0.00941 lr 1.45e-03 1,488,673 pos/s  519s
ep 2 step  47,400/187,610 loss 0.00934 lr 1.45e-03 1,489,307 pos/s  521s
ep 2 step  47,600/187,610 loss 0.00934 lr 1.45e-03 1,489,893 pos/s  523s
ep 2 step  47,800/187,610 loss 0.00934 lr 1.44e-03 1,490,471 pos/s  525s
ep 2 step  48,000/187,610 loss 0.00930 lr 1.44e-03 1,491,059 pos/s  527s
ep 2 step  48,200/187,610 loss 0.00931 lr 1.44e-03 1,491,619 pos/s  529s
ep 2 step  48,400/187,610 loss 0.00932 lr 1.44e-03 1,492,235 pos/s  531s
ep 2 step  48,600/187,610 loss 0.00932 lr 1.44e-03 1,492,867 pos/s  533s
ep 2 step  48,800/187,610 loss 0.00929 lr 1.44e-03 1,493,517 pos/s  535s
ep 2 step  49,000/187,610 loss 0.00931 lr 1.44e-03 1,494,190 pos/s  537s
ep 2 step  49,200/187,610 loss 0.00933 lr 1.44e-03 1,494,882 pos/s  539s
ep 2 step  49,400/187,610 loss 0.00933 lr 1.44e-03 1,495,483 pos/s  541s
ep 2 step  49,600/187,610 loss 0.00934 lr 1.43e-03 1,496,083 pos/s  543s
ep 2 step  49,800/187,610 loss 0.00929 lr 1.43e-03 1,496,627 pos/s  545s
ep 2 step  50,000/187,610 loss 0.00931 lr 1.43e-03 1,497,211 pos/s  547s
ep 2 step  50,200/187,610 loss 0.00930 lr 1.43e-03 1,497,820 pos/s  549s
ep 2 step  50,400/187,610 loss 0.00930 lr 1.43e-03 1,498,401 pos/s  551s
ep 2 step  50,600/187,610 loss 0.00930 lr 1.43e-03 1,498,952 pos/s  553s
ep 2 step  50,800/187,610 loss 0.00930 lr 1.43e-03 1,499,425 pos/s  555s
ep 2 step  51,000/187,610 loss 0.00928 lr 1.43e-03 1,499,916 pos/s  557s
ep 2 step  51,200/187,610 loss 0.00925 lr 1.42e-03 1,500,339 pos/s  559s
ep 2 step  51,400/187,610 loss 0.00927 lr 1.42e-03 1,500,863 pos/s  561s
ep 2 step  51,600/187,610 loss 0.00928 lr 1.42e-03 1,501,390 pos/s  563s
ep 2 step  51,800/187,610 loss 0.00927 lr 1.42e-03 1,501,788 pos/s  565s
ep 2 step  52,000/187,610 loss 0.00925 lr 1.42e-03 1,502,231 pos/s  567s
ep 2 step  52,200/187,610 loss 0.00928 lr 1.42e-03 1,502,865 pos/s  569s
ep 2 step  52,400/187,610 loss 0.00926 lr 1.42e-03 1,503,438 pos/s  571s
ep 2 step  52,600/187,610 loss 0.00922 lr 1.41e-03 1,503,941 pos/s  573s
ep 2 step  52,800/187,610 loss 0.00922 lr 1.41e-03 1,504,442 pos/s  575s
ep 2 step  53,000/187,610 loss 0.00922 lr 1.41e-03 1,504,981 pos/s  577s
ep 2 step  53,200/187,610 loss 0.00923 lr 1.41e-03 1,505,459 pos/s  579s
ep 2 step  53,400/187,610 loss 0.00928 lr 1.41e-03 1,505,737 pos/s  581s
ep 2 step  53,600/187,610 loss 0.00923 lr 1.41e-03 1,506,322 pos/s  583s
ep 2 step  53,800/187,610 loss 0.00923 lr 1.41e-03 1,506,911 pos/s  585s
ep 2 step  54,000/187,610 loss 0.00918 lr 1.40e-03 1,507,392 pos/s  587s
ep 2 step  54,200/187,610 loss 0.00920 lr 1.40e-03 1,507,883 pos/s  589s
ep 2 step  54,400/187,610 loss 0.00922 lr 1.40e-03 1,508,417 pos/s  591s
ep 2 step  54,600/187,610 loss 0.00920 lr 1.40e-03 1,508,996 pos/s  593s
ep 2 step  54,800/187,610 loss 0.00920 lr 1.40e-03 1,509,435 pos/s  595s
ep 2 step  55,000/187,610 loss 0.00920 lr 1.40e-03 1,510,036 pos/s  597s
ep 2 step  55,200/187,610 loss 0.00922 lr 1.40e-03 1,510,630 pos/s  599s
ep 2 step  55,400/187,610 loss 0.00919 lr 1.39e-03 1,511,228 pos/s  601s
ep 2 step  55,600/187,610 loss 0.00920 lr 1.39e-03 1,511,758 pos/s  603s
ep 2 step  55,800/187,610 loss 0.00918 lr 1.39e-03 1,512,235 pos/s  605s
ep 2 step  56,000/187,610 loss 0.00914 lr 1.39e-03 1,512,690 pos/s  607s
ep 2 step  56,200/187,610 loss 0.00914 lr 1.39e-03 1,513,200 pos/s  608s
== epoch 2 done | val_loss 0.01523 | MAE 135.7 cp | sign 91.4% | 610s
ep 3 step  56,400/187,610 loss 0.00852 lr 1.39e-03 1,473,586 pos/s  627s
ep 3 step  56,600/187,610 loss 0.00850 lr 1.39e-03 1,474,239 pos/s  629s
ep 3 step  56,800/187,610 loss 0.00851 lr 1.38e-03 1,474,837 pos/s  631s
ep 3 step  57,000/187,610 loss 0.00853 lr 1.38e-03 1,475,410 pos/s  633s
ep 3 step  57,200/187,610 loss 0.00854 lr 1.38e-03 1,475,957 pos/s  635s
ep 3 step  57,400/187,610 loss 0.00854 lr 1.38e-03 1,476,554 pos/s  637s
ep 3 step  57,600/187,610 loss 0.00856 lr 1.38e-03 1,477,130 pos/s  639s
ep 3 step  57,800/187,610 loss 0.00856 lr 1.38e-03 1,477,793 pos/s  641s
ep 3 step  58,000/187,610 loss 0.00857 lr 1.37e-03 1,478,454 pos/s  643s
ep 3 step  58,200/187,610 loss 0.00862 lr 1.37e-03 1,479,120 pos/s  645s
ep 3 step  58,400/187,610 loss 0.00862 lr 1.37e-03 1,479,772 pos/s  647s
ep 3 step  58,600/187,610 loss 0.00861 lr 1.37e-03 1,480,427 pos/s  649s
ep 3 step  58,800/187,610 loss 0.00865 lr 1.37e-03 1,480,982 pos/s  651s
ep 3 step  59,000/187,610 loss 0.00866 lr 1.37e-03 1,481,555 pos/s  652s
ep 3 step  59,200/187,610 loss 0.00863 lr 1.36e-03 1,482,064 pos/s  654s
ep 3 step  59,400/187,610 loss 0.00863 lr 1.36e-03 1,482,592 pos/s  656s
ep 3 step  59,600/187,610 loss 0.00862 lr 1.36e-03 1,483,161 pos/s  658s
ep 3 step  59,800/187,610 loss 0.00865 lr 1.36e-03 1,483,661 pos/s  660s
ep 3 step  60,000/187,610 loss 0.00863 lr 1.36e-03 1,484,165 pos/s  662s
ep 3 step  60,200/187,610 loss 0.00867 lr 1.36e-03 1,484,706 pos/s  664s
ep 3 step  60,400/187,610 loss 0.00864 lr 1.35e-03 1,485,246 pos/s  666s
ep 3 step  60,600/187,610 loss 0.00866 lr 1.35e-03 1,485,767 pos/s  668s
ep 3 step  60,800/187,610 loss 0.00867 lr 1.35e-03 1,486,351 pos/s  670s
ep 3 step  61,000/187,610 loss 0.00866 lr 1.35e-03 1,486,941 pos/s  672s
ep 3 step  61,200/187,610 loss 0.00868 lr 1.35e-03 1,487,495 pos/s  674s
ep 3 step  61,400/187,610 loss 0.00867 lr 1.34e-03 1,488,082 pos/s  676s
ep 3 step  61,600/187,610 loss 0.00865 lr 1.34e-03 1,488,575 pos/s  678s
ep 3 step  61,800/187,610 loss 0.00868 lr 1.34e-03 1,489,025 pos/s  680s
ep 3 step  62,000/187,610 loss 0.00869 lr 1.34e-03 1,489,496 pos/s  682s
ep 3 step  62,200/187,610 loss 0.00867 lr 1.34e-03 1,489,958 pos/s  684s
ep 3 step  62,400/187,610 loss 0.00870 lr 1.34e-03 1,490,465 pos/s  686s
ep 3 step  62,600/187,610 loss 0.00864 lr 1.33e-03 1,491,036 pos/s  688s
ep 3 step  62,800/187,610 loss 0.00864 lr 1.33e-03 1,491,516 pos/s  690s
ep 3 step  63,000/187,610 loss 0.00870 lr 1.33e-03 1,491,971 pos/s  692s
ep 3 step  63,200/187,610 loss 0.00869 lr 1.33e-03 1,492,466 pos/s  694s
ep 3 step  63,400/187,610 loss 0.00867 lr 1.33e-03 1,492,938 pos/s  696s
ep 3 step  63,600/187,610 loss 0.00867 lr 1.32e-03 1,493,455 pos/s  698s
ep 3 step  63,800/187,610 loss 0.00868 lr 1.32e-03 1,493,981 pos/s  700s
ep 3 step  64,000/187,610 loss 0.00867 lr 1.32e-03 1,494,520 pos/s  702s
ep 3 step  64,200/187,610 loss 0.00871 lr 1.32e-03 1,494,953 pos/s  704s
ep 3 step  64,400/187,610 loss 0.00872 lr 1.32e-03 1,495,443 pos/s  706s
ep 3 step  64,600/187,610 loss 0.00867 lr 1.31e-03 1,495,906 pos/s  708s
ep 3 step  64,800/187,610 loss 0.00871 lr 1.31e-03 1,496,411 pos/s  709s
ep 3 step  65,000/187,610 loss 0.00867 lr 1.31e-03 1,496,865 pos/s  711s
ep 3 step  65,200/187,610 loss 0.00867 lr 1.31e-03 1,497,307 pos/s  713s
ep 3 step  65,400/187,610 loss 0.00869 lr 1.31e-03 1,497,804 pos/s  715s
ep 3 step  65,600/187,610 loss 0.00872 lr 1.30e-03 1,498,272 pos/s  717s
ep 3 step  65,800/187,610 loss 0.00868 lr 1.30e-03 1,498,700 pos/s  719s
ep 3 step  66,000/187,610 loss 0.00871 lr 1.30e-03 1,499,063 pos/s  721s
ep 3 step  66,200/187,610 loss 0.00870 lr 1.30e-03 1,499,501 pos/s  723s
ep 3 step  66,400/187,610 loss 0.00870 lr 1.30e-03 1,499,897 pos/s  725s
ep 3 step  66,600/187,610 loss 0.00867 lr 1.29e-03 1,500,313 pos/s  727s
ep 3 step  66,800/187,610 loss 0.00870 lr 1.29e-03 1,500,684 pos/s  729s
ep 3 step  67,000/187,610 loss 0.00868 lr 1.29e-03 1,501,057 pos/s  731s
ep 3 step  67,200/187,610 loss 0.00867 lr 1.29e-03 1,501,474 pos/s  733s
ep 3 step  67,400/187,610 loss 0.00868 lr 1.29e-03 1,501,865 pos/s  735s
ep 3 step  67,600/187,610 loss 0.00868 lr 1.28e-03 1,502,281 pos/s  737s
ep 3 step  67,800/187,610 loss 0.00869 lr 1.28e-03 1,502,696 pos/s  739s
ep 3 step  68,000/187,610 loss 0.00869 lr 1.28e-03 1,503,153 pos/s  741s
ep 3 step  68,200/187,610 loss 0.00868 lr 1.28e-03 1,503,563 pos/s  743s
ep 3 step  68,400/187,610 loss 0.00870 lr 1.28e-03 1,503,943 pos/s  745s
ep 3 step  68,600/187,610 loss 0.00869 lr 1.27e-03 1,504,277 pos/s  747s
ep 3 step  68,800/187,610 loss 0.00868 lr 1.27e-03 1,504,610 pos/s  749s
ep 3 step  69,000/187,610 loss 0.00870 lr 1.27e-03 1,505,059 pos/s  751s
ep 3 step  69,200/187,610 loss 0.00867 lr 1.27e-03 1,505,495 pos/s  753s
ep 3 step  69,400/187,610 loss 0.00864 lr 1.27e-03 1,505,971 pos/s  755s
ep 3 step  69,600/187,610 loss 0.00866 lr 1.26e-03 1,506,413 pos/s  757s
ep 3 step  69,800/187,610 loss 0.00870 lr 1.26e-03 1,506,794 pos/s  759s
ep 3 step  70,000/187,610 loss 0.00865 lr 1.26e-03 1,507,158 pos/s  761s
ep 3 step  70,200/187,610 loss 0.00868 lr 1.26e-03 1,507,557 pos/s  763s
ep 3 step  70,400/187,610 loss 0.00866 lr 1.25e-03 1,507,923 pos/s  765s
ep 3 step  70,600/187,610 loss 0.00864 lr 1.25e-03 1,508,300 pos/s  767s
ep 3 step  70,800/187,610 loss 0.00862 lr 1.25e-03 1,508,694 pos/s  769s
ep 3 step  71,000/187,610 loss 0.00864 lr 1.25e-03 1,509,067 pos/s  771s
ep 3 step  71,200/187,610 loss 0.00865 lr 1.25e-03 1,509,436 pos/s  773s
ep 3 step  71,400/187,610 loss 0.00866 lr 1.24e-03 1,509,830 pos/s  775s
ep 3 step  71,600/187,610 loss 0.00868 lr 1.24e-03 1,510,240 pos/s  777s
ep 3 step  71,800/187,610 loss 0.00864 lr 1.24e-03 1,510,675 pos/s  779s
ep 3 step  72,000/187,610 loss 0.00866 lr 1.24e-03 1,511,062 pos/s  781s
ep 3 step  72,200/187,610 loss 0.00865 lr 1.23e-03 1,511,423 pos/s  783s
ep 3 step  72,400/187,610 loss 0.00864 lr 1.23e-03 1,511,805 pos/s  785s
ep 3 step  72,600/187,610 loss 0.00864 lr 1.23e-03 1,512,226 pos/s  787s
ep 3 step  72,800/187,610 loss 0.00862 lr 1.23e-03 1,512,661 pos/s  789s
ep 3 step  73,000/187,610 loss 0.00864 lr 1.23e-03 1,513,076 pos/s  790s
ep 3 step  73,200/187,610 loss 0.00865 lr 1.22e-03 1,513,470 pos/s  792s
ep 3 step  73,400/187,610 loss 0.00865 lr 1.22e-03 1,513,843 pos/s  794s
ep 3 step  73,600/187,610 loss 0.00863 lr 1.22e-03 1,514,126 pos/s  796s
ep 3 step  73,800/187,610 loss 0.00860 lr 1.22e-03 1,514,426 pos/s  798s
ep 3 step  74,000/187,610 loss 0.00863 lr 1.21e-03 1,514,727 pos/s  800s
ep 3 step  74,200/187,610 loss 0.00863 lr 1.21e-03 1,515,110 pos/s  802s
ep 3 step  74,400/187,610 loss 0.00865 lr 1.21e-03 1,515,440 pos/s  804s
ep 3 step  74,600/187,610 loss 0.00861 lr 1.21e-03 1,515,806 pos/s  806s
ep 3 step  74,800/187,610 loss 0.00860 lr 1.20e-03 1,516,156 pos/s  808s
ep 3 step  75,000/187,610 loss 0.00865 lr 1.20e-03 1,516,480 pos/s  810s
== epoch 3 done | val_loss 0.01495 | MAE 134.7 cp | sign 91.8% | 811s
ep 4 step  75,200/187,610 loss 0.00794 lr 1.20e-03 1,486,218 pos/s  829s
ep 4 step  75,400/187,610 loss 0.00796 lr 1.20e-03 1,486,644 pos/s  831s
ep 4 step  75,600/187,610 loss 0.00798 lr 1.20e-03 1,487,046 pos/s  833s
ep 4 step  75,800/187,610 loss 0.00798 lr 1.19e-03 1,487,433 pos/s  835s
ep 4 step  76,000/187,610 loss 0.00798 lr 1.19e-03 1,487,835 pos/s  837s
ep 4 step  76,200/187,610 loss 0.00799 lr 1.19e-03 1,488,237 pos/s  839s
ep 4 step  76,400/187,610 loss 0.00800 lr 1.19e-03 1,488,610 pos/s  841s
ep 4 step  76,600/187,610 loss 0.00803 lr 1.18e-03 1,489,050 pos/s  843s
ep 4 step  76,800/187,610 loss 0.00802 lr 1.18e-03 1,489,442 pos/s  845s
ep 4 step  77,000/187,610 loss 0.00803 lr 1.18e-03 1,489,893 pos/s  847s
ep 4 step  77,200/187,610 loss 0.00805 lr 1.18e-03 1,490,301 pos/s  849s
ep 4 step  77,400/187,610 loss 0.00803 lr 1.17e-03 1,490,668 pos/s  851s
ep 4 step  77,600/187,610 loss 0.00804 lr 1.17e-03 1,491,079 pos/s  853s
ep 4 step  77,800/187,610 loss 0.00804 lr 1.17e-03 1,491,459 pos/s  855s
ep 4 step  78,000/187,610 loss 0.00809 lr 1.17e-03 1,491,845 pos/s  857s
ep 4 step  78,200/187,610 loss 0.00806 lr 1.16e-03 1,492,215 pos/s  859s
ep 4 step  78,400/187,610 loss 0.00809 lr 1.16e-03 1,492,657 pos/s  861s
ep 4 step  78,600/187,610 loss 0.00810 lr 1.16e-03 1,493,101 pos/s  862s
ep 4 step  78,800/187,610 loss 0.00808 lr 1.16e-03 1,493,559 pos/s  864s
ep 4 step  79,000/187,610 loss 0.00809 lr 1.15e-03 1,494,013 pos/s  866s
ep 4 step  79,200/187,610 loss 0.00809 lr 1.15e-03 1,494,458 pos/s  868s
ep 4 step  79,400/187,610 loss 0.00811 lr 1.15e-03 1,494,897 pos/s  870s
ep 4 step  79,600/187,610 loss 0.00812 lr 1.15e-03 1,495,319 pos/s  872s
ep 4 step  79,800/187,610 loss 0.00812 lr 1.14e-03 1,495,684 pos/s  874s
ep 4 step  80,000/187,610 loss 0.00814 lr 1.14e-03 1,496,030 pos/s  876s
ep 4 step  80,200/187,610 loss 0.00811 lr 1.14e-03 1,496,397 pos/s  878s
ep 4 step  80,400/187,610 loss 0.00810 lr 1.14e-03 1,496,752 pos/s  880s
ep 4 step  80,600/187,610 loss 0.00811 lr 1.13e-03 1,497,113 pos/s  882s
ep 4 step  80,800/187,610 loss 0.00813 lr 1.13e-03 1,497,464 pos/s  884s
ep 4 step  81,000/187,610 loss 0.00814 lr 1.13e-03 1,497,895 pos/s  886s
ep 4 step  81,200/187,610 loss 0.00811 lr 1.13e-03 1,498,268 pos/s  888s
ep 4 step  81,400/187,610 loss 0.00811 lr 1.12e-03 1,498,607 pos/s  890s
ep 4 step  81,600/187,610 loss 0.00812 lr 1.12e-03 1,498,943 pos/s  892s
ep 4 step  81,800/187,610 loss 0.00814 lr 1.12e-03 1,499,275 pos/s  894s
ep 4 step  82,000/187,610 loss 0.00813 lr 1.12e-03 1,499,607 pos/s  896s
ep 4 step  82,200/187,610 loss 0.00817 lr 1.11e-03 1,499,951 pos/s  898s
ep 4 step  82,400/187,610 loss 0.00815 lr 1.11e-03 1,500,280 pos/s  900s
ep 4 step  82,600/187,610 loss 0.00815 lr 1.11e-03 1,500,700 pos/s  902s
ep 4 step  82,800/187,610 loss 0.00811 lr 1.11e-03 1,501,123 pos/s  904s
ep 4 step  83,000/187,610 loss 0.00813 lr 1.10e-03 1,501,476 pos/s  906s
ep 4 step  83,200/187,610 loss 0.00815 lr 1.10e-03 1,501,796 pos/s  908s
ep 4 step  83,400/187,610 loss 0.00815 lr 1.10e-03 1,502,111 pos/s  910s
ep 4 step  83,600/187,610 loss 0.00817 lr 1.10e-03 1,502,508 pos/s  912s
ep 4 step  83,800/187,610 loss 0.00816 lr 1.09e-03 1,502,919 pos/s  914s
ep 4 step  84,000/187,610 loss 0.00814 lr 1.09e-03 1,503,255 pos/s  916s
ep 4 step  84,200/187,610 loss 0.00817 lr 1.09e-03 1,503,577 pos/s  918s
ep 4 step  84,400/187,610 loss 0.00815 lr 1.08e-03 1,503,918 pos/s  919s
ep 4 step  84,600/187,610 loss 0.00816 lr 1.08e-03 1,504,228 pos/s  921s
ep 4 step  84,800/187,610 loss 0.00814 lr 1.08e-03 1,504,559 pos/s  923s
ep 4 step  85,000/187,610 loss 0.00817 lr 1.08e-03 1,504,879 pos/s  925s
ep 4 step  85,200/187,610 loss 0.00815 lr 1.07e-03 1,505,246 pos/s  927s
ep 4 step  85,400/187,610 loss 0.00816 lr 1.07e-03 1,505,561 pos/s  929s
ep 4 step  85,600/187,610 loss 0.00816 lr 1.07e-03 1,505,841 pos/s  931s
ep 4 step  85,800/187,610 loss 0.00816 lr 1.07e-03 1,506,137 pos/s  933s
ep 4 step  86,000/187,610 loss 0.00813 lr 1.06e-03 1,506,281 pos/s  935s
ep 4 step  86,200/187,610 loss 0.00815 lr 1.06e-03 1,506,580 pos/s  937s
ep 4 step  86,400/187,610 loss 0.00815 lr 1.06e-03 1,506,881 pos/s  939s
ep 4 step  86,600/187,610 loss 0.00815 lr 1.06e-03 1,507,260 pos/s  941s
ep 4 step  86,800/187,610 loss 0.00814 lr 1.05e-03 1,507,602 pos/s  943s
ep 4 step  87,000/187,610 loss 0.00813 lr 1.05e-03 1,507,904 pos/s  945s
ep 4 step  87,200/187,610 loss 0.00814 lr 1.05e-03 1,508,198 pos/s  947s
ep 4 step  87,400/187,610 loss 0.00815 lr 1.04e-03 1,508,519 pos/s  949s
ep 4 step  87,600/187,610 loss 0.00814 lr 1.04e-03 1,508,895 pos/s  951s
ep 4 step  87,800/187,610 loss 0.00816 lr 1.04e-03 1,509,197 pos/s  953s
ep 4 step  88,000/187,610 loss 0.00817 lr 1.04e-03 1,509,480 pos/s  955s
ep 4 step  88,200/187,610 loss 0.00814 lr 1.03e-03 1,509,769 pos/s  957s
ep 4 step  88,400/187,610 loss 0.00816 lr 1.03e-03 1,510,063 pos/s  959s
ep 4 step  88,600/187,610 loss 0.00814 lr 1.03e-03 1,510,357 pos/s  961s
ep 4 step  88,800/187,610 loss 0.00815 lr 1.03e-03 1,510,659 pos/s  963s
ep 4 step  89,000/187,610 loss 0.00814 lr 1.02e-03 1,510,950 pos/s  965s
ep 4 step  89,200/187,610 loss 0.00815 lr 1.02e-03 1,511,231 pos/s  967s
ep 4 step  89,400/187,610 loss 0.00814 lr 1.02e-03 1,511,526 pos/s  969s
ep 4 step  89,600/187,610 loss 0.00816 lr 1.01e-03 1,511,809 pos/s  971s
ep 4 step  89,800/187,610 loss 0.00813 lr 1.01e-03 1,512,092 pos/s  973s
ep 4 step  90,000/187,610 loss 0.00815 lr 1.01e-03 1,512,397 pos/s  975s
ep 4 step  90,200/187,610 loss 0.00814 lr 1.01e-03 1,512,676 pos/s  977s
ep 4 step  90,400/187,610 loss 0.00814 lr 1.00e-03 1,513,001 pos/s  979s
ep 4 step  90,600/187,610 loss 0.00815 lr 1.00e-03 1,513,341 pos/s  981s
ep 4 step  90,800/187,610 loss 0.00814 lr 9.98e-04 1,513,599 pos/s  983s
ep 4 step  91,000/187,610 loss 0.00813 lr 9.95e-04 1,513,939 pos/s  985s
ep 4 step  91,200/187,610 loss 0.00813 lr 9.92e-04 1,514,218 pos/s  987s
ep 4 step  91,400/187,610 loss 0.00812 lr 9.89e-04 1,514,485 pos/s  989s
ep 4 step  91,600/187,610 loss 0.00815 lr 9.86e-04 1,514,751 pos/s  991s
ep 4 step  91,800/187,610 loss 0.00813 lr 9.84e-04 1,515,017 pos/s  993s
ep 4 step  92,000/187,610 loss 0.00816 lr 9.81e-04 1,515,291 pos/s  995s
ep 4 step  92,200/187,610 loss 0.00810 lr 9.78e-04 1,515,552 pos/s  997s
ep 4 step  92,400/187,610 loss 0.00812 lr 9.75e-04 1,515,837 pos/s  999s
ep 4 step  92,600/187,610 loss 0.00812 lr 9.72e-04 1,516,099 pos/s  1001s
ep 4 step  92,800/187,610 loss 0.00810 lr 9.69e-04 1,516,373 pos/s  1003s
ep 4 step  93,000/187,610 loss 0.00814 lr 9.67e-04 1,516,625 pos/s  1005s
ep 4 step  93,200/187,610 loss 0.00812 lr 9.64e-04 1,516,885 pos/s  1007s
ep 4 step  93,400/187,610 loss 0.00811 lr 9.61e-04 1,517,150 pos/s  1009s
ep 4 step  93,600/187,610 loss 0.00813 lr 9.58e-04 1,517,407 pos/s  1011s
ep 4 step  93,800/187,610 loss 0.00812 lr 9.55e-04 1,517,684 pos/s  1013s
== epoch 4 done | val_loss 0.01468 | MAE 133.6 cp | sign 92.0% | 1013s
ep 5 step  94,000/187,610 loss 0.00749 lr 9.52e-04 1,493,519 pos/s  1031s
ep 5 step  94,200/187,610 loss 0.00749 lr 9.50e-04 1,493,840 pos/s  1033s
ep 5 step  94,400/187,610 loss 0.00749 lr 9.47e-04 1,494,181 pos/s  1035s
ep 5 step  94,600/187,610 loss 0.00750 lr 9.44e-04 1,494,561 pos/s  1037s
ep 5 step  94,800/187,610 loss 0.00753 lr 9.41e-04 1,494,870 pos/s  1039s
ep 5 step  95,000/187,610 loss 0.00750 lr 9.38e-04 1,495,178 pos/s  1041s
ep 5 step  95,200/187,610 loss 0.00753 lr 9.35e-04 1,495,525 pos/s  1043s
ep 5 step  95,400/187,610 loss 0.00754 lr 9.32e-04 1,495,854 pos/s  1045s
ep 5 step  95,600/187,610 loss 0.00756 lr 9.30e-04 1,496,191 pos/s  1047s
ep 5 step  95,800/187,610 loss 0.00756 lr 9.27e-04 1,496,526 pos/s  1049s
ep 5 step  96,000/187,610 loss 0.00756 lr 9.24e-04 1,496,850 pos/s  1051s
ep 5 step  96,200/187,610 loss 0.00756 lr 9.21e-04 1,497,207 pos/s  1053s
ep 5 step  96,400/187,610 loss 0.00760 lr 9.18e-04 1,497,554 pos/s  1055s
ep 5 step  96,600/187,610 loss 0.00755 lr 9.15e-04 1,497,877 pos/s  1057s
ep 5 step  96,800/187,610 loss 0.00759 lr 9.12e-04 1,498,222 pos/s  1059s
ep 5 step  97,000/187,610 loss 0.00760 lr 9.09e-04 1,498,558 pos/s  1061s
ep 5 step  97,200/187,610 loss 0.00758 lr 9.07e-04 1,498,876 pos/s  1062s
ep 5 step  97,400/187,610 loss 0.00759 lr 9.04e-04 1,499,191 pos/s  1064s
ep 5 step  97,600/187,610 loss 0.00761 lr 9.01e-04 1,499,506 pos/s  1066s
ep 5 step  97,800/187,610 loss 0.00762 lr 8.98e-04 1,499,843 pos/s  1068s
ep 5 step  98,000/187,610 loss 0.00761 lr 8.95e-04 1,500,200 pos/s  1070s
ep 5 step  98,200/187,610 loss 0.00763 lr 8.92e-04 1,500,495 pos/s  1072s
ep 5 step  98,400/187,610 loss 0.00761 lr 8.89e-04 1,500,780 pos/s  1074s
ep 5 step  98,600/187,610 loss 0.00766 lr 8.86e-04 1,501,086 pos/s  1076s
ep 5 step  98,800/187,610 loss 0.00762 lr 8.83e-04 1,501,403 pos/s  1078s
ep 5 step  99,000/187,610 loss 0.00764 lr 8.80e-04 1,501,698 pos/s  1080s
ep 5 step  99,200/187,610 loss 0.00765 lr 8.78e-04 1,502,001 pos/s  1082s
ep 5 step  99,400/187,610 loss 0.00763 lr 8.75e-04 1,502,274 pos/s  1084s
ep 5 step  99,600/187,610 loss 0.00764 lr 8.72e-04 1,502,567 pos/s  1086s
ep 5 step  99,800/187,610 loss 0.00765 lr 8.69e-04 1,502,893 pos/s  1088s
ep 5 step 100,000/187,610 loss 0.00764 lr 8.66e-04 1,503,214 pos/s  1090s
ep 5 step 100,200/187,610 loss 0.00767 lr 8.63e-04 1,503,447 pos/s  1092s
ep 5 step 100,400/187,610 loss 0.00763 lr 8.60e-04 1,503,619 pos/s  1094s
ep 5 step 100,600/187,610 loss 0.00768 lr 8.57e-04 1,503,728 pos/s  1096s
ep 5 step 100,800/187,610 loss 0.00765 lr 8.54e-04 1,503,832 pos/s  1098s
ep 5 step 101,000/187,610 loss 0.00766 lr 8.51e-04 1,503,969 pos/s  1100s
ep 5 step 101,200/187,610 loss 0.00767 lr 8.48e-04 1,504,124 pos/s  1102s
ep 5 step 101,400/187,610 loss 0.00766 lr 8.45e-04 1,504,334 pos/s  1104s
ep 5 step 101,600/187,610 loss 0.00766 lr 8.42e-04 1,504,530 pos/s  1106s
ep 5 step 101,800/187,610 loss 0.00766 lr 8.40e-04 1,504,756 pos/s  1108s
ep 5 step 102,000/187,610 loss 0.00767 lr 8.37e-04 1,504,946 pos/s  1110s
ep 5 step 102,200/187,610 loss 0.00767 lr 8.34e-04 1,505,094 pos/s  1113s
ep 5 step 102,400/187,610 loss 0.00767 lr 8.31e-04 1,505,261 pos/s  1115s
ep 5 step 102,600/187,610 loss 0.00766 lr 8.28e-04 1,505,418 pos/s  1117s
ep 5 step 102,800/187,610 loss 0.00766 lr 8.25e-04 1,505,617 pos/s  1119s
ep 5 step 103,000/187,610 loss 0.00766 lr 8.22e-04 1,505,736 pos/s  1121s
ep 5 step 103,200/187,610 loss 0.00769 lr 8.19e-04 1,505,807 pos/s  1123s
ep 5 step 103,400/187,610 loss 0.00771 lr 8.16e-04 1,506,066 pos/s  1125s
ep 5 step 103,600/187,610 loss 0.00766 lr 8.13e-04 1,506,327 pos/s  1127s
ep 5 step 103,800/187,610 loss 0.00768 lr 8.10e-04 1,506,589 pos/s  1129s
ep 5 step 104,000/187,610 loss 0.00768 lr 8.07e-04 1,506,851 pos/s  1131s
ep 5 step 104,200/187,610 loss 0.00768 lr 8.04e-04 1,507,129 pos/s  1133s
ep 5 step 104,400/187,610 loss 0.00768 lr 8.01e-04 1,507,385 pos/s  1135s
ep 5 step 104,600/187,610 loss 0.00766 lr 7.98e-04 1,507,666 pos/s  1137s
ep 5 step 104,800/187,610 loss 0.00767 lr 7.95e-04 1,507,963 pos/s  1139s
ep 5 step 105,000/187,610 loss 0.00769 lr 7.92e-04 1,508,226 pos/s  1141s
ep 5 step 105,200/187,610 loss 0.00768 lr 7.90e-04 1,508,475 pos/s  1143s
ep 5 step 105,400/187,610 loss 0.00771 lr 7.87e-04 1,508,728 pos/s  1145s
ep 5 step 105,600/187,610 loss 0.00766 lr 7.84e-04 1,509,002 pos/s  1147s
ep 5 step 105,800/187,610 loss 0.00766 lr 7.81e-04 1,509,241 pos/s  1149s
ep 5 step 106,000/187,610 loss 0.00767 lr 7.78e-04 1,509,482 pos/s  1151s
ep 5 step 106,200/187,610 loss 0.00763 lr 7.75e-04 1,509,756 pos/s  1152s
ep 5 step 106,400/187,610 loss 0.00770 lr 7.72e-04 1,510,056 pos/s  1154s
ep 5 step 106,600/187,610 loss 0.00767 lr 7.69e-04 1,510,312 pos/s  1156s
ep 5 step 106,800/187,610 loss 0.00767 lr 7.66e-04 1,510,576 pos/s  1158s
ep 5 step 107,000/187,610 loss 0.00768 lr 7.63e-04 1,510,805 pos/s  1160s
ep 5 step 107,200/187,610 loss 0.00769 lr 7.60e-04 1,511,094 pos/s  1162s
ep 5 step 107,400/187,610 loss 0.00766 lr 7.57e-04 1,511,346 pos/s  1164s
ep 5 step 107,600/187,610 loss 0.00767 lr 7.54e-04 1,511,641 pos/s  1166s
ep 5 step 107,800/187,610 loss 0.00768 lr 7.51e-04 1,511,882 pos/s  1168s
ep 5 step 108,000/187,610 loss 0.00767 lr 7.48e-04 1,512,124 pos/s  1170s
ep 5 step 108,200/187,610 loss 0.00766 lr 7.45e-04 1,512,358 pos/s  1172s
ep 5 step 108,400/187,610 loss 0.00767 lr 7.42e-04 1,512,593 pos/s  1174s
ep 5 step 108,600/187,610 loss 0.00767 lr 7.39e-04 1,512,834 pos/s  1176s
ep 5 step 108,800/187,610 loss 0.00768 lr 7.36e-04 1,513,065 pos/s  1178s
ep 5 step 109,000/187,610 loss 0.00765 lr 7.33e-04 1,513,298 pos/s  1180s
ep 5 step 109,200/187,610 loss 0.00765 lr 7.30e-04 1,513,535 pos/s  1182s
ep 5 step 109,400/187,610 loss 0.00768 lr 7.27e-04 1,513,759 pos/s  1184s
ep 5 step 109,600/187,610 loss 0.00768 lr 7.25e-04 1,514,004 pos/s  1186s
ep 5 step 109,800/187,610 loss 0.00768 lr 7.22e-04 1,514,293 pos/s  1188s
ep 5 step 110,000/187,610 loss 0.00768 lr 7.19e-04 1,514,525 pos/s  1190s
ep 5 step 110,200/187,610 loss 0.00765 lr 7.16e-04 1,514,745 pos/s  1192s
ep 5 step 110,400/187,610 loss 0.00766 lr 7.13e-04 1,514,978 pos/s  1194s
ep 5 step 110,600/187,610 loss 0.00766 lr 7.10e-04 1,515,197 pos/s  1196s
ep 5 step 110,800/187,610 loss 0.00766 lr 7.07e-04 1,515,422 pos/s  1198s
ep 5 step 111,000/187,610 loss 0.00765 lr 7.04e-04 1,515,681 pos/s  1200s
ep 5 step 111,200/187,610 loss 0.00765 lr 7.01e-04 1,515,941 pos/s  1202s
ep 5 step 111,400/187,610 loss 0.00765 lr 6.98e-04 1,516,158 pos/s  1204s
ep 5 step 111,600/187,610 loss 0.00765 lr 6.95e-04 1,516,382 pos/s  1206s
ep 5 step 111,800/187,610 loss 0.00765 lr 6.92e-04 1,516,607 pos/s  1208s
ep 5 step 112,000/187,610 loss 0.00763 lr 6.89e-04 1,516,836 pos/s  1210s
ep 5 step 112,200/187,610 loss 0.00767 lr 6.86e-04 1,517,051 pos/s  1212s
ep 5 step 112,400/187,610 loss 0.00766 lr 6.83e-04 1,517,273 pos/s  1214s
== epoch 5 done | val_loss 0.01462 | MAE 134.1 cp | sign 92.1% | 1216s
ep 6 step 112,600/187,610 loss 0.00709 lr 6.80e-04 1,497,020 pos/s  1232s
ep 6 step 112,800/187,610 loss 0.00708 lr 6.77e-04 1,497,140 pos/s  1234s
ep 6 step 113,000/187,610 loss 0.00708 lr 6.74e-04 1,497,396 pos/s  1236s
ep 6 step 113,200/187,610 loss 0.00709 lr 6.71e-04 1,497,614 pos/s  1238s
ep 6 step 113,400/187,610 loss 0.00709 lr 6.69e-04 1,497,852 pos/s  1240s
ep 6 step 113,600/187,610 loss 0.00712 lr 6.66e-04 1,498,087 pos/s  1242s
ep 6 step 113,800/187,610 loss 0.00709 lr 6.63e-04 1,498,324 pos/s  1244s
ep 6 step 114,000/187,610 loss 0.00712 lr 6.60e-04 1,498,571 pos/s  1246s
ep 6 step 114,200/187,610 loss 0.00711 lr 6.57e-04 1,498,850 pos/s  1248s
ep 6 step 114,400/187,610 loss 0.00711 lr 6.54e-04 1,499,162 pos/s  1250s
ep 6 step 114,600/187,610 loss 0.00714 lr 6.51e-04 1,499,416 pos/s  1252s
ep 6 step 114,800/187,610 loss 0.00716 lr 6.48e-04 1,499,662 pos/s  1254s
ep 6 step 115,000/187,610 loss 0.00715 lr 6.45e-04 1,499,896 pos/s  1256s
ep 6 step 115,200/187,610 loss 0.00716 lr 6.42e-04 1,500,137 pos/s  1258s
ep 6 step 115,400/187,610 loss 0.00717 lr 6.39e-04 1,500,437 pos/s  1260s
ep 6 step 115,600/187,610 loss 0.00719 lr 6.36e-04 1,500,731 pos/s  1262s
ep 6 step 115,800/187,610 loss 0.00716 lr 6.33e-04 1,501,005 pos/s  1264s
ep 6 step 116,000/187,610 loss 0.00717 lr 6.30e-04 1,501,305 pos/s  1266s
ep 6 step 116,200/187,610 loss 0.00717 lr 6.28e-04 1,501,586 pos/s  1268s
ep 6 step 116,400/187,610 loss 0.00718 lr 6.25e-04 1,501,878 pos/s  1270s
ep 6 step 116,600/187,610 loss 0.00718 lr 6.22e-04 1,502,136 pos/s  1272s
ep 6 step 116,800/187,610 loss 0.00719 lr 6.19e-04 1,502,386 pos/s  1274s
ep 6 step 117,000/187,610 loss 0.00719 lr 6.16e-04 1,502,658 pos/s  1276s
ep 6 step 117,200/187,610 loss 0.00719 lr 6.13e-04 1,502,915 pos/s  1278s
ep 6 step 117,400/187,610 loss 0.00719 lr 6.10e-04 1,503,158 pos/s  1280s
ep 6 step 117,600/187,610 loss 0.00718 lr 6.07e-04 1,503,416 pos/s  1282s
ep 6 step 117,800/187,610 loss 0.00721 lr 6.04e-04 1,503,686 pos/s  1284s
ep 6 step 118,000/187,610 loss 0.00720 lr 6.01e-04 1,503,956 pos/s  1285s
ep 6 step 118,200/187,610 loss 0.00722 lr 5.98e-04 1,504,238 pos/s  1287s
ep 6 step 118,400/187,610 loss 0.00720 lr 5.96e-04 1,504,493 pos/s  1289s
ep 6 step 118,600/187,610 loss 0.00720 lr 5.93e-04 1,504,780 pos/s  1291s
ep 6 step 118,800/187,610 loss 0.00722 lr 5.90e-04 1,505,023 pos/s  1293s
ep 6 step 119,000/187,610 loss 0.00719 lr 5.87e-04 1,505,294 pos/s  1295s
ep 6 step 119,200/187,610 loss 0.00721 lr 5.84e-04 1,505,578 pos/s  1297s
ep 6 step 119,400/187,610 loss 0.00721 lr 5.81e-04 1,505,810 pos/s  1299s
ep 6 step 119,600/187,610 loss 0.00721 lr 5.78e-04 1,506,018 pos/s  1301s
ep 6 step 119,800/187,610 loss 0.00722 lr 5.75e-04 1,506,270 pos/s  1303s
ep 6 step 120,000/187,610 loss 0.00722 lr 5.73e-04 1,506,495 pos/s  1305s
ep 6 step 120,200/187,610 loss 0.00723 lr 5.70e-04 1,506,742 pos/s  1307s
ep 6 step 120,400/187,610 loss 0.00722 lr 5.67e-04 1,506,978 pos/s  1309s
ep 6 step 120,600/187,610 loss 0.00720 lr 5.64e-04 1,507,210 pos/s  1311s
ep 6 step 120,800/187,610 loss 0.00724 lr 5.61e-04 1,507,431 pos/s  1313s
ep 6 step 121,000/187,610 loss 0.00722 lr 5.58e-04 1,507,673 pos/s  1315s
ep 6 step 121,200/187,610 loss 0.00722 lr 5.55e-04 1,507,892 pos/s  1317s
ep 6 step 121,400/187,610 loss 0.00723 lr 5.53e-04 1,508,140 pos/s  1319s
ep 6 step 121,600/187,610 loss 0.00724 lr 5.50e-04 1,508,376 pos/s  1321s
ep 6 step 121,800/187,610 loss 0.00721 lr 5.47e-04 1,508,606 pos/s  1323s
ep 6 step 122,000/187,610 loss 0.00725 lr 5.44e-04 1,508,838 pos/s  1325s
ep 6 step 122,200/187,610 loss 0.00724 lr 5.41e-04 1,509,059 pos/s  1327s
ep 6 step 122,400/187,610 loss 0.00723 lr 5.38e-04 1,509,273 pos/s  1329s
ep 6 step 122,600/187,610 loss 0.00725 lr 5.35e-04 1,509,542 pos/s  1331s
ep 6 step 122,800/187,610 loss 0.00723 lr 5.33e-04 1,509,789 pos/s  1333s
ep 6 step 123,000/187,610 loss 0.00725 lr 5.30e-04 1,510,008 pos/s  1335s
ep 6 step 123,200/187,610 loss 0.00723 lr 5.27e-04 1,510,224 pos/s  1337s
ep 6 step 123,400/187,610 loss 0.00723 lr 5.24e-04 1,510,438 pos/s  1339s
ep 6 step 123,600/187,610 loss 0.00723 lr 5.21e-04 1,510,666 pos/s  1341s
ep 6 step 123,800/187,610 loss 0.00721 lr 5.19e-04 1,510,879 pos/s  1342s
ep 6 step 124,000/187,610 loss 0.00723 lr 5.16e-04 1,511,111 pos/s  1344s
ep 6 step 124,200/187,610 loss 0.00726 lr 5.13e-04 1,511,315 pos/s  1346s
ep 6 step 124,400/187,610 loss 0.00725 lr 5.10e-04 1,511,522 pos/s  1348s
ep 6 step 124,600/187,610 loss 0.00726 lr 5.07e-04 1,511,725 pos/s  1350s
ep 6 step 124,800/187,610 loss 0.00723 lr 5.05e-04 1,511,956 pos/s  1352s
ep 6 step 125,000/187,610 loss 0.00725 lr 5.02e-04 1,512,170 pos/s  1354s
ep 6 step 125,200/187,610 loss 0.00725 lr 4.99e-04 1,512,391 pos/s  1356s
ep 6 step 125,400/187,610 loss 0.00724 lr 4.96e-04 1,512,609 pos/s  1358s
ep 6 step 125,600/187,610 loss 0.00724 lr 4.93e-04 1,512,822 pos/s  1360s
ep 6 step 125,800/187,610 loss 0.00727 lr 4.91e-04 1,513,061 pos/s  1362s
ep 6 step 126,000/187,610 loss 0.00723 lr 4.88e-04 1,513,237 pos/s  1364s
ep 6 step 126,200/187,610 loss 0.00722 lr 4.85e-04 1,513,448 pos/s  1366s
ep 6 step 126,400/187,610 loss 0.00722 lr 4.82e-04 1,513,649 pos/s  1368s
ep 6 step 126,600/187,610 loss 0.00725 lr 4.80e-04 1,513,859 pos/s  1370s
ep 6 step 126,800/187,610 loss 0.00725 lr 4.77e-04 1,514,045 pos/s  1372s
ep 6 step 127,000/187,610 loss 0.00723 lr 4.74e-04 1,514,240 pos/s  1374s
ep 6 step 127,200/187,610 loss 0.00725 lr 4.71e-04 1,514,437 pos/s  1376s
ep 6 step 127,400/187,610 loss 0.00723 lr 4.69e-04 1,514,630 pos/s  1378s
ep 6 step 127,600/187,610 loss 0.00723 lr 4.66e-04 1,514,829 pos/s  1380s
ep 6 step 127,800/187,610 loss 0.00724 lr 4.63e-04 1,515,045 pos/s  1382s
ep 6 step 128,000/187,610 loss 0.00723 lr 4.60e-04 1,515,277 pos/s  1384s
ep 6 step 128,200/187,610 loss 0.00724 lr 4.58e-04 1,515,521 pos/s  1386s
ep 6 step 128,400/187,610 loss 0.00724 lr 4.55e-04 1,515,771 pos/s  1388s
ep 6 step 128,600/187,610 loss 0.00724 lr 4.52e-04 1,515,983 pos/s  1390s
ep 6 step 128,800/187,610 loss 0.00722 lr 4.50e-04 1,516,214 pos/s  1392s
ep 6 step 129,000/187,610 loss 0.00724 lr 4.47e-04 1,516,416 pos/s  1394s
ep 6 step 129,200/187,610 loss 0.00724 lr 4.44e-04 1,516,610 pos/s  1396s
ep 6 step 129,400/187,610 loss 0.00726 lr 4.41e-04 1,516,797 pos/s  1398s
ep 6 step 129,600/187,610 loss 0.00723 lr 4.39e-04 1,516,989 pos/s  1400s
ep 6 step 129,800/187,610 loss 0.00725 lr 4.36e-04 1,517,196 pos/s  1402s
ep 6 step 130,000/187,610 loss 0.00722 lr 4.33e-04 1,517,398 pos/s  1404s
ep 6 step 130,200/187,610 loss 0.00724 lr 4.31e-04 1,517,614 pos/s  1406s
ep 6 step 130,400/187,610 loss 0.00725 lr 4.28e-04 1,517,838 pos/s  1408s
ep 6 step 130,600/187,610 loss 0.00725 lr 4.25e-04 1,518,048 pos/s  1410s
ep 6 step 130,800/187,610 loss 0.00723 lr 4.23e-04 1,518,228 pos/s  1412s
ep 6 step 131,000/187,610 loss 0.00723 lr 4.20e-04 1,518,426 pos/s  1414s
ep 6 step 131,200/187,610 loss 0.00724 lr 4.17e-04 1,518,600 pos/s  1416s
== epoch 6 done | val_loss 0.01443 | MAE 133.3 cp | sign 92.2% | 1417s
ep 7 step 131,400/187,610 loss 0.00674 lr 4.15e-04 1,501,266 pos/s  1434s
ep 7 step 131,600/187,610 loss 0.00675 lr 4.12e-04 1,501,477 pos/s  1436s
ep 7 step 131,800/187,610 loss 0.00675 lr 4.09e-04 1,501,682 pos/s  1438s
ep 7 step 132,000/187,610 loss 0.00676 lr 4.07e-04 1,501,902 pos/s  1440s
ep 7 step 132,200/187,610 loss 0.00677 lr 4.04e-04 1,502,112 pos/s  1442s
ep 7 step 132,400/187,610 loss 0.00678 lr 4.02e-04 1,502,318 pos/s  1444s
ep 7 step 132,600/187,610 loss 0.00676 lr 3.99e-04 1,502,526 pos/s  1446s
ep 7 step 132,800/187,610 loss 0.00678 lr 3.96e-04 1,502,728 pos/s  1448s
ep 7 step 133,000/187,610 loss 0.00678 lr 3.94e-04 1,502,935 pos/s  1450s
ep 7 step 133,200/187,610 loss 0.00679 lr 3.91e-04 1,503,117 pos/s  1452s
ep 7 step 133,400/187,610 loss 0.00679 lr 3.89e-04 1,503,316 pos/s  1454s
ep 7 step 133,600/187,610 loss 0.00679 lr 3.86e-04 1,503,521 pos/s  1456s
ep 7 step 133,800/187,610 loss 0.00681 lr 3.83e-04 1,503,725 pos/s  1458s
ep 7 step 134,000/187,610 loss 0.00677 lr 3.81e-04 1,503,934 pos/s  1460s
ep 7 step 134,200/187,610 loss 0.00681 lr 3.78e-04 1,504,128 pos/s  1462s
ep 7 step 134,400/187,610 loss 0.00682 lr 3.76e-04 1,504,330 pos/s  1464s
ep 7 step 134,600/187,610 loss 0.00681 lr 3.73e-04 1,504,525 pos/s  1466s
ep 7 step 134,800/187,610 loss 0.00682 lr 3.71e-04 1,504,707 pos/s  1468s
ep 7 step 135,000/187,610 loss 0.00682 lr 3.68e-04 1,504,960 pos/s  1470s
ep 7 step 135,200/187,610 loss 0.00680 lr 3.65e-04 1,505,208 pos/s  1472s
ep 7 step 135,400/187,610 loss 0.00682 lr 3.63e-04 1,505,455 pos/s  1474s
ep 7 step 135,600/187,610 loss 0.00683 lr 3.60e-04 1,505,647 pos/s  1476s
ep 7 step 135,800/187,610 loss 0.00680 lr 3.58e-04 1,505,834 pos/s  1478s
ep 7 step 136,000/187,610 loss 0.00683 lr 3.55e-04 1,506,031 pos/s  1480s
ep 7 step 136,200/187,610 loss 0.00682 lr 3.53e-04 1,506,225 pos/s  1482s
ep 7 step 136,400/187,610 loss 0.00684 lr 3.50e-04 1,506,415 pos/s  1484s
ep 7 step 136,600/187,610 loss 0.00684 lr 3.48e-04 1,506,610 pos/s  1485s
ep 7 step 136,800/187,610 loss 0.00684 lr 3.45e-04 1,506,811 pos/s  1487s
ep 7 step 137,000/187,610 loss 0.00684 lr 3.43e-04 1,507,007 pos/s  1489s
ep 7 step 137,200/187,610 loss 0.00682 lr 3.40e-04 1,507,206 pos/s  1491s
ep 7 step 137,400/187,610 loss 0.00684 lr 3.38e-04 1,507,399 pos/s  1493s
ep 7 step 137,600/187,610 loss 0.00686 lr 3.35e-04 1,507,613 pos/s  1495s
ep 7 step 137,800/187,610 loss 0.00682 lr 3.33e-04 1,507,808 pos/s  1497s
ep 7 step 138,000/187,610 loss 0.00684 lr 3.31e-04 1,508,015 pos/s  1499s
ep 7 step 138,200/187,610 loss 0.00684 lr 3.28e-04 1,508,211 pos/s  1501s
ep 7 step 138,400/187,610 loss 0.00687 lr 3.26e-04 1,508,398 pos/s  1503s
ep 7 step 138,600/187,610 loss 0.00684 lr 3.23e-04 1,508,587 pos/s  1505s
ep 7 step 138,800/187,610 loss 0.00683 lr 3.21e-04 1,508,791 pos/s  1507s
ep 7 step 139,000/187,610 loss 0.00684 lr 3.18e-04 1,508,989 pos/s  1509s
ep 7 step 139,200/187,610 loss 0.00686 lr 3.16e-04 1,509,192 pos/s  1511s
ep 7 step 139,400/187,610 loss 0.00687 lr 3.14e-04 1,509,398 pos/s  1513s
ep 7 step 139,600/187,610 loss 0.00683 lr 3.11e-04 1,509,609 pos/s  1515s
ep 7 step 139,800/187,610 loss 0.00686 lr 3.09e-04 1,509,808 pos/s  1517s
ep 7 step 140,000/187,610 loss 0.00687 lr 3.06e-04 1,509,986 pos/s  1519s
ep 7 step 140,200/187,610 loss 0.00686 lr 3.04e-04 1,510,170 pos/s  1521s
ep 7 step 140,400/187,610 loss 0.00685 lr 3.02e-04 1,510,353 pos/s  1523s
ep 7 step 140,600/187,610 loss 0.00686 lr 2.99e-04 1,510,528 pos/s  1525s
ep 7 step 140,800/187,610 loss 0.00687 lr 2.97e-04 1,510,709 pos/s  1527s
ep 7 step 141,000/187,610 loss 0.00686 lr 2.95e-04 1,510,892 pos/s  1529s
ep 7 step 141,200/187,610 loss 0.00686 lr 2.92e-04 1,511,125 pos/s  1531s
ep 7 step 141,400/187,610 loss 0.00685 lr 2.90e-04 1,511,308 pos/s  1533s
ep 7 step 141,600/187,610 loss 0.00687 lr 2.88e-04 1,511,455 pos/s  1535s
ep 7 step 141,800/187,610 loss 0.00687 lr 2.85e-04 1,511,645 pos/s  1537s
ep 7 step 142,000/187,610 loss 0.00686 lr 2.83e-04 1,511,840 pos/s  1539s
ep 7 step 142,200/187,610 loss 0.00686 lr 2.81e-04 1,512,012 pos/s  1541s
ep 7 step 142,400/187,610 loss 0.00688 lr 2.78e-04 1,512,200 pos/s  1543s
ep 7 step 142,600/187,610 loss 0.00689 lr 2.76e-04 1,512,419 pos/s  1545s
ep 7 step 142,800/187,610 loss 0.00687 lr 2.74e-04 1,512,644 pos/s  1547s
ep 7 step 143,000/187,610 loss 0.00686 lr 2.71e-04 1,512,815 pos/s  1549s
ep 7 step 143,200/187,610 loss 0.00686 lr 2.69e-04 1,512,999 pos/s  1551s
ep 7 step 143,400/187,610 loss 0.00687 lr 2.67e-04 1,513,178 pos/s  1553s
ep 7 step 143,600/187,610 loss 0.00685 lr 2.65e-04 1,513,360 pos/s  1555s
ep 7 step 143,800/187,610 loss 0.00686 lr 2.62e-04 1,513,533 pos/s  1557s
ep 7 step 144,000/187,610 loss 0.00687 lr 2.60e-04 1,513,716 pos/s  1559s
ep 7 step 144,200/187,610 loss 0.00685 lr 2.58e-04 1,513,903 pos/s  1561s
ep 7 step 144,400/187,610 loss 0.00687 lr 2.56e-04 1,514,083 pos/s  1563s
ep 7 step 144,600/187,610 loss 0.00686 lr 2.53e-04 1,514,256 pos/s  1565s
ep 7 step 144,800/187,610 loss 0.00688 lr 2.51e-04 1,514,466 pos/s  1566s
ep 7 step 145,000/187,610 loss 0.00685 lr 2.49e-04 1,514,642 pos/s  1568s
ep 7 step 145,200/187,610 loss 0.00687 lr 2.47e-04 1,514,810 pos/s  1570s
ep 7 step 145,400/187,610 loss 0.00685 lr 2.45e-04 1,514,998 pos/s  1572s
ep 7 step 145,600/187,610 loss 0.00688 lr 2.43e-04 1,515,165 pos/s  1574s
ep 7 step 145,800/187,610 loss 0.00686 lr 2.40e-04 1,515,332 pos/s  1576s
ep 7 step 146,000/187,610 loss 0.00685 lr 2.38e-04 1,515,502 pos/s  1578s
ep 7 step 146,200/187,610 loss 0.00684 lr 2.36e-04 1,515,672 pos/s  1580s
ep 7 step 146,400/187,610 loss 0.00686 lr 2.34e-04 1,515,846 pos/s  1582s
ep 7 step 146,600/187,610 loss 0.00687 lr 2.32e-04 1,516,017 pos/s  1584s
ep 7 step 146,800/187,610 loss 0.00684 lr 2.30e-04 1,516,191 pos/s  1586s
ep 7 step 147,000/187,610 loss 0.00684 lr 2.27e-04 1,516,360 pos/s  1588s
ep 7 step 147,200/187,610 loss 0.00686 lr 2.25e-04 1,516,537 pos/s  1590s
ep 7 step 147,400/187,610 loss 0.00687 lr 2.23e-04 1,516,707 pos/s  1592s
ep 7 step 147,600/187,610 loss 0.00686 lr 2.21e-04 1,516,912 pos/s  1594s
ep 7 step 147,800/187,610 loss 0.00688 lr 2.19e-04 1,517,120 pos/s  1596s
ep 7 step 148,000/187,610 loss 0.00686 lr 2.17e-04 1,517,331 pos/s  1598s
ep 7 step 148,200/187,610 loss 0.00687 lr 2.15e-04 1,517,499 pos/s  1600s
ep 7 step 148,400/187,610 loss 0.00686 lr 2.13e-04 1,517,686 pos/s  1602s
ep 7 step 148,600/187,610 loss 0.00684 lr 2.11e-04 1,517,882 pos/s  1604s
ep 7 step 148,800/187,610 loss 0.00687 lr 2.09e-04 1,518,077 pos/s  1606s
ep 7 step 149,000/187,610 loss 0.00687 lr 2.07e-04 1,518,254 pos/s  1608s
ep 7 step 149,200/187,610 loss 0.00685 lr 2.05e-04 1,518,433 pos/s  1610s
ep 7 step 149,400/187,610 loss 0.00685 lr 2.03e-04 1,518,615 pos/s  1612s
ep 7 step 149,600/187,610 loss 0.00685 lr 2.01e-04 1,518,820 pos/s  1614s
ep 7 step 149,800/187,610 loss 0.00684 lr 1.99e-04 1,519,009 pos/s  1616s
ep 7 step 150,000/187,610 loss 0.00683 lr 1.97e-04 1,519,184 pos/s  1618s
== epoch 7 done | val_loss 0.01439 | MAE 133.6 cp | sign 92.2% | 1619s
ep 8 step 150,200/187,610 loss 0.00650 lr 1.95e-04 1,504,069 pos/s  1636s
ep 8 step 150,400/187,610 loss 0.00650 lr 1.93e-04 1,504,288 pos/s  1638s
ep 8 step 150,600/187,610 loss 0.00653 lr 1.91e-04 1,504,507 pos/s  1640s
ep 8 step 150,800/187,610 loss 0.00650 lr 1.89e-04 1,504,728 pos/s  1642s
ep 8 step 151,000/187,610 loss 0.00652 lr 1.87e-04 1,504,956 pos/s  1644s
ep 8 step 151,200/187,610 loss 0.00652 lr 1.85e-04 1,505,142 pos/s  1646s
ep 8 step 151,400/187,610 loss 0.00655 lr 1.83e-04 1,505,309 pos/s  1648s
ep 8 step 151,600/187,610 loss 0.00655 lr 1.81e-04 1,505,475 pos/s  1650s
ep 8 step 151,800/187,610 loss 0.00652 lr 1.79e-04 1,505,640 pos/s  1652s
ep 8 step 152,000/187,610 loss 0.00653 lr 1.77e-04 1,505,795 pos/s  1654s
ep 8 step 152,200/187,610 loss 0.00653 lr 1.75e-04 1,505,966 pos/s  1656s
ep 8 step 152,400/187,610 loss 0.00654 lr 1.73e-04 1,506,159 pos/s  1658s
ep 8 step 152,600/187,610 loss 0.00652 lr 1.71e-04 1,506,328 pos/s  1660s
ep 8 step 152,800/187,610 loss 0.00656 lr 1.70e-04 1,506,509 pos/s  1662s
ep 8 step 153,000/187,610 loss 0.00655 lr 1.68e-04 1,506,682 pos/s  1664s
ep 8 step 153,200/187,610 loss 0.00654 lr 1.66e-04 1,506,867 pos/s  1666s
ep 8 step 153,400/187,610 loss 0.00655 lr 1.64e-04 1,507,014 pos/s  1668s
ep 8 step 153,600/187,610 loss 0.00653 lr 1.62e-04 1,507,192 pos/s  1670s
ep 8 step 153,800/187,610 loss 0.00654 lr 1.60e-04 1,507,372 pos/s  1672s
ep 8 step 154,000/187,610 loss 0.00655 lr 1.58e-04 1,507,547 pos/s  1674s
ep 8 step 154,200/187,610 loss 0.00656 lr 1.57e-04 1,507,738 pos/s  1676s
ep 8 step 154,400/187,610 loss 0.00652 lr 1.55e-04 1,507,931 pos/s  1678s
ep 8 step 154,600/187,610 loss 0.00654 lr 1.53e-04 1,508,114 pos/s  1680s
ep 8 step 154,800/187,610 loss 0.00655 lr 1.51e-04 1,508,302 pos/s  1682s
ep 8 step 155,000/187,610 loss 0.00657 lr 1.50e-04 1,508,487 pos/s  1683s
ep 8 step 155,200/187,610 loss 0.00655 lr 1.48e-04 1,508,660 pos/s  1685s
ep 8 step 155,400/187,610 loss 0.00655 lr 1.46e-04 1,508,836 pos/s  1687s
ep 8 step 155,600/187,610 loss 0.00659 lr 1.44e-04 1,509,014 pos/s  1689s
ep 8 step 155,800/187,610 loss 0.00657 lr 1.43e-04 1,509,184 pos/s  1691s
ep 8 step 156,000/187,610 loss 0.00654 lr 1.41e-04 1,509,339 pos/s  1693s
ep 8 step 156,200/187,610 loss 0.00654 lr 1.39e-04 1,509,519 pos/s  1695s
ep 8 step 156,400/187,610 loss 0.00655 lr 1.37e-04 1,509,686 pos/s  1697s
ep 8 step 156,600/187,610 loss 0.00656 lr 1.36e-04 1,509,893 pos/s  1699s
ep 8 step 156,800/187,610 loss 0.00658 lr 1.34e-04 1,510,063 pos/s  1701s
ep 8 step 157,000/187,610 loss 0.00656 lr 1.32e-04 1,510,262 pos/s  1703s
ep 8 step 157,200/187,610 loss 0.00657 lr 1.31e-04 1,510,469 pos/s  1705s
ep 8 step 157,400/187,610 loss 0.00654 lr 1.29e-04 1,510,647 pos/s  1707s
ep 8 step 157,600/187,610 loss 0.00656 lr 1.27e-04 1,510,821 pos/s  1709s
ep 8 step 157,800/187,610 loss 0.00656 lr 1.26e-04 1,510,999 pos/s  1711s
ep 8 step 158,000/187,610 loss 0.00657 lr 1.24e-04 1,511,192 pos/s  1713s
ep 8 step 158,200/187,610 loss 0.00658 lr 1.22e-04 1,511,382 pos/s  1715s
ep 8 step 158,400/187,610 loss 0.00660 lr 1.21e-04 1,511,575 pos/s  1717s
ep 8 step 158,600/187,610 loss 0.00657 lr 1.19e-04 1,511,774 pos/s  1719s
ep 8 step 158,800/187,610 loss 0.00658 lr 1.18e-04 1,511,927 pos/s  1721s
ep 8 step 159,000/187,610 loss 0.00657 lr 1.16e-04 1,512,080 pos/s  1723s
ep 8 step 159,200/187,610 loss 0.00657 lr 1.14e-04 1,512,284 pos/s  1725s
ep 8 step 159,400/187,610 loss 0.00659 lr 1.13e-04 1,512,481 pos/s  1727s
ep 8 step 159,600/187,610 loss 0.00658 lr 1.11e-04 1,512,651 pos/s  1729s
ep 8 step 159,800/187,610 loss 0.00658 lr 1.10e-04 1,512,808 pos/s  1731s
ep 8 step 160,000/187,610 loss 0.00656 lr 1.08e-04 1,512,966 pos/s  1733s
ep 8 step 160,200/187,610 loss 0.00657 lr 1.07e-04 1,513,130 pos/s  1735s
ep 8 step 160,400/187,610 loss 0.00657 lr 1.05e-04 1,513,318 pos/s  1737s
ep 8 step 160,600/187,610 loss 0.00655 lr 1.04e-04 1,513,477 pos/s  1739s
ep 8 step 160,800/187,610 loss 0.00658 lr 1.02e-04 1,513,669 pos/s  1741s
ep 8 step 161,000/187,610 loss 0.00658 lr 1.01e-04 1,513,832 pos/s  1742s
ep 8 step 161,200/187,610 loss 0.00657 lr 9.92e-05 1,513,989 pos/s  1744s
ep 8 step 161,400/187,610 loss 0.00658 lr 9.78e-05 1,514,147 pos/s  1746s
ep 8 step 161,600/187,610 loss 0.00658 lr 9.63e-05 1,514,333 pos/s  1748s
ep 8 step 161,800/187,610 loss 0.00657 lr 9.49e-05 1,514,517 pos/s  1750s
ep 8 step 162,000/187,610 loss 0.00658 lr 9.34e-05 1,514,681 pos/s  1752s
ep 8 step 162,200/187,610 loss 0.00657 lr 9.20e-05 1,514,851 pos/s  1754s
ep 8 step 162,400/187,610 loss 0.00658 lr 9.06e-05 1,515,050 pos/s  1756s
ep 8 step 162,600/187,610 loss 0.00658 lr 8.92e-05 1,515,197 pos/s  1758s
ep 8 step 162,800/187,610 loss 0.00659 lr 8.78e-05 1,515,349 pos/s  1760s
ep 8 step 163,000/187,610 loss 0.00657 lr 8.64e-05 1,515,520 pos/s  1762s
ep 8 step 163,200/187,610 loss 0.00657 lr 8.51e-05 1,515,671 pos/s  1764s
ep 8 step 163,400/187,610 loss 0.00658 lr 8.37e-05 1,515,826 pos/s  1766s
ep 8 step 163,600/187,610 loss 0.00661 lr 8.23e-05 1,516,005 pos/s  1768s
ep 8 step 163,800/187,610 loss 0.00657 lr 8.10e-05 1,516,185 pos/s  1770s
ep 8 step 164,000/187,610 loss 0.00657 lr 7.97e-05 1,516,365 pos/s  1772s
ep 8 step 164,200/187,610 loss 0.00658 lr 7.84e-05 1,516,554 pos/s  1774s
ep 8 step 164,400/187,610 loss 0.00660 lr 7.70e-05 1,516,702 pos/s  1776s
ep 8 step 164,600/187,610 loss 0.00657 lr 7.57e-05 1,516,881 pos/s  1778s
ep 8 step 164,800/187,610 loss 0.00658 lr 7.45e-05 1,517,052 pos/s  1780s
ep 8 step 165,000/187,610 loss 0.00656 lr 7.32e-05 1,517,219 pos/s  1782s
ep 8 step 165,200/187,610 loss 0.00657 lr 7.19e-05 1,517,415 pos/s  1784s
ep 8 step 165,400/187,610 loss 0.00657 lr 7.07e-05 1,517,612 pos/s  1786s
ep 8 step 165,600/187,610 loss 0.00655 lr 6.94e-05 1,517,779 pos/s  1788s
ep 8 step 165,800/187,610 loss 0.00658 lr 6.82e-05 1,517,948 pos/s  1790s
ep 8 step 166,000/187,610 loss 0.00659 lr 6.69e-05 1,518,125 pos/s  1792s
ep 8 step 166,200/187,610 loss 0.00659 lr 6.57e-05 1,518,269 pos/s  1794s
ep 8 step 166,400/187,610 loss 0.00659 lr 6.45e-05 1,518,410 pos/s  1795s
ep 8 step 166,600/187,610 loss 0.00657 lr 6.33e-05 1,518,556 pos/s  1797s
ep 8 step 166,800/187,610 loss 0.00659 lr 6.21e-05 1,518,697 pos/s  1799s
ep 8 step 167,000/187,610 loss 0.00656 lr 6.10e-05 1,518,854 pos/s  1801s
ep 8 step 167,200/187,610 loss 0.00656 lr 5.98e-05 1,519,002 pos/s  1803s
ep 8 step 167,400/187,610 loss 0.00658 lr 5.87e-05 1,519,144 pos/s  1805s
ep 8 step 167,600/187,610 loss 0.00657 lr 5.75e-05 1,519,281 pos/s  1807s
ep 8 step 167,800/187,610 loss 0.00656 lr 5.64e-05 1,519,426 pos/s  1809s
ep 8 step 168,000/187,610 loss 0.00657 lr 5.53e-05 1,519,566 pos/s  1811s
ep 8 step 168,200/187,610 loss 0.00658 lr 5.42e-05 1,519,700 pos/s  1813s
ep 8 step 168,400/187,610 loss 0.00656 lr 5.31e-05 1,519,848 pos/s  1815s
ep 8 step 168,600/187,610 loss 0.00658 lr 5.20e-05 1,519,979 pos/s  1817s
ep 8 step 168,800/187,610 loss 0.00656 lr 5.09e-05 1,520,117 pos/s  1819s
== epoch 8 done | val_loss 0.01444 | MAE 133.9 cp | sign 92.2% | 1820s
ep 9 step 169,000/187,610 loss 0.00640 lr 4.98e-05 1,506,505 pos/s  1838s
ep 9 step 169,200/187,610 loss 0.00640 lr 4.88e-05 1,506,662 pos/s  1840s
ep 9 step 169,400/187,610 loss 0.00638 lr 4.77e-05 1,506,813 pos/s  1842s
ep 9 step 169,600/187,610 loss 0.00637 lr 4.67e-05 1,506,966 pos/s  1844s
ep 9 step 169,800/187,610 loss 0.00639 lr 4.57e-05 1,507,119 pos/s  1846s
ep 9 step 170,000/187,610 loss 0.00641 lr 4.47e-05 1,507,268 pos/s  1848s
ep 9 step 170,200/187,610 loss 0.00638 lr 4.37e-05 1,507,418 pos/s  1850s
ep 9 step 170,400/187,610 loss 0.00641 lr 4.27e-05 1,507,574 pos/s  1852s
ep 9 step 170,600/187,610 loss 0.00638 lr 4.17e-05 1,507,733 pos/s  1854s
ep 9 step 170,800/187,610 loss 0.00639 lr 4.08e-05 1,507,902 pos/s  1856s
ep 9 step 171,000/187,610 loss 0.00640 lr 3.98e-05 1,508,097 pos/s  1858s
ep 9 step 171,200/187,610 loss 0.00639 lr 3.89e-05 1,508,295 pos/s  1860s
ep 9 step 171,400/187,610 loss 0.00641 lr 3.79e-05 1,508,493 pos/s  1862s
ep 9 step 171,600/187,610 loss 0.00640 lr 3.70e-05 1,508,682 pos/s  1864s
ep 9 step 171,800/187,610 loss 0.00640 lr 3.61e-05 1,508,877 pos/s  1865s
ep 9 step 172,000/187,610 loss 0.00640 lr 3.52e-05 1,509,035 pos/s  1867s
ep 9 step 172,200/187,610 loss 0.00640 lr 3.43e-05 1,509,181 pos/s  1869s
ep 9 step 172,400/187,610 loss 0.00640 lr 3.34e-05 1,509,331 pos/s  1871s
ep 9 step 172,600/187,610 loss 0.00639 lr 3.26e-05 1,509,477 pos/s  1873s
ep 9 step 172,800/187,610 loss 0.00639 lr 3.17e-05 1,509,618 pos/s  1875s
ep 9 step 173,000/187,610 loss 0.00640 lr 3.09e-05 1,509,765 pos/s  1877s
ep 9 step 173,200/187,610 loss 0.00641 lr 3.00e-05 1,509,920 pos/s  1879s
ep 9 step 173,400/187,610 loss 0.00641 lr 2.92e-05 1,510,059 pos/s  1881s
ep 9 step 173,600/187,610 loss 0.00640 lr 2.84e-05 1,510,212 pos/s  1883s
ep 9 step 173,800/187,610 loss 0.00642 lr 2.76e-05 1,510,367 pos/s  1885s
ep 9 step 174,000/187,610 loss 0.00640 lr 2.68e-05 1,510,518 pos/s  1887s
ep 9 step 174,200/187,610 loss 0.00640 lr 2.60e-05 1,510,690 pos/s  1889s
ep 9 step 174,400/187,610 loss 0.00644 lr 2.53e-05 1,510,865 pos/s  1891s
ep 9 step 174,600/187,610 loss 0.00641 lr 2.45e-05 1,511,024 pos/s  1893s
ep 9 step 174,800/187,610 loss 0.00640 lr 2.38e-05 1,511,174 pos/s  1895s
ep 9 step 175,000/187,610 loss 0.00641 lr 2.30e-05 1,511,331 pos/s  1897s
ep 9 step 175,200/187,610 loss 0.00641 lr 2.23e-05 1,511,456 pos/s  1899s
ep 9 step 175,400/187,610 loss 0.00640 lr 2.16e-05 1,511,602 pos/s  1901s
ep 9 step 175,600/187,610 loss 0.00639 lr 2.09e-05 1,511,751 pos/s  1903s
ep 9 step 175,800/187,610 loss 0.00639 lr 2.02e-05 1,511,903 pos/s  1905s
ep 9 step 176,000/187,610 loss 0.00639 lr 1.95e-05 1,512,047 pos/s  1907s
ep 9 step 176,200/187,610 loss 0.00641 lr 1.89e-05 1,512,188 pos/s  1909s
ep 9 step 176,400/187,610 loss 0.00640 lr 1.82e-05 1,512,318 pos/s  1911s
ep 9 step 176,600/187,610 loss 0.00642 lr 1.76e-05 1,512,458 pos/s  1913s
ep 9 step 176,800/187,610 loss 0.00642 lr 1.69e-05 1,512,607 pos/s  1915s
ep 9 step 177,000/187,610 loss 0.00641 lr 1.63e-05 1,512,744 pos/s  1917s
ep 9 step 177,200/187,610 loss 0.00642 lr 1.57e-05 1,512,908 pos/s  1919s
ep 9 step 177,400/187,610 loss 0.00640 lr 1.51e-05 1,513,084 pos/s  1921s
ep 9 step 177,600/187,610 loss 0.00641 lr 1.45e-05 1,513,256 pos/s  1923s
ep 9 step 177,800/187,610 loss 0.00640 lr 1.40e-05 1,513,400 pos/s  1925s
ep 9 step 178,000/187,610 loss 0.00639 lr 1.34e-05 1,513,542 pos/s  1927s
ep 9 step 178,200/187,610 loss 0.00638 lr 1.29e-05 1,513,715 pos/s  1929s
ep 9 step 178,400/187,610 loss 0.00642 lr 1.23e-05 1,513,886 pos/s  1931s
ep 9 step 178,600/187,610 loss 0.00637 lr 1.18e-05 1,514,024 pos/s  1933s
ep 9 step 178,800/187,610 loss 0.00638 lr 1.13e-05 1,514,176 pos/s  1935s
ep 9 step 179,000/187,610 loss 0.00638 lr 1.08e-05 1,514,334 pos/s  1937s
ep 9 step 179,200/187,610 loss 0.00641 lr 1.03e-05 1,514,494 pos/s  1939s
ep 9 step 179,400/187,610 loss 0.00641 lr 9.79e-06 1,514,637 pos/s  1941s
ep 9 step 179,600/187,610 loss 0.00641 lr 9.32e-06 1,514,770 pos/s  1943s
ep 9 step 179,800/187,610 loss 0.00643 lr 8.86e-06 1,514,919 pos/s  1945s
ep 9 step 180,000/187,610 loss 0.00639 lr 8.42e-06 1,515,044 pos/s  1947s
ep 9 step 180,200/187,610 loss 0.00642 lr 7.98e-06 1,515,172 pos/s  1949s
ep 9 step 180,400/187,610 loss 0.00641 lr 7.56e-06 1,515,288 pos/s  1951s
ep 9 step 180,600/187,610 loss 0.00640 lr 7.14e-06 1,515,418 pos/s  1953s
ep 9 step 180,800/187,610 loss 0.00640 lr 6.74e-06 1,515,555 pos/s  1955s
ep 9 step 181,000/187,610 loss 0.00640 lr 6.35e-06 1,515,691 pos/s  1957s
ep 9 step 181,200/187,610 loss 0.00642 lr 5.98e-06 1,515,820 pos/s  1959s
ep 9 step 181,400/187,610 loss 0.00640 lr 5.61e-06 1,515,969 pos/s  1961s
ep 9 step 181,600/187,610 loss 0.00640 lr 5.26e-06 1,516,126 pos/s  1962s
ep 9 step 181,800/187,610 loss 0.00639 lr 4.91e-06 1,516,257 pos/s  1964s
ep 9 step 182,000/187,610 loss 0.00642 lr 4.58e-06 1,516,405 pos/s  1966s
ep 9 step 182,200/187,610 loss 0.00643 lr 4.26e-06 1,516,548 pos/s  1968s
ep 9 step 182,400/187,610 loss 0.00641 lr 3.95e-06 1,516,682 pos/s  1970s
ep 9 step 182,600/187,610 loss 0.00640 lr 3.65e-06 1,516,815 pos/s  1972s
ep 9 step 182,800/187,610 loss 0.00642 lr 3.37e-06 1,516,955 pos/s  1974s
ep 9 step 183,000/187,610 loss 0.00641 lr 3.10e-06 1,517,091 pos/s  1976s
ep 9 step 183,200/187,610 loss 0.00641 lr 2.83e-06 1,517,226 pos/s  1978s
ep 9 step 183,400/187,610 loss 0.00641 lr 2.58e-06 1,517,363 pos/s  1980s
ep 9 step 183,600/187,610 loss 0.00641 lr 2.34e-06 1,517,497 pos/s  1982s
ep 9 step 183,800/187,610 loss 0.00640 lr 2.12e-06 1,517,635 pos/s  1984s
ep 9 step 184,000/187,610 loss 0.00641 lr 1.90e-06 1,517,768 pos/s  1986s
ep 9 step 184,200/187,610 loss 0.00641 lr 1.70e-06 1,517,923 pos/s  1988s
ep 9 step 184,400/187,610 loss 0.00638 lr 1.50e-06 1,518,085 pos/s  1990s
ep 9 step 184,600/187,610 loss 0.00642 lr 1.32e-06 1,518,223 pos/s  1992s
ep 9 step 184,800/187,610 loss 0.00641 lr 1.15e-06 1,518,355 pos/s  1994s
ep 9 step 185,000/187,610 loss 0.00640 lr 9.96e-07 1,518,488 pos/s  1996s
ep 9 step 185,200/187,610 loss 0.00640 lr 8.50e-07 1,518,624 pos/s  1998s
ep 9 step 185,400/187,610 loss 0.00640 lr 7.16e-07 1,518,764 pos/s  2000s
ep 9 step 185,600/187,610 loss 0.00641 lr 5.93e-07 1,518,896 pos/s  2002s
ep 9 step 185,800/187,610 loss 0.00638 lr 4.82e-07 1,519,027 pos/s  2004s
ep 9 step 186,000/187,610 loss 0.00640 lr 3.83e-07 1,519,161 pos/s  2006s
ep 9 step 186,200/187,610 loss 0.00642 lr 2.95e-07 1,519,294 pos/s  2008s
ep 9 step 186,400/187,610 loss 0.00642 lr 2.19e-07 1,519,434 pos/s  2010s
ep 9 step 186,600/187,610 loss 0.00640 lr 1.54e-07 1,519,603 pos/s  2012s
ep 9 step 186,800/187,610 loss 0.00641 lr 1.01e-07 1,519,764 pos/s  2014s
ep 9 step 187,000/187,610 loss 0.00642 lr 6.00e-08 1,519,931 pos/s  2016s
ep 9 step 187,200/187,610 loss 0.00641 lr 3.03e-08 1,520,096 pos/s  2018s
ep 9 step 187,400/187,610 loss 0.00639 lr 1.24e-08 1,520,235 pos/s  2020s
ep 9 step 187,600/187,610 loss 0.00644 lr 6.01e-09 1,520,361 pos/s  2022s
== epoch 9 done | val_loss 0.01446 | MAE 134.2 cp | sign 92.2% | 2022s

best val_loss 0.01439; checkpoints in runs/full512q/
