device: NVIDIA RTX 6000 Ada Generation
loaded 409,562,339 records -> 405,595,870 after filters (min_depth=16, drop_mate=False)
train 403,567,891 | val 2,027,979
baseline (always predict draw) val_loss = 0.05421
parameters: 12,617,825
24,631 steps/epoch, 246,310 total
ep 0 step     200/246,310 loss 0.05048 lr 6.01e-05 139,204 pos/s  24s
ep 0 step     400/246,310 loss 0.03738 lr 6.04e-05 257,309 pos/s  25s
ep 0 step     600/246,310 loss 0.02917 lr 6.09e-05 358,654 pos/s  27s
ep 0 step     800/246,310 loss 0.02540 lr 6.17e-05 446,360 pos/s  29s
ep 0 step   1,000/246,310 loss 0.02384 lr 6.26e-05 523,146 pos/s  31s
ep 0 step   1,200/246,310 loss 0.02306 lr 6.37e-05 590,787 pos/s  33s
ep 0 step   1,400/246,310 loss 0.02251 lr 6.51e-05 651,031 pos/s  35s
ep 0 step   1,600/246,310 loss 0.02213 lr 6.67e-05 704,781 pos/s  37s
ep 0 step   1,800/246,310 loss 0.02181 lr 6.84e-05 753,604 pos/s  39s
ep 0 step   2,000/246,310 loss 0.02158 lr 7.04e-05 797,463 pos/s  41s
ep 0 step   2,200/246,310 loss 0.02132 lr 7.26e-05 836,947 pos/s  43s
ep 0 step   2,400/246,310 loss 0.02105 lr 7.49e-05 872,173 pos/s  45s
ep 0 step   2,600/246,310 loss 0.02090 lr 7.75e-05 905,340 pos/s  47s
ep 0 step   2,800/246,310 loss 0.02058 lr 8.03e-05 936,432 pos/s  49s
ep 0 step   3,000/246,310 loss 0.02045 lr 8.33e-05 964,790 pos/s  51s
ep 0 step   3,200/246,310 loss 0.02020 lr 8.65e-05 990,510 pos/s  53s
ep 0 step   3,400/246,310 loss 0.01995 lr 8.99e-05 1,014,369 pos/s  55s
ep 0 step   3,600/246,310 loss 0.01981 lr 9.35e-05 1,036,385 pos/s  57s
ep 0 step   3,800/246,310 loss 0.01953 lr 9.73e-05 1,057,883 pos/s  59s
ep 0 step   4,000/246,310 loss 0.01938 lr 1.01e-04 1,078,045 pos/s  61s
ep 0 step   4,200/246,310 loss 0.01917 lr 1.05e-04 1,094,981 pos/s  63s
ep 0 step   4,400/246,310 loss 0.01902 lr 1.10e-04 1,110,871 pos/s  65s
ep 0 step   4,600/246,310 loss 0.01883 lr 1.14e-04 1,127,365 pos/s  67s
ep 0 step   4,800/246,310 loss 0.01868 lr 1.19e-04 1,142,909 pos/s  69s
ep 0 step   5,000/246,310 loss 0.01850 lr 1.24e-04 1,157,485 pos/s  71s
ep 0 step   5,200/246,310 loss 0.01836 lr 1.29e-04 1,171,541 pos/s  73s
ep 0 step   5,400/246,310 loss 0.01812 lr 1.35e-04 1,184,802 pos/s  75s
ep 0 step   5,600/246,310 loss 0.01801 lr 1.40e-04 1,197,253 pos/s  77s
ep 0 step   5,800/246,310 loss 0.01787 lr 1.46e-04 1,209,180 pos/s  79s
ep 0 step   6,000/246,310 loss 0.01774 lr 1.52e-04 1,220,611 pos/s  81s
ep 0 step   6,200/246,310 loss 0.01759 lr 1.58e-04 1,231,544 pos/s  82s
ep 0 step   6,400/246,310 loss 0.01749 lr 1.64e-04 1,242,445 pos/s  84s
ep 0 step   6,600/246,310 loss 0.01739 lr 1.70e-04 1,252,153 pos/s  86s
ep 0 step   6,800/246,310 loss 0.01726 lr 1.77e-04 1,261,634 pos/s  88s
ep 0 step   7,000/246,310 loss 0.01721 lr 1.84e-04 1,270,690 pos/s  90s
ep 0 step   7,200/246,310 loss 0.01708 lr 1.91e-04 1,279,470 pos/s  92s
ep 0 step   7,400/246,310 loss 0.01700 lr 1.98e-04 1,287,645 pos/s  94s
ep 0 step   7,600/246,310 loss 0.01698 lr 2.05e-04 1,295,587 pos/s  96s
ep 0 step   7,800/246,310 loss 0.01686 lr 2.13e-04 1,303,025 pos/s  98s
ep 0 step   8,000/246,310 loss 0.01678 lr 2.20e-04 1,309,946 pos/s  100s
ep 0 step   8,200/246,310 loss 0.01667 lr 2.28e-04 1,316,956 pos/s  102s
ep 0 step   8,400/246,310 loss 0.01666 lr 2.36e-04 1,323,585 pos/s  104s
ep 0 step   8,600/246,310 loss 0.01661 lr 2.44e-04 1,330,266 pos/s  106s
ep 0 step   8,800/246,310 loss 0.01650 lr 2.52e-04 1,336,447 pos/s  108s
ep 0 step   9,000/246,310 loss 0.01642 lr 2.61e-04 1,342,371 pos/s  110s
ep 0 step   9,200/246,310 loss 0.01640 lr 2.69e-04 1,348,638 pos/s  112s
ep 0 step   9,400/246,310 loss 0.01640 lr 2.78e-04 1,354,353 pos/s  114s
ep 0 step   9,600/246,310 loss 0.01627 lr 2.87e-04 1,359,668 pos/s  116s
ep 0 step   9,800/246,310 loss 0.01623 lr 2.96e-04 1,365,204 pos/s  118s
ep 0 step  10,000/246,310 loss 0.01621 lr 3.05e-04 1,370,650 pos/s  120s
ep 0 step  10,200/246,310 loss 0.01619 lr 3.14e-04 1,375,751 pos/s  121s
ep 0 step  10,400/246,310 loss 0.01613 lr 3.24e-04 1,380,299 pos/s  123s
ep 0 step  10,600/246,310 loss 0.01608 lr 3.33e-04 1,384,729 pos/s  125s
ep 0 step  10,800/246,310 loss 0.01601 lr 3.43e-04 1,389,219 pos/s  127s
ep 0 step  11,000/246,310 loss 0.01600 lr 3.53e-04 1,393,405 pos/s  129s
ep 0 step  11,200/246,310 loss 0.01597 lr 3.63e-04 1,397,429 pos/s  131s
ep 0 step  11,400/246,310 loss 0.01593 lr 3.73e-04 1,401,402 pos/s  133s
ep 0 step  11,600/246,310 loss 0.01585 lr 3.83e-04 1,405,184 pos/s  135s
ep 0 step  11,800/246,310 loss 0.01581 lr 3.93e-04 1,408,942 pos/s  137s
ep 0 step  12,000/246,310 loss 0.01578 lr 4.03e-04 1,412,546 pos/s  139s
ep 0 step  12,200/246,310 loss 0.01570 lr 4.14e-04 1,416,143 pos/s  141s
ep 0 step  12,400/246,310 loss 0.01569 lr 4.25e-04 1,419,677 pos/s  143s
ep 0 step  12,600/246,310 loss 0.01563 lr 4.35e-04 1,422,948 pos/s  145s
ep 0 step  12,800/246,310 loss 0.01563 lr 4.46e-04 1,426,199 pos/s  147s
ep 0 step  13,000/246,310 loss 0.01559 lr 4.57e-04 1,429,302 pos/s  149s
ep 0 step  13,200/246,310 loss 0.01553 lr 4.68e-04 1,431,751 pos/s  151s
ep 0 step  13,400/246,310 loss 0.01551 lr 4.79e-04 1,434,619 pos/s  153s
ep 0 step  13,600/246,310 loss 0.01543 lr 4.90e-04 1,437,409 pos/s  155s
ep 0 step  13,800/246,310 loss 0.01541 lr 5.01e-04 1,440,219 pos/s  157s
ep 0 step  14,000/246,310 loss 0.01541 lr 5.13e-04 1,442,988 pos/s  159s
ep 0 step  14,200/246,310 loss 0.01530 lr 5.24e-04 1,445,737 pos/s  161s
ep 0 step  14,400/246,310 loss 0.01528 lr 5.36e-04 1,448,429 pos/s  163s
ep 0 step  14,600/246,310 loss 0.01525 lr 5.47e-04 1,450,948 pos/s  165s
ep 0 step  14,800/246,310 loss 0.01522 lr 5.59e-04 1,453,439 pos/s  167s
ep 0 step  15,000/246,310 loss 0.01521 lr 5.70e-04 1,456,108 pos/s  169s
ep 0 step  15,200/246,310 loss 0.01515 lr 5.82e-04 1,458,932 pos/s  171s
ep 0 step  15,400/246,310 loss 0.01517 lr 5.94e-04 1,461,375 pos/s  173s
ep 0 step  15,600/246,310 loss 0.01511 lr 6.06e-04 1,463,718 pos/s  175s
ep 0 step  15,800/246,310 loss 0.01505 lr 6.18e-04 1,465,965 pos/s  177s
ep 0 step  16,000/246,310 loss 0.01504 lr 6.30e-04 1,468,267 pos/s  179s
ep 0 step  16,200/246,310 loss 0.01496 lr 6.42e-04 1,470,546 pos/s  180s
ep 0 step  16,400/246,310 loss 0.01498 lr 6.54e-04 1,472,524 pos/s  182s
ep 0 step  16,600/246,310 loss 0.01492 lr 6.66e-04 1,474,204 pos/s  184s
ep 0 step  16,800/246,310 loss 0.01490 lr 6.78e-04 1,476,181 pos/s  186s
ep 0 step  17,000/246,310 loss 0.01491 lr 6.90e-04 1,478,043 pos/s  188s
ep 0 step  17,200/246,310 loss 0.01484 lr 7.02e-04 1,479,952 pos/s  190s
ep 0 step  17,400/246,310 loss 0.01478 lr 7.14e-04 1,481,831 pos/s  192s
ep 0 step  17,600/246,310 loss 0.01486 lr 7.27e-04 1,483,697 pos/s  194s
ep 0 step  17,800/246,310 loss 0.01475 lr 7.39e-04 1,485,527 pos/s  196s
ep 0 step  18,000/246,310 loss 0.01477 lr 7.51e-04 1,487,280 pos/s  198s
ep 0 step  18,200/246,310 loss 0.01475 lr 7.63e-04 1,489,100 pos/s  200s
ep 0 step  18,400/246,310 loss 0.01469 lr 7.76e-04 1,490,899 pos/s  202s
ep 0 step  18,600/246,310 loss 0.01466 lr 7.88e-04 1,492,858 pos/s  204s
ep 0 step  18,800/246,310 loss 0.01462 lr 8.00e-04 1,494,938 pos/s  206s
ep 0 step  19,000/246,310 loss 0.01463 lr 8.12e-04 1,496,989 pos/s  208s
ep 0 step  19,200/246,310 loss 0.01458 lr 8.24e-04 1,498,996 pos/s  210s
ep 0 step  19,400/246,310 loss 0.01456 lr 8.37e-04 1,500,764 pos/s  212s
ep 0 step  19,600/246,310 loss 0.01460 lr 8.49e-04 1,502,384 pos/s  214s
ep 0 step  19,800/246,310 loss 0.01451 lr 8.61e-04 1,504,076 pos/s  216s
ep 0 step  20,000/246,310 loss 0.01455 lr 8.73e-04 1,505,586 pos/s  218s
ep 0 step  20,200/246,310 loss 0.01450 lr 8.85e-04 1,507,071 pos/s  220s
ep 0 step  20,400/246,310 loss 0.01447 lr 8.97e-04 1,508,562 pos/s  222s
ep 0 step  20,600/246,310 loss 0.01444 lr 9.10e-04 1,509,886 pos/s  224s
ep 0 step  20,800/246,310 loss 0.01443 lr 9.22e-04 1,511,281 pos/s  225s
ep 0 step  21,000/246,310 loss 0.01445 lr 9.34e-04 1,512,621 pos/s  227s
ep 0 step  21,200/246,310 loss 0.01435 lr 9.45e-04 1,513,953 pos/s  229s
ep 0 step  21,400/246,310 loss 0.01437 lr 9.57e-04 1,515,503 pos/s  231s
ep 0 step  21,600/246,310 loss 0.01439 lr 9.69e-04 1,516,995 pos/s  233s
ep 0 step  21,800/246,310 loss 0.01432 lr 9.81e-04 1,518,338 pos/s  235s
ep 0 step  22,000/246,310 loss 0.01428 lr 9.93e-04 1,519,684 pos/s  237s
ep 0 step  22,200/246,310 loss 0.01432 lr 1.00e-03 1,520,939 pos/s  239s
ep 0 step  22,400/246,310 loss 0.01428 lr 1.02e-03 1,522,263 pos/s  241s
ep 0 step  22,600/246,310 loss 0.01429 lr 1.03e-03 1,523,721 pos/s  243s
ep 0 step  22,800/246,310 loss 0.01428 lr 1.04e-03 1,524,934 pos/s  245s
ep 0 step  23,000/246,310 loss 0.01419 lr 1.05e-03 1,526,115 pos/s  247s
ep 0 step  23,200/246,310 loss 0.01421 lr 1.06e-03 1,527,340 pos/s  249s
ep 0 step  23,400/246,310 loss 0.01420 lr 1.07e-03 1,528,421 pos/s  251s
ep 0 step  23,600/246,310 loss 0.01422 lr 1.08e-03 1,529,609 pos/s  253s
ep 0 step  23,800/246,310 loss 0.01412 lr 1.10e-03 1,530,970 pos/s  255s
ep 0 step  24,000/246,310 loss 0.01416 lr 1.11e-03 1,532,333 pos/s  257s
ep 0 step  24,200/246,310 loss 0.01415 lr 1.12e-03 1,533,677 pos/s  259s
ep 0 step  24,400/246,310 loss 0.01409 lr 1.13e-03 1,534,778 pos/s  260s
ep 0 step  24,600/246,310 loss 0.01410 lr 1.14e-03 1,535,773 pos/s  262s
== epoch 0 done | val_loss 0.01403 | MAE 125.5 cp | sign 91.6% | 263s
ep 1 step  24,800/246,310 loss 0.01376 lr 1.15e-03 1,420,633 pos/s  286s
ep 1 step  25,000/246,310 loss 0.01375 lr 1.16e-03 1,422,318 pos/s  288s
ep 1 step  25,200/246,310 loss 0.01377 lr 1.17e-03 1,423,979 pos/s  290s
ep 1 step  25,400/246,310 loss 0.01378 lr 1.18e-03 1,425,655 pos/s  292s
ep 1 step  25,600/246,310 loss 0.01376 lr 1.19e-03 1,427,320 pos/s  294s
ep 1 step  25,800/246,310 loss 0.01380 lr 1.20e-03 1,428,821 pos/s  296s
ep 1 step  26,000/246,310 loss 0.01376 lr 1.21e-03 1,430,469 pos/s  298s
ep 1 step  26,200/246,310 loss 0.01374 lr 1.22e-03 1,432,034 pos/s  300s
ep 1 step  26,400/246,310 loss 0.01379 lr 1.23e-03 1,433,591 pos/s  302s
ep 1 step  26,600/246,310 loss 0.01374 lr 1.24e-03 1,434,727 pos/s  304s
ep 1 step  26,800/246,310 loss 0.01376 lr 1.25e-03 1,436,165 pos/s  306s
ep 1 step  27,000/246,310 loss 0.01368 lr 1.26e-03 1,437,615 pos/s  308s
ep 1 step  27,200/246,310 loss 0.01379 lr 1.27e-03 1,439,139 pos/s  310s
ep 1 step  27,400/246,310 loss 0.01375 lr 1.28e-03 1,440,489 pos/s  312s
ep 1 step  27,600/246,310 loss 0.01372 lr 1.28e-03 1,441,972 pos/s  314s
ep 1 step  27,800/246,310 loss 0.01372 lr 1.29e-03 1,443,282 pos/s  316s
ep 1 step  28,000/246,310 loss 0.01367 lr 1.30e-03 1,444,851 pos/s  318s
ep 1 step  28,200/246,310 loss 0.01366 lr 1.31e-03 1,446,420 pos/s  319s
ep 1 step  28,400/246,310 loss 0.01372 lr 1.32e-03 1,447,990 pos/s  321s
ep 1 step  28,600/246,310 loss 0.01365 lr 1.33e-03 1,449,548 pos/s  323s
ep 1 step  28,800/246,310 loss 0.01367 lr 1.33e-03 1,450,885 pos/s  325s
ep 1 step  29,000/246,310 loss 0.01364 lr 1.34e-03 1,452,252 pos/s  327s
ep 1 step  29,200/246,310 loss 0.01362 lr 1.35e-03 1,453,624 pos/s  329s
ep 1 step  29,400/246,310 loss 0.01363 lr 1.36e-03 1,454,970 pos/s  331s
ep 1 step  29,600/246,310 loss 0.01362 lr 1.36e-03 1,456,436 pos/s  333s
ep 1 step  29,800/246,310 loss 0.01357 lr 1.37e-03 1,457,825 pos/s  335s
ep 1 step  30,000/246,310 loss 0.01361 lr 1.38e-03 1,459,248 pos/s  337s
ep 1 step  30,200/246,310 loss 0.01358 lr 1.38e-03 1,460,540 pos/s  339s
ep 1 step  30,400/246,310 loss 0.01357 lr 1.39e-03 1,461,752 pos/s  341s
ep 1 step  30,600/246,310 loss 0.01355 lr 1.40e-03 1,463,091 pos/s  343s
ep 1 step  30,800/246,310 loss 0.01351 lr 1.40e-03 1,464,360 pos/s  345s
ep 1 step  31,000/246,310 loss 0.01354 lr 1.41e-03 1,465,699 pos/s  347s
ep 1 step  31,200/246,310 loss 0.01348 lr 1.42e-03 1,466,908 pos/s  348s
ep 1 step  31,400/246,310 loss 0.01351 lr 1.42e-03 1,468,120 pos/s  350s
ep 1 step  31,600/246,310 loss 0.01350 lr 1.43e-03 1,469,226 pos/s  352s
ep 1 step  31,800/246,310 loss 0.01351 lr 1.43e-03 1,470,378 pos/s  354s
ep 1 step  32,000/246,310 loss 0.01347 lr 1.44e-03 1,471,498 pos/s  356s
ep 1 step  32,200/246,310 loss 0.01345 lr 1.44e-03 1,472,605 pos/s  358s
ep 1 step  32,400/246,310 loss 0.01339 lr 1.45e-03 1,473,744 pos/s  360s
ep 1 step  32,600/246,310 loss 0.01340 lr 1.45e-03 1,474,838 pos/s  362s
ep 1 step  32,800/246,310 loss 0.01344 lr 1.46e-03 1,475,921 pos/s  364s
ep 1 step  33,000/246,310 loss 0.01340 lr 1.46e-03 1,477,072 pos/s  366s
ep 1 step  33,200/246,310 loss 0.01336 lr 1.46e-03 1,478,145 pos/s  368s
ep 1 step  33,400/246,310 loss 0.01339 lr 1.47e-03 1,479,247 pos/s  370s
ep 1 step  33,600/246,310 loss 0.01338 lr 1.47e-03 1,480,341 pos/s  372s
ep 1 step  33,800/246,310 loss 0.01331 lr 1.47e-03 1,481,435 pos/s  374s
ep 1 step  34,000/246,310 loss 0.01334 lr 1.48e-03 1,482,454 pos/s  376s
ep 1 step  34,200/246,310 loss 0.01334 lr 1.48e-03 1,483,450 pos/s  378s
ep 1 step  34,400/246,310 loss 0.01331 lr 1.48e-03 1,484,490 pos/s  380s
ep 1 step  34,600/246,310 loss 0.01327 lr 1.49e-03 1,485,570 pos/s  382s
ep 1 step  34,800/246,310 loss 0.01334 lr 1.49e-03 1,486,602 pos/s  384s
ep 1 step  35,000/246,310 loss 0.01328 lr 1.49e-03 1,487,553 pos/s  385s
ep 1 step  35,200/246,310 loss 0.01325 lr 1.49e-03 1,488,342 pos/s  387s
ep 1 step  35,400/246,310 loss 0.01328 lr 1.49e-03 1,489,232 pos/s  389s
ep 1 step  35,600/246,310 loss 0.01327 lr 1.50e-03 1,490,117 pos/s  391s
ep 1 step  35,800/246,310 loss 0.01322 lr 1.50e-03 1,491,054 pos/s  393s
ep 1 step  36,000/246,310 loss 0.01323 lr 1.50e-03 1,492,015 pos/s  395s
ep 1 step  36,200/246,310 loss 0.01324 lr 1.50e-03 1,492,844 pos/s  397s
ep 1 step  36,400/246,310 loss 0.01321 lr 1.50e-03 1,493,647 pos/s  399s
ep 1 step  36,600/246,310 loss 0.01318 lr 1.50e-03 1,494,479 pos/s  401s
ep 1 step  36,800/246,310 loss 0.01320 lr 1.50e-03 1,495,322 pos/s  403s
ep 1 step  37,000/246,310 loss 0.01319 lr 1.50e-03 1,496,141 pos/s  405s
ep 1 step  37,200/246,310 loss 0.01320 lr 1.50e-03 1,497,078 pos/s  407s
ep 1 step  37,400/246,310 loss 0.01315 lr 1.50e-03 1,497,914 pos/s  409s
ep 1 step  37,600/246,310 loss 0.01312 lr 1.50e-03 1,498,728 pos/s  411s
ep 1 step  37,800/246,310 loss 0.01312 lr 1.50e-03 1,499,541 pos/s  413s
ep 1 step  38,000/246,310 loss 0.01313 lr 1.50e-03 1,500,471 pos/s  415s
ep 1 step  38,200/246,310 loss 0.01308 lr 1.50e-03 1,501,461 pos/s  417s
ep 1 step  38,400/246,310 loss 0.01306 lr 1.50e-03 1,502,355 pos/s  419s
ep 1 step  38,600/246,310 loss 0.01308 lr 1.50e-03 1,503,171 pos/s  421s
ep 1 step  38,800/246,310 loss 0.01307 lr 1.50e-03 1,503,953 pos/s  423s
ep 1 step  39,000/246,310 loss 0.01306 lr 1.50e-03 1,504,724 pos/s  425s
ep 1 step  39,200/246,310 loss 0.01301 lr 1.50e-03 1,505,473 pos/s  427s
ep 1 step  39,400/246,310 loss 0.01304 lr 1.50e-03 1,506,275 pos/s  429s
ep 1 step  39,600/246,310 loss 0.01301 lr 1.50e-03 1,507,161 pos/s  430s
ep 1 step  39,800/246,310 loss 0.01302 lr 1.50e-03 1,507,930 pos/s  432s
ep 1 step  40,000/246,310 loss 0.01299 lr 1.50e-03 1,508,660 pos/s  434s
ep 1 step  40,200/246,310 loss 0.01297 lr 1.50e-03 1,509,384 pos/s  436s
ep 1 step  40,400/246,310 loss 0.01296 lr 1.50e-03 1,510,099 pos/s  438s
ep 1 step  40,600/246,310 loss 0.01293 lr 1.50e-03 1,510,832 pos/s  440s
ep 1 step  40,800/246,310 loss 0.01298 lr 1.50e-03 1,511,567 pos/s  442s
ep 1 step  41,000/246,310 loss 0.01293 lr 1.50e-03 1,512,311 pos/s  444s
ep 1 step  41,200/246,310 loss 0.01295 lr 1.50e-03 1,513,021 pos/s  446s
ep 1 step  41,400/246,310 loss 0.01286 lr 1.50e-03 1,513,732 pos/s  448s
ep 1 step  41,600/246,310 loss 0.01288 lr 1.50e-03 1,514,484 pos/s  450s
ep 1 step  41,800/246,310 loss 0.01293 lr 1.50e-03 1,515,222 pos/s  452s
ep 1 step  42,000/246,310 loss 0.01289 lr 1.50e-03 1,515,914 pos/s  454s
ep 1 step  42,200/246,310 loss 0.01284 lr 1.50e-03 1,516,602 pos/s  456s
ep 1 step  42,400/246,310 loss 0.01282 lr 1.50e-03 1,517,299 pos/s  458s
ep 1 step  42,600/246,310 loss 0.01286 lr 1.50e-03 1,518,068 pos/s  460s
ep 1 step  42,800/246,310 loss 0.01280 lr 1.50e-03 1,518,761 pos/s  462s
ep 1 step  43,000/246,310 loss 0.01283 lr 1.50e-03 1,519,461 pos/s  464s
ep 1 step  43,200/246,310 loss 0.01283 lr 1.50e-03 1,520,143 pos/s  466s
ep 1 step  43,400/246,310 loss 0.01279 lr 1.50e-03 1,520,813 pos/s  468s
ep 1 step  43,600/246,310 loss 0.01286 lr 1.50e-03 1,521,470 pos/s  470s
ep 1 step  43,800/246,310 loss 0.01284 lr 1.50e-03 1,522,114 pos/s  471s
ep 1 step  44,000/246,310 loss 0.01277 lr 1.50e-03 1,522,740 pos/s  473s
ep 1 step  44,200/246,310 loss 0.01280 lr 1.50e-03 1,523,431 pos/s  475s
ep 1 step  44,400/246,310 loss 0.01279 lr 1.50e-03 1,524,119 pos/s  477s
ep 1 step  44,600/246,310 loss 0.01277 lr 1.50e-03 1,524,733 pos/s  479s
ep 1 step  44,800/246,310 loss 0.01276 lr 1.49e-03 1,525,355 pos/s  481s
ep 1 step  45,000/246,310 loss 0.01276 lr 1.49e-03 1,526,015 pos/s  483s
ep 1 step  45,200/246,310 loss 0.01273 lr 1.49e-03 1,526,600 pos/s  485s
ep 1 step  45,400/246,310 loss 0.01274 lr 1.49e-03 1,527,195 pos/s  487s
ep 1 step  45,600/246,310 loss 0.01274 lr 1.49e-03 1,527,814 pos/s  489s
ep 1 step  45,800/246,310 loss 0.01272 lr 1.49e-03 1,528,485 pos/s  491s
ep 1 step  46,000/246,310 loss 0.01273 lr 1.49e-03 1,529,081 pos/s  493s
ep 1 step  46,200/246,310 loss 0.01272 lr 1.49e-03 1,529,672 pos/s  495s
ep 1 step  46,400/246,310 loss 0.01265 lr 1.49e-03 1,530,249 pos/s  497s
ep 1 step  46,600/246,310 loss 0.01267 lr 1.49e-03 1,530,862 pos/s  499s
ep 1 step  46,800/246,310 loss 0.01269 lr 1.49e-03 1,531,448 pos/s  501s
ep 1 step  47,000/246,310 loss 0.01267 lr 1.49e-03 1,532,023 pos/s  503s
ep 1 step  47,200/246,310 loss 0.01264 lr 1.49e-03 1,532,728 pos/s  505s
ep 1 step  47,400/246,310 loss 0.01260 lr 1.49e-03 1,533,412 pos/s  506s
ep 1 step  47,600/246,310 loss 0.01266 lr 1.49e-03 1,533,992 pos/s  508s
ep 1 step  47,800/246,310 loss 0.01259 lr 1.49e-03 1,534,566 pos/s  510s
ep 1 step  48,000/246,310 loss 0.01259 lr 1.49e-03 1,535,260 pos/s  512s
ep 1 step  48,200/246,310 loss 0.01262 lr 1.49e-03 1,535,853 pos/s  514s
ep 1 step  48,400/246,310 loss 0.01260 lr 1.49e-03 1,536,478 pos/s  516s
ep 1 step  48,600/246,310 loss 0.01258 lr 1.49e-03 1,537,105 pos/s  518s
ep 1 step  48,800/246,310 loss 0.01260 lr 1.49e-03 1,537,651 pos/s  520s
ep 1 step  49,000/246,310 loss 0.01254 lr 1.49e-03 1,538,205 pos/s  522s
ep 1 step  49,200/246,310 loss 0.01256 lr 1.49e-03 1,538,804 pos/s  524s
== epoch 1 done | val_loss 0.01259 | MAE 120.9 cp | sign 92.4% | 525s
ep 2 step  49,400/246,310 loss 0.01203 lr 1.49e-03 1,477,610 pos/s  548s
ep 2 step  49,600/246,310 loss 0.01201 lr 1.49e-03 1,478,324 pos/s  550s
ep 2 step  49,800/246,310 loss 0.01204 lr 1.49e-03 1,479,022 pos/s  552s
ep 2 step  50,000/246,310 loss 0.01197 lr 1.49e-03 1,479,736 pos/s  554s
ep 2 step  50,200/246,310 loss 0.01201 lr 1.49e-03 1,480,447 pos/s  556s
ep 2 step  50,400/246,310 loss 0.01199 lr 1.48e-03 1,481,122 pos/s  558s
ep 2 step  50,600/246,310 loss 0.01204 lr 1.48e-03 1,481,793 pos/s  559s
ep 2 step  50,800/246,310 loss 0.01205 lr 1.48e-03 1,482,454 pos/s  561s
ep 2 step  51,000/246,310 loss 0.01203 lr 1.48e-03 1,483,104 pos/s  563s
ep 2 step  51,200/246,310 loss 0.01205 lr 1.48e-03 1,483,778 pos/s  565s
ep 2 step  51,400/246,310 loss 0.01211 lr 1.48e-03 1,484,464 pos/s  567s
ep 2 step  51,600/246,310 loss 0.01207 lr 1.48e-03 1,485,127 pos/s  569s
ep 2 step  51,800/246,310 loss 0.01209 lr 1.48e-03 1,485,828 pos/s  571s
ep 2 step  52,000/246,310 loss 0.01206 lr 1.48e-03 1,486,473 pos/s  573s
ep 2 step  52,200/246,310 loss 0.01206 lr 1.48e-03 1,487,089 pos/s  575s
ep 2 step  52,400/246,310 loss 0.01207 lr 1.48e-03 1,487,773 pos/s  577s
ep 2 step  52,600/246,310 loss 0.01202 lr 1.48e-03 1,488,400 pos/s  579s
ep 2 step  52,800/246,310 loss 0.01209 lr 1.48e-03 1,489,024 pos/s  581s
ep 2 step  53,000/246,310 loss 0.01204 lr 1.48e-03 1,489,653 pos/s  583s
ep 2 step  53,200/246,310 loss 0.01205 lr 1.48e-03 1,490,292 pos/s  585s
ep 2 step  53,400/246,310 loss 0.01211 lr 1.48e-03 1,490,940 pos/s  587s
ep 2 step  53,600/246,310 loss 0.01210 lr 1.48e-03 1,491,609 pos/s  589s
ep 2 step  53,800/246,310 loss 0.01210 lr 1.48e-03 1,492,229 pos/s  591s
ep 2 step  54,000/246,310 loss 0.01207 lr 1.48e-03 1,492,825 pos/s  593s
ep 2 step  54,200/246,310 loss 0.01209 lr 1.48e-03 1,493,428 pos/s  595s
ep 2 step  54,400/246,310 loss 0.01207 lr 1.47e-03 1,494,035 pos/s  597s
ep 2 step  54,600/246,310 loss 0.01209 lr 1.47e-03 1,494,663 pos/s  599s
ep 2 step  54,800/246,310 loss 0.01204 lr 1.47e-03 1,495,267 pos/s  600s
ep 2 step  55,000/246,310 loss 0.01207 lr 1.47e-03 1,495,848 pos/s  602s
ep 2 step  55,200/246,310 loss 0.01208 lr 1.47e-03 1,496,372 pos/s  604s
ep 2 step  55,400/246,310 loss 0.01206 lr 1.47e-03 1,496,952 pos/s  606s
ep 2 step  55,600/246,310 loss 0.01209 lr 1.47e-03 1,497,487 pos/s  608s
ep 2 step  55,800/246,310 loss 0.01207 lr 1.47e-03 1,498,036 pos/s  610s
ep 2 step  56,000/246,310 loss 0.01204 lr 1.47e-03 1,498,589 pos/s  612s
ep 2 step  56,200/246,310 loss 0.01208 lr 1.47e-03 1,499,180 pos/s  614s
ep 2 step  56,400/246,310 loss 0.01206 lr 1.47e-03 1,499,702 pos/s  616s
ep 2 step  56,600/246,310 loss 0.01210 lr 1.47e-03 1,500,222 pos/s  618s
ep 2 step  56,800/246,310 loss 0.01204 lr 1.47e-03 1,500,754 pos/s  620s
ep 2 step  57,000/246,310 loss 0.01209 lr 1.47e-03 1,501,267 pos/s  622s
ep 2 step  57,200/246,310 loss 0.01208 lr 1.47e-03 1,501,764 pos/s  624s
ep 2 step  57,400/246,310 loss 0.01202 lr 1.46e-03 1,502,376 pos/s  626s
ep 2 step  57,600/246,310 loss 0.01208 lr 1.46e-03 1,502,982 pos/s  628s
ep 2 step  57,800/246,310 loss 0.01205 lr 1.46e-03 1,503,553 pos/s  630s
ep 2 step  58,000/246,310 loss 0.01204 lr 1.46e-03 1,504,084 pos/s  632s
ep 2 step  58,200/246,310 loss 0.01206 lr 1.46e-03 1,504,627 pos/s  634s
ep 2 step  58,400/246,310 loss 0.01206 lr 1.46e-03 1,505,250 pos/s  636s
ep 2 step  58,600/246,310 loss 0.01204 lr 1.46e-03 1,505,887 pos/s  638s
ep 2 step  58,800/246,310 loss 0.01206 lr 1.46e-03 1,506,514 pos/s  639s
ep 2 step  59,000/246,310 loss 0.01206 lr 1.46e-03 1,507,136 pos/s  641s
ep 2 step  59,200/246,310 loss 0.01200 lr 1.46e-03 1,507,682 pos/s  643s
ep 2 step  59,400/246,310 loss 0.01203 lr 1.46e-03 1,508,200 pos/s  645s
ep 2 step  59,600/246,310 loss 0.01204 lr 1.46e-03 1,508,738 pos/s  647s
ep 2 step  59,800/246,310 loss 0.01202 lr 1.46e-03 1,509,239 pos/s  649s
ep 2 step  60,000/246,310 loss 0.01205 lr 1.46e-03 1,509,763 pos/s  651s
ep 2 step  60,200/246,310 loss 0.01203 lr 1.45e-03 1,510,264 pos/s  653s
ep 2 step  60,400/246,310 loss 0.01205 lr 1.45e-03 1,510,793 pos/s  655s
ep 2 step  60,600/246,310 loss 0.01204 lr 1.45e-03 1,511,306 pos/s  657s
ep 2 step  60,800/246,310 loss 0.01200 lr 1.45e-03 1,511,888 pos/s  659s
ep 2 step  61,000/246,310 loss 0.01201 lr 1.45e-03 1,512,481 pos/s  661s
ep 2 step  61,200/246,310 loss 0.01201 lr 1.45e-03 1,512,969 pos/s  663s
ep 2 step  61,400/246,310 loss 0.01201 lr 1.45e-03 1,513,445 pos/s  665s
ep 2 step  61,600/246,310 loss 0.01199 lr 1.45e-03 1,513,947 pos/s  667s
ep 2 step  61,800/246,310 loss 0.01200 lr 1.45e-03 1,514,424 pos/s  669s
ep 2 step  62,000/246,310 loss 0.01203 lr 1.45e-03 1,514,869 pos/s  671s
ep 2 step  62,200/246,310 loss 0.01202 lr 1.45e-03 1,515,254 pos/s  673s
ep 2 step  62,400/246,310 loss 0.01202 lr 1.45e-03 1,515,732 pos/s  675s
ep 2 step  62,600/246,310 loss 0.01201 lr 1.45e-03 1,516,211 pos/s  676s
ep 2 step  62,800/246,310 loss 0.01198 lr 1.44e-03 1,516,728 pos/s  678s
ep 2 step  63,000/246,310 loss 0.01200 lr 1.44e-03 1,517,298 pos/s  680s
ep 2 step  63,200/246,310 loss 0.01200 lr 1.44e-03 1,517,824 pos/s  682s
ep 2 step  63,400/246,310 loss 0.01197 lr 1.44e-03 1,518,345 pos/s  684s
ep 2 step  63,600/246,310 loss 0.01196 lr 1.44e-03 1,518,851 pos/s  686s
ep 2 step  63,800/246,310 loss 0.01192 lr 1.44e-03 1,519,335 pos/s  688s
ep 2 step  64,000/246,310 loss 0.01197 lr 1.44e-03 1,519,871 pos/s  690s
ep 2 step  64,200/246,310 loss 0.01195 lr 1.44e-03 1,520,417 pos/s  692s
ep 2 step  64,400/246,310 loss 0.01195 lr 1.44e-03 1,520,952 pos/s  694s
ep 2 step  64,600/246,310 loss 0.01196 lr 1.44e-03 1,521,427 pos/s  696s
ep 2 step  64,800/246,310 loss 0.01195 lr 1.44e-03 1,521,848 pos/s  698s
ep 2 step  65,000/246,310 loss 0.01195 lr 1.43e-03 1,522,260 pos/s  700s
ep 2 step  65,200/246,310 loss 0.01197 lr 1.43e-03 1,522,719 pos/s  702s
ep 2 step  65,400/246,310 loss 0.01197 lr 1.43e-03 1,523,174 pos/s  703s
ep 2 step  65,600/246,310 loss 0.01192 lr 1.43e-03 1,523,646 pos/s  705s
ep 2 step  65,800/246,310 loss 0.01195 lr 1.43e-03 1,524,075 pos/s  707s
ep 2 step  66,000/246,310 loss 0.01191 lr 1.43e-03 1,524,484 pos/s  709s
ep 2 step  66,200/246,310 loss 0.01195 lr 1.43e-03 1,524,889 pos/s  711s
ep 2 step  66,400/246,310 loss 0.01192 lr 1.43e-03 1,525,324 pos/s  713s
ep 2 step  66,600/246,310 loss 0.01193 lr 1.43e-03 1,525,778 pos/s  715s
ep 2 step  66,800/246,310 loss 0.01194 lr 1.43e-03 1,526,287 pos/s  717s
ep 2 step  67,000/246,310 loss 0.01189 lr 1.43e-03 1,526,720 pos/s  719s
ep 2 step  67,200/246,310 loss 0.01193 lr 1.42e-03 1,527,126 pos/s  721s
ep 2 step  67,400/246,310 loss 0.01192 lr 1.42e-03 1,527,518 pos/s  723s
ep 2 step  67,600/246,310 loss 0.01190 lr 1.42e-03 1,527,923 pos/s  725s
ep 2 step  67,800/246,310 loss 0.01191 lr 1.42e-03 1,528,374 pos/s  727s
ep 2 step  68,000/246,310 loss 0.01191 lr 1.42e-03 1,528,838 pos/s  729s
ep 2 step  68,200/246,310 loss 0.01190 lr 1.42e-03 1,529,224 pos/s  731s
ep 2 step  68,400/246,310 loss 0.01190 lr 1.42e-03 1,529,643 pos/s  733s
ep 2 step  68,600/246,310 loss 0.01192 lr 1.42e-03 1,530,051 pos/s  735s
ep 2 step  68,800/246,310 loss 0.01187 lr 1.42e-03 1,530,496 pos/s  737s
ep 2 step  69,000/246,310 loss 0.01188 lr 1.41e-03 1,530,931 pos/s  738s
ep 2 step  69,200/246,310 loss 0.01189 lr 1.41e-03 1,531,294 pos/s  740s
ep 2 step  69,400/246,310 loss 0.01187 lr 1.41e-03 1,531,662 pos/s  742s
ep 2 step  69,600/246,310 loss 0.01188 lr 1.41e-03 1,531,905 pos/s  744s
ep 2 step  69,800/246,310 loss 0.01189 lr 1.41e-03 1,532,273 pos/s  746s
ep 2 step  70,000/246,310 loss 0.01189 lr 1.41e-03 1,532,663 pos/s  748s
ep 2 step  70,200/246,310 loss 0.01186 lr 1.41e-03 1,533,041 pos/s  750s
ep 2 step  70,400/246,310 loss 0.01190 lr 1.41e-03 1,533,409 pos/s  752s
ep 2 step  70,600/246,310 loss 0.01182 lr 1.41e-03 1,533,775 pos/s  754s
ep 2 step  70,800/246,310 loss 0.01185 lr 1.41e-03 1,534,143 pos/s  756s
ep 2 step  71,000/246,310 loss 0.01182 lr 1.40e-03 1,534,551 pos/s  758s
ep 2 step  71,200/246,310 loss 0.01185 lr 1.40e-03 1,534,939 pos/s  760s
ep 2 step  71,400/246,310 loss 0.01189 lr 1.40e-03 1,535,265 pos/s  762s
ep 2 step  71,600/246,310 loss 0.01184 lr 1.40e-03 1,535,626 pos/s  764s
ep 2 step  71,800/246,310 loss 0.01185 lr 1.40e-03 1,535,981 pos/s  766s
ep 2 step  72,000/246,310 loss 0.01188 lr 1.40e-03 1,536,323 pos/s  768s
ep 2 step  72,200/246,310 loss 0.01184 lr 1.40e-03 1,536,670 pos/s  770s
ep 2 step  72,400/246,310 loss 0.01181 lr 1.40e-03 1,537,017 pos/s  772s
ep 2 step  72,600/246,310 loss 0.01184 lr 1.40e-03 1,537,393 pos/s  774s
ep 2 step  72,800/246,310 loss 0.01179 lr 1.39e-03 1,537,764 pos/s  776s
ep 2 step  73,000/246,310 loss 0.01182 lr 1.39e-03 1,538,164 pos/s  778s
ep 2 step  73,200/246,310 loss 0.01177 lr 1.39e-03 1,538,521 pos/s  780s
ep 2 step  73,400/246,310 loss 0.01183 lr 1.39e-03 1,538,909 pos/s  781s
ep 2 step  73,600/246,310 loss 0.01182 lr 1.39e-03 1,539,263 pos/s  783s
ep 2 step  73,800/246,310 loss 0.01179 lr 1.39e-03 1,539,620 pos/s  785s
== epoch 2 done | val_loss 0.01200 | MAE 119.4 cp | sign 92.7% | 787s
ep 3 step  74,000/246,310 loss 0.01115 lr 1.39e-03 1,498,456 pos/s  809s
ep 3 step  74,200/246,310 loss 0.01112 lr 1.39e-03 1,498,909 pos/s  811s
ep 3 step  74,400/246,310 loss 0.01113 lr 1.38e-03 1,499,375 pos/s  813s
ep 3 step  74,600/246,310 loss 0.01117 lr 1.38e-03 1,499,862 pos/s  815s
ep 3 step  74,800/246,310 loss 0.01117 lr 1.38e-03 1,500,250 pos/s  817s
ep 3 step  75,000/246,310 loss 0.01120 lr 1.38e-03 1,500,662 pos/s  819s
ep 3 step  75,200/246,310 loss 0.01119 lr 1.38e-03 1,501,032 pos/s  821s
ep 3 step  75,400/246,310 loss 0.01116 lr 1.38e-03 1,501,409 pos/s  823s
ep 3 step  75,600/246,310 loss 0.01118 lr 1.38e-03 1,501,813 pos/s  825s
ep 3 step  75,800/246,310 loss 0.01124 lr 1.38e-03 1,502,230 pos/s  827s
ep 3 step  76,000/246,310 loss 0.01121 lr 1.37e-03 1,502,623 pos/s  829s
ep 3 step  76,200/246,310 loss 0.01119 lr 1.37e-03 1,503,044 pos/s  831s
ep 3 step  76,400/246,310 loss 0.01129 lr 1.37e-03 1,503,487 pos/s  833s
ep 3 step  76,600/246,310 loss 0.01125 lr 1.37e-03 1,503,919 pos/s  834s
ep 3 step  76,800/246,310 loss 0.01127 lr 1.37e-03 1,504,339 pos/s  836s
ep 3 step  77,000/246,310 loss 0.01123 lr 1.37e-03 1,504,750 pos/s  838s
ep 3 step  77,200/246,310 loss 0.01124 lr 1.37e-03 1,505,158 pos/s  840s
ep 3 step  77,400/246,310 loss 0.01128 lr 1.37e-03 1,505,643 pos/s  842s
ep 3 step  77,600/246,310 loss 0.01129 lr 1.36e-03 1,506,070 pos/s  844s
ep 3 step  77,800/246,310 loss 0.01132 lr 1.36e-03 1,506,516 pos/s  846s
ep 3 step  78,000/246,310 loss 0.01125 lr 1.36e-03 1,506,899 pos/s  848s
ep 3 step  78,200/246,310 loss 0.01130 lr 1.36e-03 1,507,317 pos/s  850s
ep 3 step  78,400/246,310 loss 0.01127 lr 1.36e-03 1,507,707 pos/s  852s
ep 3 step  78,600/246,310 loss 0.01130 lr 1.36e-03 1,508,121 pos/s  854s
ep 3 step  78,800/246,310 loss 0.01128 lr 1.36e-03 1,508,470 pos/s  856s
ep 3 step  79,000/246,310 loss 0.01133 lr 1.36e-03 1,508,866 pos/s  858s
ep 3 step  79,200/246,310 loss 0.01128 lr 1.35e-03 1,509,266 pos/s  860s
ep 3 step  79,400/246,310 loss 0.01131 lr 1.35e-03 1,509,634 pos/s  862s
ep 3 step  79,600/246,310 loss 0.01131 lr 1.35e-03 1,510,020 pos/s  864s
ep 3 step  79,800/246,310 loss 0.01130 lr 1.35e-03 1,510,434 pos/s  866s
ep 3 step  80,000/246,310 loss 0.01130 lr 1.35e-03 1,510,832 pos/s  868s
ep 3 step  80,200/246,310 loss 0.01131 lr 1.35e-03 1,511,238 pos/s  869s
ep 3 step  80,400/246,310 loss 0.01131 lr 1.35e-03 1,511,614 pos/s  871s
ep 3 step  80,600/246,310 loss 0.01131 lr 1.34e-03 1,512,013 pos/s  873s
ep 3 step  80,800/246,310 loss 0.01133 lr 1.34e-03 1,512,450 pos/s  875s
ep 3 step  81,000/246,310 loss 0.01130 lr 1.34e-03 1,512,885 pos/s  877s
ep 3 step  81,200/246,310 loss 0.01131 lr 1.34e-03 1,513,244 pos/s  879s
ep 3 step  81,400/246,310 loss 0.01135 lr 1.34e-03 1,513,622 pos/s  881s
ep 3 step  81,600/246,310 loss 0.01131 lr 1.34e-03 1,514,018 pos/s  883s
ep 3 step  81,800/246,310 loss 0.01134 lr 1.34e-03 1,514,377 pos/s  885s
ep 3 step  82,000/246,310 loss 0.01132 lr 1.34e-03 1,514,724 pos/s  887s
ep 3 step  82,200/246,310 loss 0.01132 lr 1.33e-03 1,515,105 pos/s  889s
ep 3 step  82,400/246,310 loss 0.01130 lr 1.33e-03 1,515,482 pos/s  891s
ep 3 step  82,600/246,310 loss 0.01131 lr 1.33e-03 1,515,828 pos/s  893s
ep 3 step  82,800/246,310 loss 0.01133 lr 1.33e-03 1,516,189 pos/s  895s
ep 3 step  83,000/246,310 loss 0.01134 lr 1.33e-03 1,516,541 pos/s  897s
ep 3 step  83,200/246,310 loss 0.01133 lr 1.33e-03 1,516,884 pos/s  899s
ep 3 step  83,400/246,310 loss 0.01130 lr 1.33e-03 1,517,259 pos/s  901s
ep 3 step  83,600/246,310 loss 0.01134 lr 1.32e-03 1,517,656 pos/s  903s
ep 3 step  83,800/246,310 loss 0.01130 lr 1.32e-03 1,517,943 pos/s  904s
ep 3 step  84,000/246,310 loss 0.01135 lr 1.32e-03 1,518,342 pos/s  906s
ep 3 step  84,200/246,310 loss 0.01136 lr 1.32e-03 1,518,698 pos/s  908s
ep 3 step  84,400/246,310 loss 0.01134 lr 1.32e-03 1,519,038 pos/s  910s
ep 3 step  84,600/246,310 loss 0.01135 lr 1.32e-03 1,519,389 pos/s  912s
ep 3 step  84,800/246,310 loss 0.01133 lr 1.31e-03 1,519,783 pos/s  914s
ep 3 step  85,000/246,310 loss 0.01133 lr 1.31e-03 1,520,179 pos/s  916s
ep 3 step  85,200/246,310 loss 0.01135 lr 1.31e-03 1,520,498 pos/s  918s
ep 3 step  85,400/246,310 loss 0.01133 lr 1.31e-03 1,520,883 pos/s  920s
ep 3 step  85,600/246,310 loss 0.01133 lr 1.31e-03 1,521,228 pos/s  922s
ep 3 step  85,800/246,310 loss 0.01131 lr 1.31e-03 1,521,557 pos/s  924s
ep 3 step  86,000/246,310 loss 0.01130 lr 1.31e-03 1,521,889 pos/s  926s
ep 3 step  86,200/246,310 loss 0.01130 lr 1.30e-03 1,522,215 pos/s  928s
ep 3 step  86,400/246,310 loss 0.01132 lr 1.30e-03 1,522,542 pos/s  930s
ep 3 step  86,600/246,310 loss 0.01129 lr 1.30e-03 1,522,857 pos/s  932s
ep 3 step  86,800/246,310 loss 0.01132 lr 1.30e-03 1,523,216 pos/s  934s
ep 3 step  87,000/246,310 loss 0.01132 lr 1.30e-03 1,523,589 pos/s  936s
ep 3 step  87,200/246,310 loss 0.01134 lr 1.30e-03 1,523,946 pos/s  937s
ep 3 step  87,400/246,310 loss 0.01131 lr 1.30e-03 1,524,250 pos/s  939s
ep 3 step  87,600/246,310 loss 0.01132 lr 1.29e-03 1,524,562 pos/s  941s
ep 3 step  87,800/246,310 loss 0.01131 lr 1.29e-03 1,524,858 pos/s  943s
ep 3 step  88,000/246,310 loss 0.01129 lr 1.29e-03 1,525,178 pos/s  945s
ep 3 step  88,200/246,310 loss 0.01134 lr 1.29e-03 1,525,487 pos/s  947s
ep 3 step  88,400/246,310 loss 0.01133 lr 1.29e-03 1,525,836 pos/s  949s
ep 3 step  88,600/246,310 loss 0.01133 lr 1.29e-03 1,526,198 pos/s  951s
ep 3 step  88,800/246,310 loss 0.01130 lr 1.28e-03 1,526,513 pos/s  953s
ep 3 step  89,000/246,310 loss 0.01128 lr 1.28e-03 1,526,819 pos/s  955s
ep 3 step  89,200/246,310 loss 0.01135 lr 1.28e-03 1,527,139 pos/s  957s
ep 3 step  89,400/246,310 loss 0.01135 lr 1.28e-03 1,527,498 pos/s  959s
ep 3 step  89,600/246,310 loss 0.01135 lr 1.28e-03 1,527,816 pos/s  961s
ep 3 step  89,800/246,310 loss 0.01133 lr 1.28e-03 1,528,119 pos/s  963s
ep 3 step  90,000/246,310 loss 0.01134 lr 1.27e-03 1,528,421 pos/s  965s
ep 3 step  90,200/246,310 loss 0.01130 lr 1.27e-03 1,528,703 pos/s  967s
ep 3 step  90,400/246,310 loss 0.01134 lr 1.27e-03 1,529,000 pos/s  969s
ep 3 step  90,600/246,310 loss 0.01127 lr 1.27e-03 1,529,327 pos/s  971s
ep 3 step  90,800/246,310 loss 0.01132 lr 1.27e-03 1,529,620 pos/s  973s
ep 3 step  91,000/246,310 loss 0.01130 lr 1.27e-03 1,529,910 pos/s  975s
ep 3 step  91,200/246,310 loss 0.01131 lr 1.26e-03 1,530,227 pos/s  976s
ep 3 step  91,400/246,310 loss 0.01131 lr 1.26e-03 1,530,543 pos/s  978s
ep 3 step  91,600/246,310 loss 0.01133 lr 1.26e-03 1,530,908 pos/s  980s
ep 3 step  91,800/246,310 loss 0.01130 lr 1.26e-03 1,531,257 pos/s  982s
ep 3 step  92,000/246,310 loss 0.01129 lr 1.26e-03 1,531,621 pos/s  984s
ep 3 step  92,200/246,310 loss 0.01130 lr 1.26e-03 1,531,925 pos/s  986s
ep 3 step  92,400/246,310 loss 0.01128 lr 1.25e-03 1,532,231 pos/s  988s
ep 3 step  92,600/246,310 loss 0.01130 lr 1.25e-03 1,532,538 pos/s  990s
ep 3 step  92,800/246,310 loss 0.01128 lr 1.25e-03 1,532,873 pos/s  992s
ep 3 step  93,000/246,310 loss 0.01129 lr 1.25e-03 1,533,212 pos/s  994s
ep 3 step  93,200/246,310 loss 0.01130 lr 1.25e-03 1,533,442 pos/s  996s
ep 3 step  93,400/246,310 loss 0.01131 lr 1.25e-03 1,533,722 pos/s  998s
ep 3 step  93,600/246,310 loss 0.01132 lr 1.24e-03 1,534,013 pos/s  1000s
ep 3 step  93,800/246,310 loss 0.01127 lr 1.24e-03 1,534,306 pos/s  1002s
ep 3 step  94,000/246,310 loss 0.01127 lr 1.24e-03 1,534,640 pos/s  1004s
ep 3 step  94,200/246,310 loss 0.01127 lr 1.24e-03 1,534,934 pos/s  1005s
ep 3 step  94,400/246,310 loss 0.01128 lr 1.24e-03 1,535,229 pos/s  1007s
ep 3 step  94,600/246,310 loss 0.01131 lr 1.24e-03 1,535,518 pos/s  1009s
ep 3 step  94,800/246,310 loss 0.01125 lr 1.23e-03 1,535,802 pos/s  1011s
ep 3 step  95,000/246,310 loss 0.01129 lr 1.23e-03 1,536,083 pos/s  1013s
ep 3 step  95,200/246,310 loss 0.01127 lr 1.23e-03 1,536,341 pos/s  1015s
ep 3 step  95,400/246,310 loss 0.01127 lr 1.23e-03 1,536,624 pos/s  1017s
ep 3 step  95,600/246,310 loss 0.01127 lr 1.23e-03 1,536,889 pos/s  1019s
ep 3 step  95,800/246,310 loss 0.01128 lr 1.23e-03 1,537,159 pos/s  1021s
ep 3 step  96,000/246,310 loss 0.01126 lr 1.22e-03 1,537,428 pos/s  1023s
ep 3 step  96,200/246,310 loss 0.01129 lr 1.22e-03 1,537,694 pos/s  1025s
ep 3 step  96,400/246,310 loss 0.01127 lr 1.22e-03 1,537,962 pos/s  1027s
ep 3 step  96,600/246,310 loss 0.01128 lr 1.22e-03 1,538,181 pos/s  1029s
ep 3 step  96,800/246,310 loss 0.01127 lr 1.22e-03 1,538,496 pos/s  1031s
ep 3 step  97,000/246,310 loss 0.01127 lr 1.22e-03 1,538,812 pos/s  1033s
ep 3 step  97,200/246,310 loss 0.01128 lr 1.21e-03 1,539,125 pos/s  1035s
ep 3 step  97,400/246,310 loss 0.01127 lr 1.21e-03 1,539,441 pos/s  1037s
ep 3 step  97,600/246,310 loss 0.01123 lr 1.21e-03 1,539,765 pos/s  1039s
ep 3 step  97,800/246,310 loss 0.01130 lr 1.21e-03 1,540,074 pos/s  1040s
ep 3 step  98,000/246,310 loss 0.01126 lr 1.21e-03 1,540,384 pos/s  1042s
ep 3 step  98,200/246,310 loss 0.01123 lr 1.20e-03 1,540,631 pos/s  1044s
ep 3 step  98,400/246,310 loss 0.01122 lr 1.20e-03 1,540,890 pos/s  1046s
== epoch 3 done | val_loss 0.01160 | MAE 116.8 cp | sign 93.0% | 1048s
ep 4 step  98,600/246,310 loss 0.01055 lr 1.20e-03 1,510,158 pos/s  1070s
ep 4 step  98,800/246,310 loss 0.01057 lr 1.20e-03 1,510,503 pos/s  1072s
ep 4 step  99,000/246,310 loss 0.01058 lr 1.20e-03 1,510,817 pos/s  1074s
ep 4 step  99,200/246,310 loss 0.01062 lr 1.20e-03 1,511,136 pos/s  1076s
ep 4 step  99,400/246,310 loss 0.01057 lr 1.19e-03 1,511,469 pos/s  1077s
ep 4 step  99,600/246,310 loss 0.01063 lr 1.19e-03 1,511,839 pos/s  1079s
ep 4 step  99,800/246,310 loss 0.01057 lr 1.19e-03 1,512,164 pos/s  1081s
ep 4 step 100,000/246,310 loss 0.01060 lr 1.19e-03 1,512,463 pos/s  1083s
ep 4 step 100,200/246,310 loss 0.01064 lr 1.19e-03 1,512,811 pos/s  1085s
ep 4 step 100,400/246,310 loss 0.01064 lr 1.18e-03 1,513,119 pos/s  1087s
ep 4 step 100,600/246,310 loss 0.01063 lr 1.18e-03 1,513,454 pos/s  1089s
ep 4 step 100,800/246,310 loss 0.01069 lr 1.18e-03 1,513,782 pos/s  1091s
ep 4 step 101,000/246,310 loss 0.01064 lr 1.18e-03 1,514,125 pos/s  1093s
ep 4 step 101,200/246,310 loss 0.01066 lr 1.18e-03 1,514,432 pos/s  1095s
ep 4 step 101,400/246,310 loss 0.01068 lr 1.18e-03 1,514,696 pos/s  1097s
ep 4 step 101,600/246,310 loss 0.01070 lr 1.17e-03 1,515,033 pos/s  1099s
ep 4 step 101,800/246,310 loss 0.01071 lr 1.17e-03 1,515,375 pos/s  1101s
ep 4 step 102,000/246,310 loss 0.01069 lr 1.17e-03 1,515,693 pos/s  1103s
ep 4 step 102,200/246,310 loss 0.01072 lr 1.17e-03 1,515,967 pos/s  1105s
ep 4 step 102,400/246,310 loss 0.01071 lr 1.17e-03 1,516,226 pos/s  1107s
ep 4 step 102,600/246,310 loss 0.01070 lr 1.16e-03 1,516,449 pos/s  1109s
ep 4 step 102,800/246,310 loss 0.01072 lr 1.16e-03 1,516,694 pos/s  1110s
ep 4 step 103,000/246,310 loss 0.01073 lr 1.16e-03 1,516,953 pos/s  1112s
ep 4 step 103,200/246,310 loss 0.01071 lr 1.16e-03 1,517,194 pos/s  1114s
ep 4 step 103,400/246,310 loss 0.01071 lr 1.16e-03 1,517,478 pos/s  1116s
ep 4 step 103,600/246,310 loss 0.01068 lr 1.16e-03 1,517,815 pos/s  1118s
ep 4 step 103,800/246,310 loss 0.01072 lr 1.15e-03 1,517,894 pos/s  1120s
ep 4 step 104,000/246,310 loss 0.01070 lr 1.15e-03 1,517,958 pos/s  1123s
ep 4 step 104,200/246,310 loss 0.01074 lr 1.15e-03 1,517,941 pos/s  1125s
ep 4 step 104,400/246,310 loss 0.01075 lr 1.15e-03 1,518,002 pos/s  1127s
ep 4 step 104,600/246,310 loss 0.01076 lr 1.15e-03 1,518,089 pos/s  1129s
ep 4 step 104,800/246,310 loss 0.01076 lr 1.14e-03 1,518,198 pos/s  1131s
ep 4 step 105,000/246,310 loss 0.01075 lr 1.14e-03 1,518,253 pos/s  1133s
ep 4 step 105,200/246,310 loss 0.01077 lr 1.14e-03 1,518,380 pos/s  1135s
ep 4 step 105,400/246,310 loss 0.01074 lr 1.14e-03 1,518,551 pos/s  1137s
ep 4 step 105,600/246,310 loss 0.01078 lr 1.14e-03 1,518,687 pos/s  1139s
ep 4 step 105,800/246,310 loss 0.01076 lr 1.13e-03 1,518,788 pos/s  1141s
ep 4 step 106,000/246,310 loss 0.01078 lr 1.13e-03 1,518,936 pos/s  1143s
ep 4 step 106,200/246,310 loss 0.01075 lr 1.13e-03 1,519,034 pos/s  1145s
ep 4 step 106,400/246,310 loss 0.01075 lr 1.13e-03 1,519,129 pos/s  1148s
ep 4 step 106,600/246,310 loss 0.01079 lr 1.13e-03 1,519,253 pos/s  1150s
ep 4 step 106,800/246,310 loss 0.01075 lr 1.12e-03 1,519,413 pos/s  1152s
ep 4 step 107,000/246,310 loss 0.01077 lr 1.12e-03 1,519,507 pos/s  1154s
ep 4 step 107,200/246,310 loss 0.01077 lr 1.12e-03 1,519,625 pos/s  1156s
ep 4 step 107,400/246,310 loss 0.01076 lr 1.12e-03 1,519,700 pos/s  1158s
ep 4 step 107,600/246,310 loss 0.01080 lr 1.12e-03 1,519,692 pos/s  1160s
ep 4 step 107,800/246,310 loss 0.01079 lr 1.11e-03 1,519,801 pos/s  1162s
ep 4 step 108,000/246,310 loss 0.01077 lr 1.11e-03 1,519,882 pos/s  1164s
ep 4 step 108,200/246,310 loss 0.01079 lr 1.11e-03 1,519,930 pos/s  1166s
ep 4 step 108,400/246,310 loss 0.01072 lr 1.11e-03 1,520,016 pos/s  1168s
ep 4 step 108,600/246,310 loss 0.01077 lr 1.11e-03 1,520,059 pos/s  1171s
ep 4 step 108,800/246,310 loss 0.01077 lr 1.10e-03 1,520,097 pos/s  1173s
ep 4 step 109,000/246,310 loss 0.01081 lr 1.10e-03 1,520,193 pos/s  1175s
ep 4 step 109,200/246,310 loss 0.01079 lr 1.10e-03 1,520,238 pos/s  1177s
ep 4 step 109,400/246,310 loss 0.01080 lr 1.10e-03 1,520,354 pos/s  1179s
ep 4 step 109,600/246,310 loss 0.01077 lr 1.10e-03 1,520,447 pos/s  1181s
ep 4 step 109,800/246,310 loss 0.01077 lr 1.09e-03 1,520,402 pos/s  1183s
ep 4 step 110,000/246,310 loss 0.01078 lr 1.09e-03 1,520,439 pos/s  1185s
ep 4 step 110,200/246,310 loss 0.01082 lr 1.09e-03 1,520,525 pos/s  1187s
ep 4 step 110,400/246,310 loss 0.01077 lr 1.09e-03 1,520,603 pos/s  1190s
ep 4 step 110,600/246,310 loss 0.01076 lr 1.09e-03 1,520,708 pos/s  1192s
ep 4 step 110,800/246,310 loss 0.01079 lr 1.08e-03 1,520,805 pos/s  1194s
ep 4 step 111,000/246,310 loss 0.01080 lr 1.08e-03 1,520,881 pos/s  1196s
ep 4 step 111,200/246,310 loss 0.01078 lr 1.08e-03 1,520,965 pos/s  1198s
ep 4 step 111,400/246,310 loss 0.01079 lr 1.08e-03 1,521,049 pos/s  1200s
ep 4 step 111,600/246,310 loss 0.01079 lr 1.08e-03 1,521,176 pos/s  1202s
ep 4 step 111,800/246,310 loss 0.01079 lr 1.07e-03 1,521,128 pos/s  1204s
ep 4 step 112,000/246,310 loss 0.01079 lr 1.07e-03 1,521,216 pos/s  1206s
ep 4 step 112,200/246,310 loss 0.01077 lr 1.07e-03 1,521,261 pos/s  1208s
ep 4 step 112,400/246,310 loss 0.01078 lr 1.07e-03 1,521,352 pos/s  1210s
ep 4 step 112,600/246,310 loss 0.01075 lr 1.07e-03 1,521,446 pos/s  1213s
ep 4 step 112,800/246,310 loss 0.01077 lr 1.06e-03 1,521,532 pos/s  1215s
ep 4 step 113,000/246,310 loss 0.01081 lr 1.06e-03 1,521,518 pos/s  1217s
ep 4 step 113,200/246,310 loss 0.01079 lr 1.06e-03 1,521,532 pos/s  1219s
ep 4 step 113,400/246,310 loss 0.01082 lr 1.06e-03 1,521,655 pos/s  1221s
ep 4 step 113,600/246,310 loss 0.01080 lr 1.06e-03 1,521,789 pos/s  1223s
ep 4 step 113,800/246,310 loss 0.01079 lr 1.05e-03 1,521,926 pos/s  1225s
ep 4 step 114,000/246,310 loss 0.01077 lr 1.05e-03 1,521,996 pos/s  1227s
ep 4 step 114,200/246,310 loss 0.01079 lr 1.05e-03 1,522,108 pos/s  1229s
ep 4 step 114,400/246,310 loss 0.01080 lr 1.05e-03 1,522,257 pos/s  1231s
ep 4 step 114,600/246,310 loss 0.01079 lr 1.05e-03 1,522,316 pos/s  1233s
ep 4 step 114,800/246,310 loss 0.01074 lr 1.04e-03 1,522,412 pos/s  1235s
ep 4 step 115,000/246,310 loss 0.01073 lr 1.04e-03 1,522,436 pos/s  1238s
ep 4 step 115,200/246,310 loss 0.01080 lr 1.04e-03 1,522,570 pos/s  1240s
ep 4 step 115,400/246,310 loss 0.01079 lr 1.04e-03 1,522,657 pos/s  1242s
ep 4 step 115,600/246,310 loss 0.01077 lr 1.04e-03 1,522,737 pos/s  1244s
ep 4 step 115,800/246,310 loss 0.01075 lr 1.03e-03 1,522,862 pos/s  1246s
ep 4 step 116,000/246,310 loss 0.01079 lr 1.03e-03 1,522,927 pos/s  1248s
ep 4 step 116,200/246,310 loss 0.01080 lr 1.03e-03 1,523,013 pos/s  1250s
ep 4 step 116,400/246,310 loss 0.01075 lr 1.03e-03 1,523,054 pos/s  1252s
ep 4 step 116,600/246,310 loss 0.01077 lr 1.03e-03 1,523,197 pos/s  1254s
ep 4 step 116,800/246,310 loss 0.01079 lr 1.02e-03 1,523,303 pos/s  1256s
ep 4 step 117,000/246,310 loss 0.01073 lr 1.02e-03 1,523,377 pos/s  1258s
ep 4 step 117,200/246,310 loss 0.01078 lr 1.02e-03 1,523,508 pos/s  1260s
ep 4 step 117,400/246,310 loss 0.01078 lr 1.02e-03 1,523,575 pos/s  1262s
ep 4 step 117,600/246,310 loss 0.01079 lr 1.01e-03 1,523,638 pos/s  1265s
ep 4 step 117,800/246,310 loss 0.01077 lr 1.01e-03 1,523,747 pos/s  1267s
ep 4 step 118,000/246,310 loss 0.01081 lr 1.01e-03 1,523,752 pos/s  1269s
ep 4 step 118,200/246,310 loss 0.01078 lr 1.01e-03 1,523,819 pos/s  1271s
ep 4 step 118,400/246,310 loss 0.01076 lr 1.01e-03 1,523,847 pos/s  1273s
ep 4 step 118,600/246,310 loss 0.01074 lr 1.00e-03 1,523,916 pos/s  1275s
ep 4 step 118,800/246,310 loss 0.01079 lr 1.00e-03 1,524,019 pos/s  1277s
ep 4 step 119,000/246,310 loss 0.01076 lr 1.00e-03 1,524,064 pos/s  1279s
ep 4 step 119,200/246,310 loss 0.01076 lr 9.98e-04 1,524,126 pos/s  1281s
ep 4 step 119,400/246,310 loss 0.01075 lr 9.96e-04 1,524,230 pos/s  1283s
ep 4 step 119,600/246,310 loss 0.01076 lr 9.93e-04 1,524,259 pos/s  1286s
ep 4 step 119,800/246,310 loss 0.01075 lr 9.91e-04 1,524,324 pos/s  1288s
ep 4 step 120,000/246,310 loss 0.01080 lr 9.89e-04 1,524,404 pos/s  1290s
ep 4 step 120,200/246,310 loss 0.01075 lr 9.87e-04 1,524,469 pos/s  1292s
ep 4 step 120,400/246,310 loss 0.01078 lr 9.85e-04 1,524,536 pos/s  1294s
ep 4 step 120,600/246,310 loss 0.01077 lr 9.83e-04 1,524,643 pos/s  1296s
ep 4 step 120,800/246,310 loss 0.01076 lr 9.81e-04 1,524,758 pos/s  1298s
ep 4 step 121,000/246,310 loss 0.01073 lr 9.78e-04 1,524,847 pos/s  1300s
ep 4 step 121,200/246,310 loss 0.01078 lr 9.76e-04 1,524,912 pos/s  1302s
ep 4 step 121,400/246,310 loss 0.01074 lr 9.74e-04 1,524,993 pos/s  1304s
ep 4 step 121,600/246,310 loss 0.01077 lr 9.72e-04 1,525,106 pos/s  1306s
ep 4 step 121,800/246,310 loss 0.01076 lr 9.70e-04 1,525,129 pos/s  1308s
ep 4 step 122,000/246,310 loss 0.01074 lr 9.68e-04 1,525,231 pos/s  1311s
ep 4 step 122,200/246,310 loss 0.01073 lr 9.66e-04 1,525,237 pos/s  1313s
ep 4 step 122,400/246,310 loss 0.01077 lr 9.63e-04 1,525,258 pos/s  1315s
ep 4 step 122,600/246,310 loss 0.01077 lr 9.61e-04 1,525,343 pos/s  1317s
ep 4 step 122,800/246,310 loss 0.01072 lr 9.59e-04 1,525,425 pos/s  1319s
ep 4 step 123,000/246,310 loss 0.01073 lr 9.57e-04 1,525,541 pos/s  1321s
== epoch 4 done | val_loss 0.01140 | MAE 117.2 cp | sign 93.1% | 1323s
ep 5 step 123,200/246,310 loss 0.01010 lr 9.55e-04 1,500,567 pos/s  1345s
ep 5 step 123,400/246,310 loss 0.01004 lr 9.53e-04 1,500,691 pos/s  1347s
ep 5 step 123,600/246,310 loss 0.01008 lr 9.50e-04 1,500,823 pos/s  1349s
ep 5 step 123,800/246,310 loss 0.01008 lr 9.48e-04 1,500,924 pos/s  1351s
ep 5 step 124,000/246,310 loss 0.01010 lr 9.46e-04 1,500,986 pos/s  1354s
ep 5 step 124,200/246,310 loss 0.01008 lr 9.44e-04 1,501,154 pos/s  1356s
ep 5 step 124,400/246,310 loss 0.01014 lr 9.42e-04 1,501,213 pos/s  1358s
ep 5 step 124,600/246,310 loss 0.01013 lr 9.40e-04 1,501,349 pos/s  1360s
ep 5 step 124,800/246,310 loss 0.01015 lr 9.37e-04 1,501,449 pos/s  1362s
ep 5 step 125,000/246,310 loss 0.01016 lr 9.35e-04 1,501,573 pos/s  1364s
ep 5 step 125,200/246,310 loss 0.01014 lr 9.33e-04 1,501,681 pos/s  1366s
ep 5 step 125,400/246,310 loss 0.01018 lr 9.31e-04 1,501,802 pos/s  1368s
ep 5 step 125,600/246,310 loss 0.01016 lr 9.29e-04 1,501,904 pos/s  1370s
ep 5 step 125,800/246,310 loss 0.01018 lr 9.26e-04 1,501,967 pos/s  1372s
ep 5 step 126,000/246,310 loss 0.01018 lr 9.24e-04 1,502,038 pos/s  1374s
ep 5 step 126,200/246,310 loss 0.01018 lr 9.22e-04 1,502,144 pos/s  1376s
ep 5 step 126,400/246,310 loss 0.01018 lr 9.20e-04 1,502,277 pos/s  1379s
ep 5 step 126,600/246,310 loss 0.01018 lr 9.18e-04 1,502,415 pos/s  1381s
ep 5 step 126,800/246,310 loss 0.01021 lr 9.15e-04 1,502,524 pos/s  1383s
ep 5 step 127,000/246,310 loss 0.01022 lr 9.13e-04 1,502,593 pos/s  1385s
ep 5 step 127,200/246,310 loss 0.01019 lr 9.11e-04 1,502,688 pos/s  1387s
ep 5 step 127,400/246,310 loss 0.01021 lr 9.09e-04 1,502,742 pos/s  1389s
ep 5 step 127,600/246,310 loss 0.01023 lr 9.07e-04 1,502,869 pos/s  1391s
ep 5 step 127,800/246,310 loss 0.01021 lr 9.05e-04 1,502,982 pos/s  1393s
ep 5 step 128,000/246,310 loss 0.01025 lr 9.02e-04 1,503,074 pos/s  1395s
ep 5 step 128,200/246,310 loss 0.01022 lr 9.00e-04 1,503,182 pos/s  1397s
ep 5 step 128,400/246,310 loss 0.01025 lr 8.98e-04 1,503,253 pos/s  1399s
ep 5 step 128,600/246,310 loss 0.01025 lr 8.96e-04 1,503,329 pos/s  1402s
ep 5 step 128,800/246,310 loss 0.01023 lr 8.93e-04 1,503,396 pos/s  1404s
ep 5 step 129,000/246,310 loss 0.01022 lr 8.91e-04 1,503,458 pos/s  1406s
ep 5 step 129,200/246,310 loss 0.01025 lr 8.89e-04 1,503,583 pos/s  1408s
ep 5 step 129,400/246,310 loss 0.01023 lr 8.87e-04 1,503,646 pos/s  1410s
ep 5 step 129,600/246,310 loss 0.01023 lr 8.85e-04 1,503,746 pos/s  1412s
ep 5 step 129,800/246,310 loss 0.01027 lr 8.82e-04 1,503,821 pos/s  1414s
ep 5 step 130,000/246,310 loss 0.01026 lr 8.80e-04 1,503,951 pos/s  1416s
ep 5 step 130,200/246,310 loss 0.01026 lr 8.78e-04 1,504,052 pos/s  1418s
ep 5 step 130,400/246,310 loss 0.01029 lr 8.76e-04 1,504,125 pos/s  1420s
ep 5 step 130,600/246,310 loss 0.01024 lr 8.74e-04 1,504,238 pos/s  1422s
ep 5 step 130,800/246,310 loss 0.01025 lr 8.71e-04 1,504,352 pos/s  1425s
ep 5 step 131,000/246,310 loss 0.01025 lr 8.69e-04 1,504,431 pos/s  1427s
ep 5 step 131,200/246,310 loss 0.01029 lr 8.67e-04 1,504,574 pos/s  1429s
ep 5 step 131,400/246,310 loss 0.01026 lr 8.65e-04 1,504,697 pos/s  1431s
ep 5 step 131,600/246,310 loss 0.01026 lr 8.62e-04 1,504,833 pos/s  1433s
ep 5 step 131,800/246,310 loss 0.01026 lr 8.60e-04 1,504,946 pos/s  1435s
ep 5 step 132,000/246,310 loss 0.01026 lr 8.58e-04 1,505,077 pos/s  1437s
ep 5 step 132,200/246,310 loss 0.01027 lr 8.56e-04 1,505,139 pos/s  1439s
ep 5 step 132,400/246,310 loss 0.01029 lr 8.54e-04 1,505,202 pos/s  1441s
ep 5 step 132,600/246,310 loss 0.01027 lr 8.51e-04 1,505,288 pos/s  1443s
ep 5 step 132,800/246,310 loss 0.01029 lr 8.49e-04 1,505,388 pos/s  1445s
ep 5 step 133,000/246,310 loss 0.01029 lr 8.47e-04 1,505,481 pos/s  1447s
ep 5 step 133,200/246,310 loss 0.01028 lr 8.45e-04 1,505,595 pos/s  1449s
ep 5 step 133,400/246,310 loss 0.01030 lr 8.42e-04 1,505,719 pos/s  1452s
ep 5 step 133,600/246,310 loss 0.01032 lr 8.40e-04 1,505,805 pos/s  1454s
ep 5 step 133,800/246,310 loss 0.01031 lr 8.38e-04 1,505,901 pos/s  1456s
ep 5 step 134,000/246,310 loss 0.01025 lr 8.36e-04 1,506,021 pos/s  1458s
ep 5 step 134,200/246,310 loss 0.01028 lr 8.33e-04 1,506,135 pos/s  1460s
ep 5 step 134,400/246,310 loss 0.01026 lr 8.31e-04 1,506,213 pos/s  1462s
ep 5 step 134,600/246,310 loss 0.01027 lr 8.29e-04 1,506,306 pos/s  1464s
ep 5 step 134,800/246,310 loss 0.01030 lr 8.27e-04 1,506,374 pos/s  1466s
ep 5 step 135,000/246,310 loss 0.01026 lr 8.24e-04 1,506,470 pos/s  1468s
ep 5 step 135,200/246,310 loss 0.01030 lr 8.22e-04 1,506,547 pos/s  1470s
ep 5 step 135,400/246,310 loss 0.01029 lr 8.20e-04 1,506,674 pos/s  1472s
ep 5 step 135,600/246,310 loss 0.01030 lr 8.18e-04 1,506,744 pos/s  1474s
ep 5 step 135,800/246,310 loss 0.01029 lr 8.15e-04 1,506,868 pos/s  1477s
ep 5 step 136,000/246,310 loss 0.01029 lr 8.13e-04 1,506,988 pos/s  1479s
ep 5 step 136,200/246,310 loss 0.01029 lr 8.11e-04 1,507,110 pos/s  1481s
ep 5 step 136,400/246,310 loss 0.01028 lr 8.09e-04 1,507,184 pos/s  1483s
ep 5 step 136,600/246,310 loss 0.01028 lr 8.07e-04 1,507,265 pos/s  1485s
ep 5 step 136,800/246,310 loss 0.01030 lr 8.04e-04 1,507,326 pos/s  1487s
ep 5 step 137,000/246,310 loss 0.01030 lr 8.02e-04 1,507,405 pos/s  1489s
ep 5 step 137,200/246,310 loss 0.01030 lr 8.00e-04 1,507,455 pos/s  1491s
ep 5 step 137,400/246,310 loss 0.01030 lr 7.98e-04 1,507,544 pos/s  1493s
ep 5 step 137,600/246,310 loss 0.01029 lr 7.95e-04 1,507,632 pos/s  1495s
ep 5 step 137,800/246,310 loss 0.01030 lr 7.93e-04 1,507,748 pos/s  1497s
ep 5 step 138,000/246,310 loss 0.01028 lr 7.91e-04 1,507,832 pos/s  1499s
ep 5 step 138,200/246,310 loss 0.01028 lr 7.89e-04 1,507,926 pos/s  1502s
ep 5 step 138,400/246,310 loss 0.01028 lr 7.86e-04 1,507,946 pos/s  1504s
ep 5 step 138,600/246,310 loss 0.01030 lr 7.84e-04 1,508,021 pos/s  1506s
ep 5 step 138,800/246,310 loss 0.01029 lr 7.82e-04 1,508,126 pos/s  1508s
ep 5 step 139,000/246,310 loss 0.01031 lr 7.80e-04 1,508,224 pos/s  1510s
ep 5 step 139,200/246,310 loss 0.01031 lr 7.77e-04 1,508,312 pos/s  1512s
ep 5 step 139,400/246,310 loss 0.01030 lr 7.75e-04 1,508,429 pos/s  1514s
ep 5 step 139,600/246,310 loss 0.01032 lr 7.73e-04 1,508,530 pos/s  1516s
ep 5 step 139,800/246,310 loss 0.01030 lr 7.71e-04 1,508,598 pos/s  1518s
ep 5 step 140,000/246,310 loss 0.01027 lr 7.68e-04 1,508,676 pos/s  1520s
ep 5 step 140,200/246,310 loss 0.01027 lr 7.66e-04 1,508,799 pos/s  1522s
ep 5 step 140,400/246,310 loss 0.01028 lr 7.64e-04 1,508,916 pos/s  1524s
ep 5 step 140,600/246,310 loss 0.01024 lr 7.62e-04 1,508,996 pos/s  1527s
ep 5 step 140,800/246,310 loss 0.01029 lr 7.59e-04 1,509,126 pos/s  1529s
ep 5 step 141,000/246,310 loss 0.01028 lr 7.57e-04 1,509,264 pos/s  1531s
ep 5 step 141,200/246,310 loss 0.01030 lr 7.55e-04 1,509,323 pos/s  1533s
ep 5 step 141,400/246,310 loss 0.01026 lr 7.53e-04 1,509,374 pos/s  1535s
ep 5 step 141,600/246,310 loss 0.01027 lr 7.50e-04 1,509,502 pos/s  1537s
ep 5 step 141,800/246,310 loss 0.01031 lr 7.48e-04 1,509,634 pos/s  1539s
ep 5 step 142,000/246,310 loss 0.01028 lr 7.46e-04 1,509,751 pos/s  1541s
ep 5 step 142,200/246,310 loss 0.01028 lr 7.44e-04 1,509,786 pos/s  1543s
ep 5 step 142,400/246,310 loss 0.01029 lr 7.41e-04 1,509,872 pos/s  1545s
ep 5 step 142,600/246,310 loss 0.01031 lr 7.39e-04 1,509,976 pos/s  1547s
ep 5 step 142,800/246,310 loss 0.01030 lr 7.37e-04 1,510,076 pos/s  1549s
ep 5 step 143,000/246,310 loss 0.01031 lr 7.35e-04 1,510,220 pos/s  1551s
ep 5 step 143,200/246,310 loss 0.01030 lr 7.32e-04 1,510,299 pos/s  1553s
ep 5 step 143,400/246,310 loss 0.01027 lr 7.30e-04 1,510,417 pos/s  1556s
ep 5 step 143,600/246,310 loss 0.01027 lr 7.28e-04 1,510,495 pos/s  1558s
ep 5 step 143,800/246,310 loss 0.01026 lr 7.26e-04 1,510,595 pos/s  1560s
ep 5 step 144,000/246,310 loss 0.01025 lr 7.23e-04 1,510,712 pos/s  1562s
ep 5 step 144,200/246,310 loss 0.01026 lr 7.21e-04 1,510,810 pos/s  1564s
ep 5 step 144,400/246,310 loss 0.01029 lr 7.19e-04 1,510,862 pos/s  1566s
ep 5 step 144,600/246,310 loss 0.01026 lr 7.17e-04 1,510,868 pos/s  1568s
ep 5 step 144,800/246,310 loss 0.01031 lr 7.14e-04 1,510,924 pos/s  1570s
ep 5 step 145,000/246,310 loss 0.01028 lr 7.12e-04 1,511,021 pos/s  1572s
ep 5 step 145,200/246,310 loss 0.01026 lr 7.10e-04 1,511,086 pos/s  1574s
ep 5 step 145,400/246,310 loss 0.01030 lr 7.08e-04 1,511,180 pos/s  1576s
ep 5 step 145,600/246,310 loss 0.01031 lr 7.05e-04 1,511,292 pos/s  1578s
ep 5 step 145,800/246,310 loss 0.01028 lr 7.03e-04 1,511,338 pos/s  1581s
ep 5 step 146,000/246,310 loss 0.01025 lr 7.01e-04 1,511,439 pos/s  1583s
ep 5 step 146,200/246,310 loss 0.01030 lr 6.99e-04 1,511,530 pos/s  1585s
ep 5 step 146,400/246,310 loss 0.01024 lr 6.96e-04 1,511,578 pos/s  1587s
ep 5 step 146,600/246,310 loss 0.01029 lr 6.94e-04 1,511,671 pos/s  1589s
ep 5 step 146,800/246,310 loss 0.01026 lr 6.92e-04 1,511,752 pos/s  1591s
ep 5 step 147,000/246,310 loss 0.01026 lr 6.90e-04 1,511,859 pos/s  1593s
ep 5 step 147,200/246,310 loss 0.01026 lr 6.87e-04 1,511,908 pos/s  1595s
ep 5 step 147,400/246,310 loss 0.01024 lr 6.85e-04 1,511,989 pos/s  1597s
ep 5 step 147,600/246,310 loss 0.01025 lr 6.83e-04 1,512,069 pos/s  1599s
== epoch 5 done | val_loss 0.01115 | MAE 114.1 cp | sign 93.3% | 1602s
ep 6 step 147,800/246,310 loss 0.00973 lr 6.81e-04 1,491,471 pos/s  1624s
ep 6 step 148,000/246,310 loss 0.00966 lr 6.78e-04 1,491,591 pos/s  1626s
ep 6 step 148,200/246,310 loss 0.00965 lr 6.76e-04 1,491,700 pos/s  1628s
ep 6 step 148,400/246,310 loss 0.00967 lr 6.74e-04 1,491,788 pos/s  1630s
ep 6 step 148,600/246,310 loss 0.00966 lr 6.72e-04 1,491,895 pos/s  1632s
ep 6 step 148,800/246,310 loss 0.00964 lr 6.69e-04 1,491,993 pos/s  1634s
ep 6 step 149,000/246,310 loss 0.00967 lr 6.67e-04 1,492,076 pos/s  1636s
ep 6 step 149,200/246,310 loss 0.00970 lr 6.65e-04 1,492,188 pos/s  1638s
ep 6 step 149,400/246,310 loss 0.00968 lr 6.63e-04 1,492,327 pos/s  1640s
ep 6 step 149,600/246,310 loss 0.00967 lr 6.60e-04 1,492,452 pos/s  1642s
ep 6 step 149,800/246,310 loss 0.00972 lr 6.58e-04 1,492,553 pos/s  1644s
ep 6 step 150,000/246,310 loss 0.00970 lr 6.56e-04 1,492,610 pos/s  1647s
ep 6 step 150,200/246,310 loss 0.00974 lr 6.54e-04 1,492,700 pos/s  1649s
ep 6 step 150,400/246,310 loss 0.00971 lr 6.52e-04 1,492,774 pos/s  1651s
ep 6 step 150,600/246,310 loss 0.00970 lr 6.49e-04 1,492,856 pos/s  1653s
ep 6 step 150,800/246,310 loss 0.00974 lr 6.47e-04 1,492,912 pos/s  1655s
ep 6 step 151,000/246,310 loss 0.00971 lr 6.45e-04 1,492,959 pos/s  1657s
ep 6 step 151,200/246,310 loss 0.00974 lr 6.43e-04 1,493,065 pos/s  1659s
ep 6 step 151,400/246,310 loss 0.00976 lr 6.40e-04 1,493,128 pos/s  1661s
ep 6 step 151,600/246,310 loss 0.00976 lr 6.38e-04 1,493,222 pos/s  1663s
ep 6 step 151,800/246,310 loss 0.00976 lr 6.36e-04 1,493,323 pos/s  1665s
ep 6 step 152,000/246,310 loss 0.00980 lr 6.34e-04 1,493,453 pos/s  1668s
ep 6 step 152,200/246,310 loss 0.00976 lr 6.32e-04 1,493,563 pos/s  1670s
ep 6 step 152,400/246,310 loss 0.00977 lr 6.29e-04 1,493,689 pos/s  1672s
ep 6 step 152,600/246,310 loss 0.00978 lr 6.27e-04 1,493,760 pos/s  1674s
ep 6 step 152,800/246,310 loss 0.00977 lr 6.25e-04 1,493,858 pos/s  1676s
ep 6 step 153,000/246,310 loss 0.00974 lr 6.23e-04 1,493,974 pos/s  1678s
ep 6 step 153,200/246,310 loss 0.00977 lr 6.20e-04 1,494,071 pos/s  1680s
ep 6 step 153,400/246,310 loss 0.00979 lr 6.18e-04 1,494,189 pos/s  1682s
ep 6 step 153,600/246,310 loss 0.00976 lr 6.16e-04 1,494,312 pos/s  1684s
ep 6 step 153,800/246,310 loss 0.00980 lr 6.14e-04 1,494,406 pos/s  1686s
ep 6 step 154,000/246,310 loss 0.00979 lr 6.12e-04 1,494,515 pos/s  1688s
ep 6 step 154,200/246,310 loss 0.00980 lr 6.09e-04 1,494,657 pos/s  1690s
ep 6 step 154,400/246,310 loss 0.00981 lr 6.07e-04 1,494,761 pos/s  1692s
ep 6 step 154,600/246,310 loss 0.00979 lr 6.05e-04 1,494,843 pos/s  1694s
ep 6 step 154,800/246,310 loss 0.00978 lr 6.03e-04 1,494,942 pos/s  1697s
ep 6 step 155,000/246,310 loss 0.00982 lr 6.01e-04 1,495,057 pos/s  1699s
ep 6 step 155,200/246,310 loss 0.00979 lr 5.98e-04 1,495,146 pos/s  1701s
ep 6 step 155,400/246,310 loss 0.00983 lr 5.96e-04 1,495,171 pos/s  1703s
ep 6 step 155,600/246,310 loss 0.00981 lr 5.94e-04 1,495,301 pos/s  1705s
ep 6 step 155,800/246,310 loss 0.00979 lr 5.92e-04 1,495,419 pos/s  1707s
ep 6 step 156,000/246,310 loss 0.00981 lr 5.90e-04 1,495,491 pos/s  1709s
ep 6 step 156,200/246,310 loss 0.00981 lr 5.87e-04 1,495,562 pos/s  1711s
ep 6 step 156,400/246,310 loss 0.00983 lr 5.85e-04 1,495,661 pos/s  1713s
ep 6 step 156,600/246,310 loss 0.00983 lr 5.83e-04 1,495,731 pos/s  1715s
ep 6 step 156,800/246,310 loss 0.00982 lr 5.81e-04 1,495,859 pos/s  1717s
ep 6 step 157,000/246,310 loss 0.00981 lr 5.79e-04 1,495,968 pos/s  1719s
ep 6 step 157,200/246,310 loss 0.00982 lr 5.76e-04 1,496,033 pos/s  1722s
ep 6 step 157,400/246,310 loss 0.00980 lr 5.74e-04 1,496,153 pos/s  1724s
ep 6 step 157,600/246,310 loss 0.00981 lr 5.72e-04 1,496,224 pos/s  1726s
ep 6 step 157,800/246,310 loss 0.00980 lr 5.70e-04 1,496,340 pos/s  1728s
ep 6 step 158,000/246,310 loss 0.00985 lr 5.68e-04 1,496,400 pos/s  1730s
ep 6 step 158,200/246,310 loss 0.00983 lr 5.65e-04 1,496,441 pos/s  1732s
ep 6 step 158,400/246,310 loss 0.00981 lr 5.63e-04 1,496,539 pos/s  1734s
ep 6 step 158,600/246,310 loss 0.00981 lr 5.61e-04 1,496,623 pos/s  1736s
ep 6 step 158,800/246,310 loss 0.00983 lr 5.59e-04 1,496,744 pos/s  1738s
ep 6 step 159,000/246,310 loss 0.00982 lr 5.57e-04 1,496,782 pos/s  1740s
ep 6 step 159,200/246,310 loss 0.00983 lr 5.55e-04 1,496,886 pos/s  1743s
ep 6 step 159,400/246,310 loss 0.00984 lr 5.52e-04 1,496,972 pos/s  1745s
ep 6 step 159,600/246,310 loss 0.00984 lr 5.50e-04 1,497,096 pos/s  1747s
ep 6 step 159,800/246,310 loss 0.00984 lr 5.48e-04 1,497,165 pos/s  1749s
ep 6 step 160,000/246,310 loss 0.00982 lr 5.46e-04 1,497,264 pos/s  1751s
ep 6 step 160,200/246,310 loss 0.00985 lr 5.44e-04 1,497,353 pos/s  1753s
ep 6 step 160,400/246,310 loss 0.00987 lr 5.42e-04 1,497,437 pos/s  1755s
ep 6 step 160,600/246,310 loss 0.00982 lr 5.39e-04 1,497,491 pos/s  1757s
ep 6 step 160,800/246,310 loss 0.00984 lr 5.37e-04 1,497,577 pos/s  1759s
ep 6 step 161,000/246,310 loss 0.00983 lr 5.35e-04 1,497,652 pos/s  1761s
ep 6 step 161,200/246,310 loss 0.00985 lr 5.33e-04 1,497,747 pos/s  1763s
ep 6 step 161,400/246,310 loss 0.00981 lr 5.31e-04 1,497,841 pos/s  1765s
ep 6 step 161,600/246,310 loss 0.00982 lr 5.29e-04 1,497,940 pos/s  1768s
ep 6 step 161,800/246,310 loss 0.00981 lr 5.26e-04 1,498,053 pos/s  1770s
ep 6 step 162,000/246,310 loss 0.00982 lr 5.24e-04 1,498,160 pos/s  1772s
ep 6 step 162,200/246,310 loss 0.00983 lr 5.22e-04 1,498,211 pos/s  1774s
ep 6 step 162,400/246,310 loss 0.00981 lr 5.20e-04 1,498,316 pos/s  1776s
ep 6 step 162,600/246,310 loss 0.00983 lr 5.18e-04 1,498,391 pos/s  1778s
ep 6 step 162,800/246,310 loss 0.00984 lr 5.16e-04 1,498,510 pos/s  1780s
ep 6 step 163,000/246,310 loss 0.00982 lr 5.14e-04 1,498,630 pos/s  1782s
ep 6 step 163,200/246,310 loss 0.00984 lr 5.11e-04 1,498,723 pos/s  1784s
ep 6 step 163,400/246,310 loss 0.00984 lr 5.09e-04 1,498,839 pos/s  1786s
ep 6 step 163,600/246,310 loss 0.00982 lr 5.07e-04 1,498,930 pos/s  1788s
ep 6 step 163,800/246,310 loss 0.00982 lr 5.05e-04 1,499,008 pos/s  1790s
ep 6 step 164,000/246,310 loss 0.00983 lr 5.03e-04 1,499,103 pos/s  1792s
ep 6 step 164,200/246,310 loss 0.00984 lr 5.01e-04 1,499,214 pos/s  1794s
ep 6 step 164,400/246,310 loss 0.00982 lr 4.99e-04 1,499,291 pos/s  1797s
ep 6 step 164,600/246,310 loss 0.00985 lr 4.97e-04 1,499,348 pos/s  1799s
ep 6 step 164,800/246,310 loss 0.00981 lr 4.94e-04 1,499,442 pos/s  1801s
ep 6 step 165,000/246,310 loss 0.00984 lr 4.92e-04 1,499,479 pos/s  1803s
ep 6 step 165,200/246,310 loss 0.00981 lr 4.90e-04 1,499,525 pos/s  1805s
ep 6 step 165,400/246,310 loss 0.00985 lr 4.88e-04 1,499,621 pos/s  1807s
ep 6 step 165,600/246,310 loss 0.00983 lr 4.86e-04 1,499,731 pos/s  1809s
ep 6 step 165,800/246,310 loss 0.00985 lr 4.84e-04 1,499,764 pos/s  1811s
ep 6 step 166,000/246,310 loss 0.00982 lr 4.82e-04 1,499,862 pos/s  1813s
ep 6 step 166,200/246,310 loss 0.00985 lr 4.80e-04 1,499,945 pos/s  1815s
ep 6 step 166,400/246,310 loss 0.00984 lr 4.78e-04 1,499,995 pos/s  1818s
ep 6 step 166,600/246,310 loss 0.00985 lr 4.75e-04 1,500,102 pos/s  1820s
ep 6 step 166,800/246,310 loss 0.00985 lr 4.73e-04 1,500,195 pos/s  1822s
ep 6 step 167,000/246,310 loss 0.00983 lr 4.71e-04 1,500,289 pos/s  1824s
ep 6 step 167,200/246,310 loss 0.00982 lr 4.69e-04 1,500,377 pos/s  1826s
ep 6 step 167,400/246,310 loss 0.00982 lr 4.67e-04 1,500,428 pos/s  1828s
ep 6 step 167,600/246,310 loss 0.00982 lr 4.65e-04 1,500,498 pos/s  1830s
ep 6 step 167,800/246,310 loss 0.00984 lr 4.63e-04 1,500,560 pos/s  1832s
ep 6 step 168,000/246,310 loss 0.00982 lr 4.61e-04 1,500,668 pos/s  1834s
ep 6 step 168,200/246,310 loss 0.00981 lr 4.59e-04 1,500,702 pos/s  1836s
ep 6 step 168,400/246,310 loss 0.00981 lr 4.57e-04 1,500,784 pos/s  1838s
ep 6 step 168,600/246,310 loss 0.00981 lr 4.55e-04 1,500,883 pos/s  1840s
ep 6 step 168,800/246,310 loss 0.00983 lr 4.53e-04 1,500,973 pos/s  1843s
ep 6 step 169,000/246,310 loss 0.00982 lr 4.51e-04 1,501,054 pos/s  1845s
ep 6 step 169,200/246,310 loss 0.00981 lr 4.48e-04 1,501,174 pos/s  1847s
ep 6 step 169,400/246,310 loss 0.00984 lr 4.46e-04 1,501,288 pos/s  1849s
ep 6 step 169,600/246,310 loss 0.00981 lr 4.44e-04 1,501,350 pos/s  1851s
ep 6 step 169,800/246,310 loss 0.00983 lr 4.42e-04 1,501,428 pos/s  1853s
ep 6 step 170,000/246,310 loss 0.00983 lr 4.40e-04 1,501,494 pos/s  1855s
ep 6 step 170,200/246,310 loss 0.00981 lr 4.38e-04 1,501,575 pos/s  1857s
ep 6 step 170,400/246,310 loss 0.00981 lr 4.36e-04 1,501,707 pos/s  1859s
ep 6 step 170,600/246,310 loss 0.00984 lr 4.34e-04 1,501,739 pos/s  1861s
ep 6 step 170,800/246,310 loss 0.00983 lr 4.32e-04 1,501,808 pos/s  1863s
ep 6 step 171,000/246,310 loss 0.00980 lr 4.30e-04 1,501,886 pos/s  1865s
ep 6 step 171,200/246,310 loss 0.00979 lr 4.28e-04 1,501,962 pos/s  1868s
ep 6 step 171,400/246,310 loss 0.00982 lr 4.26e-04 1,502,066 pos/s  1870s
ep 6 step 171,600/246,310 loss 0.00984 lr 4.24e-04 1,502,154 pos/s  1872s
ep 6 step 171,800/246,310 loss 0.00982 lr 4.22e-04 1,502,249 pos/s  1874s
ep 6 step 172,000/246,310 loss 0.00980 lr 4.20e-04 1,502,332 pos/s  1876s
ep 6 step 172,200/246,310 loss 0.00983 lr 4.18e-04 1,502,416 pos/s  1878s
ep 6 step 172,400/246,310 loss 0.00981 lr 4.16e-04 1,502,504 pos/s  1880s
== epoch 6 done | val_loss 0.01099 | MAE 114.5 cp | sign 93.4% | 1880s
ep 7 step 172,600/246,310 loss 0.00931 lr 4.14e-04 1,485,074 pos/s  1904s
ep 7 step 172,800/246,310 loss 0.00924 lr 4.12e-04 1,485,165 pos/s  1906s
ep 7 step 173,000/246,310 loss 0.00930 lr 4.10e-04 1,485,283 pos/s  1908s
ep 7 step 173,200/246,310 loss 0.00932 lr 4.08e-04 1,485,390 pos/s  1910s
ep 7 step 173,400/246,310 loss 0.00932 lr 4.06e-04 1,485,481 pos/s  1913s
ep 7 step 173,600/246,310 loss 0.00931 lr 4.04e-04 1,485,596 pos/s  1915s
ep 7 step 173,800/246,310 loss 0.00932 lr 4.02e-04 1,485,691 pos/s  1917s
ep 7 step 174,000/246,310 loss 0.00934 lr 4.00e-04 1,485,820 pos/s  1919s
ep 7 step 174,200/246,310 loss 0.00930 lr 3.98e-04 1,485,928 pos/s  1921s
ep 7 step 174,400/246,310 loss 0.00934 lr 3.96e-04 1,486,023 pos/s  1923s
ep 7 step 174,600/246,310 loss 0.00933 lr 3.94e-04 1,486,136 pos/s  1925s
ep 7 step 174,800/246,310 loss 0.00932 lr 3.92e-04 1,486,209 pos/s  1927s
ep 7 step 175,000/246,310 loss 0.00934 lr 3.90e-04 1,486,319 pos/s  1929s
ep 7 step 175,200/246,310 loss 0.00936 lr 3.88e-04 1,486,423 pos/s  1931s
ep 7 step 175,400/246,310 loss 0.00932 lr 3.86e-04 1,486,557 pos/s  1933s
ep 7 step 175,600/246,310 loss 0.00935 lr 3.84e-04 1,486,679 pos/s  1935s
ep 7 step 175,800/246,310 loss 0.00935 lr 3.82e-04 1,486,752 pos/s  1937s
ep 7 step 176,000/246,310 loss 0.00935 lr 3.80e-04 1,486,844 pos/s  1939s
ep 7 step 176,200/246,310 loss 0.00936 lr 3.78e-04 1,486,937 pos/s  1941s
ep 7 step 176,400/246,310 loss 0.00936 lr 3.76e-04 1,487,028 pos/s  1944s
ep 7 step 176,600/246,310 loss 0.00936 lr 3.74e-04 1,487,122 pos/s  1946s
ep 7 step 176,800/246,310 loss 0.00937 lr 3.72e-04 1,487,177 pos/s  1948s
ep 7 step 177,000/246,310 loss 0.00935 lr 3.70e-04 1,487,238 pos/s  1950s
ep 7 step 177,200/246,310 loss 0.00941 lr 3.68e-04 1,487,359 pos/s  1952s
ep 7 step 177,400/246,310 loss 0.00937 lr 3.66e-04 1,487,438 pos/s  1954s
ep 7 step 177,600/246,310 loss 0.00939 lr 3.65e-04 1,487,521 pos/s  1956s
ep 7 step 177,800/246,310 loss 0.00937 lr 3.63e-04 1,487,611 pos/s  1958s
ep 7 step 178,000/246,310 loss 0.00939 lr 3.61e-04 1,487,732 pos/s  1960s
ep 7 step 178,200/246,310 loss 0.00941 lr 3.59e-04 1,487,807 pos/s  1962s
ep 7 step 178,400/246,310 loss 0.00937 lr 3.57e-04 1,487,914 pos/s  1964s
ep 7 step 178,600/246,310 loss 0.00938 lr 3.55e-04 1,487,998 pos/s  1967s
ep 7 step 178,800/246,310 loss 0.00940 lr 3.53e-04 1,488,086 pos/s  1969s
ep 7 step 179,000/246,310 loss 0.00936 lr 3.51e-04 1,488,164 pos/s  1971s
ep 7 step 179,200/246,310 loss 0.00938 lr 3.49e-04 1,488,245 pos/s  1973s
ep 7 step 179,400/246,310 loss 0.00941 lr 3.47e-04 1,488,303 pos/s  1975s
ep 7 step 179,600/246,310 loss 0.00943 lr 3.45e-04 1,488,433 pos/s  1977s
ep 7 step 179,800/246,310 loss 0.00940 lr 3.44e-04 1,488,507 pos/s  1979s
ep 7 step 180,000/246,310 loss 0.00943 lr 3.42e-04 1,488,588 pos/s  1981s
ep 7 step 180,200/246,310 loss 0.00942 lr 3.40e-04 1,488,677 pos/s  1983s
ep 7 step 180,400/246,310 loss 0.00939 lr 3.38e-04 1,488,781 pos/s  1985s
ep 7 step 180,600/246,310 loss 0.00939 lr 3.36e-04 1,488,868 pos/s  1987s
ep 7 step 180,800/246,310 loss 0.00942 lr 3.34e-04 1,488,962 pos/s  1989s
ep 7 step 181,000/246,310 loss 0.00943 lr 3.32e-04 1,489,043 pos/s  1992s
ep 7 step 181,200/246,310 loss 0.00942 lr 3.30e-04 1,489,111 pos/s  1994s
ep 7 step 181,400/246,310 loss 0.00943 lr 3.29e-04 1,489,201 pos/s  1996s
ep 7 step 181,600/246,310 loss 0.00939 lr 3.27e-04 1,489,284 pos/s  1998s
ep 7 step 181,800/246,310 loss 0.00942 lr 3.25e-04 1,489,372 pos/s  2000s
ep 7 step 182,000/246,310 loss 0.00943 lr 3.23e-04 1,489,454 pos/s  2002s
ep 7 step 182,200/246,310 loss 0.00941 lr 3.21e-04 1,489,562 pos/s  2004s
ep 7 step 182,400/246,310 loss 0.00943 lr 3.19e-04 1,489,665 pos/s  2006s
ep 7 step 182,600/246,310 loss 0.00942 lr 3.17e-04 1,489,741 pos/s  2008s
ep 7 step 182,800/246,310 loss 0.00942 lr 3.16e-04 1,489,792 pos/s  2010s
ep 7 step 183,000/246,310 loss 0.00945 lr 3.14e-04 1,489,879 pos/s  2012s
ep 7 step 183,200/246,310 loss 0.00943 lr 3.12e-04 1,489,942 pos/s  2015s
ep 7 step 183,400/246,310 loss 0.00942 lr 3.10e-04 1,490,045 pos/s  2017s
ep 7 step 183,600/246,310 loss 0.00942 lr 3.08e-04 1,490,132 pos/s  2019s
ep 7 step 183,800/246,310 loss 0.00941 lr 3.06e-04 1,490,190 pos/s  2021s
ep 7 step 184,000/246,310 loss 0.00941 lr 3.05e-04 1,490,248 pos/s  2023s
ep 7 step 184,200/246,310 loss 0.00941 lr 3.03e-04 1,490,348 pos/s  2025s
ep 7 step 184,400/246,310 loss 0.00943 lr 3.01e-04 1,490,421 pos/s  2027s
ep 7 step 184,600/246,310 loss 0.00942 lr 2.99e-04 1,490,512 pos/s  2029s
ep 7 step 184,800/246,310 loss 0.00946 lr 2.97e-04 1,490,589 pos/s  2031s
ep 7 step 185,000/246,310 loss 0.00944 lr 2.96e-04 1,490,669 pos/s  2033s
ep 7 step 185,200/246,310 loss 0.00943 lr 2.94e-04 1,490,746 pos/s  2035s
ep 7 step 185,400/246,310 loss 0.00941 lr 2.92e-04 1,490,849 pos/s  2037s
ep 7 step 185,600/246,310 loss 0.00943 lr 2.90e-04 1,490,929 pos/s  2040s
ep 7 step 185,800/246,310 loss 0.00946 lr 2.88e-04 1,491,019 pos/s  2042s
ep 7 step 186,000/246,310 loss 0.00942 lr 2.87e-04 1,491,082 pos/s  2044s
ep 7 step 186,200/246,310 loss 0.00944 lr 2.85e-04 1,491,171 pos/s  2046s
ep 7 step 186,400/246,310 loss 0.00943 lr 2.83e-04 1,491,239 pos/s  2048s
ep 7 step 186,600/246,310 loss 0.00942 lr 2.81e-04 1,491,310 pos/s  2050s
ep 7 step 186,800/246,310 loss 0.00942 lr 2.80e-04 1,491,401 pos/s  2052s
ep 7 step 187,000/246,310 loss 0.00941 lr 2.78e-04 1,491,511 pos/s  2054s
ep 7 step 187,200/246,310 loss 0.00942 lr 2.76e-04 1,491,616 pos/s  2056s
ep 7 step 187,400/246,310 loss 0.00943 lr 2.74e-04 1,491,749 pos/s  2058s
ep 7 step 187,600/246,310 loss 0.00942 lr 2.73e-04 1,491,840 pos/s  2060s
ep 7 step 187,800/246,310 loss 0.00943 lr 2.71e-04 1,491,942 pos/s  2062s
ep 7 step 188,000/246,310 loss 0.00943 lr 2.69e-04 1,492,020 pos/s  2064s
ep 7 step 188,200/246,310 loss 0.00940 lr 2.68e-04 1,492,099 pos/s  2067s
ep 7 step 188,400/246,310 loss 0.00941 lr 2.66e-04 1,492,167 pos/s  2069s
ep 7 step 188,600/246,310 loss 0.00944 lr 2.64e-04 1,492,242 pos/s  2071s
ep 7 step 188,800/246,310 loss 0.00944 lr 2.62e-04 1,492,334 pos/s  2073s
ep 7 step 189,000/246,310 loss 0.00944 lr 2.61e-04 1,492,380 pos/s  2075s
ep 7 step 189,200/246,310 loss 0.00944 lr 2.59e-04 1,492,486 pos/s  2077s
ep 7 step 189,400/246,310 loss 0.00940 lr 2.57e-04 1,492,587 pos/s  2079s
ep 7 step 189,600/246,310 loss 0.00944 lr 2.56e-04 1,492,662 pos/s  2081s
ep 7 step 189,800/246,310 loss 0.00940 lr 2.54e-04 1,492,756 pos/s  2083s
ep 7 step 190,000/246,310 loss 0.00943 lr 2.52e-04 1,492,805 pos/s  2085s
ep 7 step 190,200/246,310 loss 0.00944 lr 2.50e-04 1,492,890 pos/s  2087s
ep 7 step 190,400/246,310 loss 0.00943 lr 2.49e-04 1,492,971 pos/s  2089s
ep 7 step 190,600/246,310 loss 0.00942 lr 2.47e-04 1,493,043 pos/s  2092s
ep 7 step 190,800/246,310 loss 0.00943 lr 2.45e-04 1,493,126 pos/s  2094s
ep 7 step 191,000/246,310 loss 0.00943 lr 2.44e-04 1,493,248 pos/s  2096s
ep 7 step 191,200/246,310 loss 0.00946 lr 2.42e-04 1,493,303 pos/s  2098s
ep 7 step 191,400/246,310 loss 0.00942 lr 2.41e-04 1,493,418 pos/s  2100s
ep 7 step 191,600/246,310 loss 0.00942 lr 2.39e-04 1,493,512 pos/s  2102s
ep 7 step 191,800/246,310 loss 0.00942 lr 2.37e-04 1,493,537 pos/s  2104s
ep 7 step 192,000/246,310 loss 0.00943 lr 2.36e-04 1,493,621 pos/s  2106s
ep 7 step 192,200/246,310 loss 0.00942 lr 2.34e-04 1,493,693 pos/s  2108s
ep 7 step 192,400/246,310 loss 0.00943 lr 2.32e-04 1,493,818 pos/s  2110s
ep 7 step 192,600/246,310 loss 0.00945 lr 2.31e-04 1,493,873 pos/s  2112s
ep 7 step 192,800/246,310 loss 0.00945 lr 2.29e-04 1,493,961 pos/s  2114s
ep 7 step 193,000/246,310 loss 0.00942 lr 2.27e-04 1,494,082 pos/s  2116s
ep 7 step 193,200/246,310 loss 0.00941 lr 2.26e-04 1,494,179 pos/s  2118s
ep 7 step 193,400/246,310 loss 0.00943 lr 2.24e-04 1,494,277 pos/s  2121s
ep 7 step 193,600/246,310 loss 0.00942 lr 2.23e-04 1,494,323 pos/s  2123s
ep 7 step 193,800/246,310 loss 0.00944 lr 2.21e-04 1,494,397 pos/s  2125s
ep 7 step 194,000/246,310 loss 0.00944 lr 2.19e-04 1,494,483 pos/s  2127s
ep 7 step 194,200/246,310 loss 0.00942 lr 2.18e-04 1,494,559 pos/s  2129s
ep 7 step 194,400/246,310 loss 0.00941 lr 2.16e-04 1,494,648 pos/s  2131s
ep 7 step 194,600/246,310 loss 0.00942 lr 2.15e-04 1,494,661 pos/s  2133s
ep 7 step 194,800/246,310 loss 0.00942 lr 2.13e-04 1,494,767 pos/s  2135s
ep 7 step 195,000/246,310 loss 0.00944 lr 2.12e-04 1,494,833 pos/s  2137s
ep 7 step 195,200/246,310 loss 0.00944 lr 2.10e-04 1,494,912 pos/s  2139s
ep 7 step 195,400/246,310 loss 0.00941 lr 2.08e-04 1,495,000 pos/s  2141s
ep 7 step 195,600/246,310 loss 0.00942 lr 2.07e-04 1,495,055 pos/s  2144s
ep 7 step 195,800/246,310 loss 0.00944 lr 2.05e-04 1,495,126 pos/s  2146s
ep 7 step 196,000/246,310 loss 0.00942 lr 2.04e-04 1,495,211 pos/s  2148s
ep 7 step 196,200/246,310 loss 0.00945 lr 2.02e-04 1,495,290 pos/s  2150s
ep 7 step 196,400/246,310 loss 0.00942 lr 2.01e-04 1,495,343 pos/s  2152s
ep 7 step 196,600/246,310 loss 0.00944 lr 1.99e-04 1,495,421 pos/s  2154s
ep 7 step 196,800/246,310 loss 0.00942 lr 1.98e-04 1,495,524 pos/s  2156s
ep 7 step 197,000/246,310 loss 0.00943 lr 1.96e-04 1,495,612 pos/s  2158s
== epoch 7 done | val_loss 0.01091 | MAE 113.6 cp | sign 93.5% | 2159s
ep 8 step 197,200/246,310 loss 0.00903 lr 1.95e-04 1,480,594 pos/s  2182s
ep 8 step 197,400/246,310 loss 0.00903 lr 1.93e-04 1,480,635 pos/s  2184s
ep 8 step 197,600/246,310 loss 0.00902 lr 1.92e-04 1,480,709 pos/s  2186s
ep 8 step 197,800/246,310 loss 0.00903 lr 1.90e-04 1,480,806 pos/s  2189s
ep 8 step 198,000/246,310 loss 0.00906 lr 1.89e-04 1,480,883 pos/s  2191s
ep 8 step 198,200/246,310 loss 0.00908 lr 1.87e-04 1,480,964 pos/s  2193s
ep 8 step 198,400/246,310 loss 0.00905 lr 1.86e-04 1,481,063 pos/s  2195s
ep 8 step 198,600/246,310 loss 0.00905 lr 1.84e-04 1,481,164 pos/s  2197s
ep 8 step 198,800/246,310 loss 0.00906 lr 1.83e-04 1,481,149 pos/s  2199s
ep 8 step 199,000/246,310 loss 0.00904 lr 1.81e-04 1,481,197 pos/s  2201s
ep 8 step 199,200/246,310 loss 0.00908 lr 1.80e-04 1,481,316 pos/s  2203s
ep 8 step 199,400/246,310 loss 0.00908 lr 1.78e-04 1,481,390 pos/s  2205s
ep 8 step 199,600/246,310 loss 0.00906 lr 1.77e-04 1,481,470 pos/s  2207s
ep 8 step 199,800/246,310 loss 0.00905 lr 1.75e-04 1,481,587 pos/s  2209s
ep 8 step 200,000/246,310 loss 0.00906 lr 1.74e-04 1,481,653 pos/s  2212s
ep 8 step 200,200/246,310 loss 0.00908 lr 1.72e-04 1,481,738 pos/s  2214s
ep 8 step 200,400/246,310 loss 0.00906 lr 1.71e-04 1,481,825 pos/s  2216s
ep 8 step 200,600/246,310 loss 0.00907 lr 1.70e-04 1,481,937 pos/s  2218s
ep 8 step 200,800/246,310 loss 0.00910 lr 1.68e-04 1,482,026 pos/s  2220s
ep 8 step 201,000/246,310 loss 0.00907 lr 1.67e-04 1,482,111 pos/s  2222s
ep 8 step 201,200/246,310 loss 0.00907 lr 1.65e-04 1,482,191 pos/s  2224s
ep 8 step 201,400/246,310 loss 0.00906 lr 1.64e-04 1,482,262 pos/s  2226s
ep 8 step 201,600/246,310 loss 0.00907 lr 1.63e-04 1,482,324 pos/s  2228s
ep 8 step 201,800/246,310 loss 0.00908 lr 1.61e-04 1,482,402 pos/s  2230s
ep 8 step 202,000/246,310 loss 0.00906 lr 1.60e-04 1,482,483 pos/s  2232s
ep 8 step 202,200/246,310 loss 0.00910 lr 1.58e-04 1,482,585 pos/s  2235s
ep 8 step 202,400/246,310 loss 0.00907 lr 1.57e-04 1,482,655 pos/s  2237s
ep 8 step 202,600/246,310 loss 0.00908 lr 1.56e-04 1,482,755 pos/s  2239s
ep 8 step 202,800/246,310 loss 0.00907 lr 1.54e-04 1,482,844 pos/s  2241s
ep 8 step 203,000/246,310 loss 0.00907 lr 1.53e-04 1,482,939 pos/s  2243s
ep 8 step 203,200/246,310 loss 0.00910 lr 1.52e-04 1,483,061 pos/s  2245s
ep 8 step 203,400/246,310 loss 0.00906 lr 1.50e-04 1,483,228 pos/s  2247s
ep 8 step 203,600/246,310 loss 0.00908 lr 1.49e-04 1,483,397 pos/s  2249s
ep 8 step 203,800/246,310 loss 0.00908 lr 1.47e-04 1,483,553 pos/s  2251s
ep 8 step 204,000/246,310 loss 0.00910 lr 1.46e-04 1,483,729 pos/s  2253s
ep 8 step 204,200/246,310 loss 0.00911 lr 1.45e-04 1,483,895 pos/s  2255s
ep 8 step 204,400/246,310 loss 0.00910 lr 1.43e-04 1,484,065 pos/s  2257s
ep 8 step 204,600/246,310 loss 0.00909 lr 1.42e-04 1,484,227 pos/s  2259s
ep 8 step 204,800/246,310 loss 0.00913 lr 1.41e-04 1,484,400 pos/s  2260s
ep 8 step 205,000/246,310 loss 0.00909 lr 1.40e-04 1,484,565 pos/s  2262s
ep 8 step 205,200/246,310 loss 0.00909 lr 1.38e-04 1,484,737 pos/s  2264s
ep 8 step 205,400/246,310 loss 0.00913 lr 1.37e-04 1,484,912 pos/s  2266s
ep 8 step 205,600/246,310 loss 0.00912 lr 1.36e-04 1,485,078 pos/s  2268s
ep 8 step 205,800/246,310 loss 0.00910 lr 1.34e-04 1,485,251 pos/s  2270s
ep 8 step 206,000/246,310 loss 0.00909 lr 1.33e-04 1,485,423 pos/s  2272s
ep 8 step 206,200/246,310 loss 0.00911 lr 1.32e-04 1,485,598 pos/s  2274s
ep 8 step 206,400/246,310 loss 0.00912 lr 1.31e-04 1,485,770 pos/s  2276s
ep 8 step 206,600/246,310 loss 0.00912 lr 1.29e-04 1,485,937 pos/s  2278s
ep 8 step 206,800/246,310 loss 0.00911 lr 1.28e-04 1,486,104 pos/s  2280s
ep 8 step 207,000/246,310 loss 0.00912 lr 1.27e-04 1,486,288 pos/s  2282s
ep 8 step 207,200/246,310 loss 0.00911 lr 1.25e-04 1,486,466 pos/s  2284s
ep 8 step 207,400/246,310 loss 0.00910 lr 1.24e-04 1,486,639 pos/s  2286s
ep 8 step 207,600/246,310 loss 0.00911 lr 1.23e-04 1,486,794 pos/s  2288s
ep 8 step 207,800/246,310 loss 0.00911 lr 1.22e-04 1,486,972 pos/s  2290s
ep 8 step 208,000/246,310 loss 0.00912 lr 1.21e-04 1,487,147 pos/s  2292s
ep 8 step 208,200/246,310 loss 0.00915 lr 1.19e-04 1,487,315 pos/s  2293s
ep 8 step 208,400/246,310 loss 0.00912 lr 1.18e-04 1,487,481 pos/s  2295s
ep 8 step 208,600/246,310 loss 0.00911 lr 1.17e-04 1,487,665 pos/s  2297s
ep 8 step 208,800/246,310 loss 0.00911 lr 1.16e-04 1,487,857 pos/s  2299s
ep 8 step 209,000/246,310 loss 0.00911 lr 1.14e-04 1,487,973 pos/s  2301s
ep 8 step 209,200/246,310 loss 0.00911 lr 1.13e-04 1,488,155 pos/s  2303s
ep 8 step 209,400/246,310 loss 0.00912 lr 1.12e-04 1,488,340 pos/s  2305s
ep 8 step 209,600/246,310 loss 0.00910 lr 1.11e-04 1,488,521 pos/s  2307s
ep 8 step 209,800/246,310 loss 0.00911 lr 1.10e-04 1,488,680 pos/s  2309s
ep 8 step 210,000/246,310 loss 0.00910 lr 1.09e-04 1,488,869 pos/s  2311s
ep 8 step 210,200/246,310 loss 0.00911 lr 1.07e-04 1,489,053 pos/s  2313s
ep 8 step 210,400/246,310 loss 0.00913 lr 1.06e-04 1,489,202 pos/s  2315s
ep 8 step 210,600/246,310 loss 0.00912 lr 1.05e-04 1,489,341 pos/s  2317s
ep 8 step 210,800/246,310 loss 0.00911 lr 1.04e-04 1,489,497 pos/s  2319s
ep 8 step 211,000/246,310 loss 0.00910 lr 1.03e-04 1,489,662 pos/s  2321s
ep 8 step 211,200/246,310 loss 0.00912 lr 1.02e-04 1,489,824 pos/s  2323s
ep 8 step 211,400/246,310 loss 0.00911 lr 1.01e-04 1,489,978 pos/s  2325s
ep 8 step 211,600/246,310 loss 0.00911 lr 9.94e-05 1,490,130 pos/s  2327s
ep 8 step 211,800/246,310 loss 0.00911 lr 9.83e-05 1,490,285 pos/s  2329s
ep 8 step 212,000/246,310 loss 0.00913 lr 9.72e-05 1,490,437 pos/s  2330s
ep 8 step 212,200/246,310 loss 0.00914 lr 9.61e-05 1,490,587 pos/s  2332s
ep 8 step 212,400/246,310 loss 0.00913 lr 9.50e-05 1,490,749 pos/s  2334s
ep 8 step 212,600/246,310 loss 0.00912 lr 9.39e-05 1,490,913 pos/s  2336s
ep 8 step 212,800/246,310 loss 0.00912 lr 9.28e-05 1,491,079 pos/s  2338s
ep 8 step 213,000/246,310 loss 0.00912 lr 9.18e-05 1,491,241 pos/s  2340s
ep 8 step 213,200/246,310 loss 0.00914 lr 9.07e-05 1,491,416 pos/s  2342s
ep 8 step 213,400/246,310 loss 0.00916 lr 8.96e-05 1,491,561 pos/s  2344s
ep 8 step 213,600/246,310 loss 0.00913 lr 8.85e-05 1,491,713 pos/s  2346s
ep 8 step 213,800/246,310 loss 0.00912 lr 8.75e-05 1,491,870 pos/s  2348s
ep 8 step 214,000/246,310 loss 0.00910 lr 8.64e-05 1,492,022 pos/s  2350s
ep 8 step 214,200/246,310 loss 0.00913 lr 8.54e-05 1,492,180 pos/s  2352s
ep 8 step 214,400/246,310 loss 0.00909 lr 8.43e-05 1,492,344 pos/s  2354s
ep 8 step 214,600/246,310 loss 0.00911 lr 8.33e-05 1,492,507 pos/s  2356s
ep 8 step 214,800/246,310 loss 0.00912 lr 8.23e-05 1,492,687 pos/s  2358s
ep 8 step 215,000/246,310 loss 0.00910 lr 8.13e-05 1,492,872 pos/s  2360s
ep 8 step 215,200/246,310 loss 0.00910 lr 8.02e-05 1,493,037 pos/s  2362s
ep 8 step 215,400/246,310 loss 0.00912 lr 7.92e-05 1,493,186 pos/s  2363s
ep 8 step 215,600/246,310 loss 0.00913 lr 7.82e-05 1,493,355 pos/s  2365s
ep 8 step 215,800/246,310 loss 0.00911 lr 7.72e-05 1,493,509 pos/s  2367s
ep 8 step 216,000/246,310 loss 0.00911 lr 7.62e-05 1,493,657 pos/s  2369s
ep 8 step 216,200/246,310 loss 0.00911 lr 7.53e-05 1,493,810 pos/s  2371s
ep 8 step 216,400/246,310 loss 0.00913 lr 7.43e-05 1,493,968 pos/s  2373s
ep 8 step 216,600/246,310 loss 0.00913 lr 7.33e-05 1,494,119 pos/s  2375s
ep 8 step 216,800/246,310 loss 0.00911 lr 7.23e-05 1,494,275 pos/s  2377s
ep 8 step 217,000/246,310 loss 0.00912 lr 7.14e-05 1,494,438 pos/s  2379s
ep 8 step 217,200/246,310 loss 0.00914 lr 7.04e-05 1,494,554 pos/s  2381s
ep 8 step 217,400/246,310 loss 0.00911 lr 6.95e-05 1,494,676 pos/s  2383s
ep 8 step 217,600/246,310 loss 0.00910 lr 6.85e-05 1,494,823 pos/s  2385s
ep 8 step 217,800/246,310 loss 0.00910 lr 6.76e-05 1,494,968 pos/s  2387s
ep 8 step 218,000/246,310 loss 0.00915 lr 6.67e-05 1,495,108 pos/s  2389s
ep 8 step 218,200/246,310 loss 0.00910 lr 6.57e-05 1,495,257 pos/s  2391s
ep 8 step 218,400/246,310 loss 0.00910 lr 6.48e-05 1,495,390 pos/s  2393s
ep 8 step 218,600/246,310 loss 0.00910 lr 6.39e-05 1,495,532 pos/s  2395s
ep 8 step 218,800/246,310 loss 0.00914 lr 6.30e-05 1,495,670 pos/s  2397s
ep 8 step 219,000/246,310 loss 0.00912 lr 6.21e-05 1,495,815 pos/s  2399s
ep 8 step 219,200/246,310 loss 0.00910 lr 6.12e-05 1,495,952 pos/s  2401s
ep 8 step 219,400/246,310 loss 0.00910 lr 6.03e-05 1,496,104 pos/s  2403s
ep 8 step 219,600/246,310 loss 0.00912 lr 5.94e-05 1,496,229 pos/s  2405s
ep 8 step 219,800/246,310 loss 0.00913 lr 5.86e-05 1,496,376 pos/s  2407s
ep 8 step 220,000/246,310 loss 0.00913 lr 5.77e-05 1,496,510 pos/s  2409s
ep 8 step 220,200/246,310 loss 0.00911 lr 5.68e-05 1,496,646 pos/s  2411s
ep 8 step 220,400/246,310 loss 0.00912 lr 5.60e-05 1,496,784 pos/s  2413s
ep 8 step 220,600/246,310 loss 0.00914 lr 5.51e-05 1,496,927 pos/s  2414s
ep 8 step 220,800/246,310 loss 0.00911 lr 5.43e-05 1,497,073 pos/s  2416s
ep 8 step 221,000/246,310 loss 0.00912 lr 5.34e-05 1,497,231 pos/s  2418s
ep 8 step 221,200/246,310 loss 0.00914 lr 5.26e-05 1,497,394 pos/s  2420s
ep 8 step 221,400/246,310 loss 0.00911 lr 5.18e-05 1,497,561 pos/s  2422s
ep 8 step 221,600/246,310 loss 0.00915 lr 5.10e-05 1,497,731 pos/s  2424s
== epoch 8 done | val_loss 0.01089 | MAE 114.2 cp | sign 93.5% | 2425s
ep 9 step 221,800/246,310 loss 0.00895 lr 5.02e-05 1,484,684 pos/s  2448s
ep 9 step 222,000/246,310 loss 0.00890 lr 4.94e-05 1,484,861 pos/s  2450s
ep 9 step 222,200/246,310 loss 0.00891 lr 4.86e-05 1,485,036 pos/s  2451s
ep 9 step 222,400/246,310 loss 0.00891 lr 4.78e-05 1,485,204 pos/s  2453s
ep 9 step 222,600/246,310 loss 0.00892 lr 4.70e-05 1,485,390 pos/s  2455s
ep 9 step 222,800/246,310 loss 0.00892 lr 4.62e-05 1,485,568 pos/s  2457s
ep 9 step 223,000/246,310 loss 0.00892 lr 4.54e-05 1,485,719 pos/s  2459s
ep 9 step 223,200/246,310 loss 0.00895 lr 4.46e-05 1,485,884 pos/s  2461s
ep 9 step 223,400/246,310 loss 0.00890 lr 4.39e-05 1,486,068 pos/s  2463s
ep 9 step 223,600/246,310 loss 0.00893 lr 4.31e-05 1,486,231 pos/s  2465s
ep 9 step 223,800/246,310 loss 0.00890 lr 4.24e-05 1,486,388 pos/s  2467s
ep 9 step 224,000/246,310 loss 0.00890 lr 4.16e-05 1,486,563 pos/s  2469s
ep 9 step 224,200/246,310 loss 0.00893 lr 4.09e-05 1,486,744 pos/s  2471s
ep 9 step 224,400/246,310 loss 0.00894 lr 4.02e-05 1,486,904 pos/s  2473s
ep 9 step 224,600/246,310 loss 0.00893 lr 3.94e-05 1,487,075 pos/s  2475s
ep 9 step 224,800/246,310 loss 0.00891 lr 3.87e-05 1,487,244 pos/s  2476s
ep 9 step 225,000/246,310 loss 0.00894 lr 3.80e-05 1,487,414 pos/s  2478s
ep 9 step 225,200/246,310 loss 0.00891 lr 3.73e-05 1,487,576 pos/s  2480s
ep 9 step 225,400/246,310 loss 0.00892 lr 3.66e-05 1,487,735 pos/s  2482s
ep 9 step 225,600/246,310 loss 0.00890 lr 3.59e-05 1,487,894 pos/s  2484s
ep 9 step 225,800/246,310 loss 0.00890 lr 3.52e-05 1,488,064 pos/s  2486s
ep 9 step 226,000/246,310 loss 0.00889 lr 3.46e-05 1,488,225 pos/s  2488s
ep 9 step 226,200/246,310 loss 0.00894 lr 3.39e-05 1,488,398 pos/s  2490s
ep 9 step 226,400/246,310 loss 0.00895 lr 3.32e-05 1,488,576 pos/s  2492s
ep 9 step 226,600/246,310 loss 0.00891 lr 3.26e-05 1,488,756 pos/s  2494s
ep 9 step 226,800/246,310 loss 0.00893 lr 3.19e-05 1,488,932 pos/s  2496s
ep 9 step 227,000/246,310 loss 0.00895 lr 3.13e-05 1,489,071 pos/s  2498s
ep 9 step 227,200/246,310 loss 0.00892 lr 3.06e-05 1,489,237 pos/s  2500s
ep 9 step 227,400/246,310 loss 0.00896 lr 3.00e-05 1,489,397 pos/s  2501s
ep 9 step 227,600/246,310 loss 0.00895 lr 2.94e-05 1,489,548 pos/s  2503s
ep 9 step 227,800/246,310 loss 0.00891 lr 2.87e-05 1,489,705 pos/s  2505s
ep 9 step 228,000/246,310 loss 0.00895 lr 2.81e-05 1,489,860 pos/s  2507s
ep 9 step 228,200/246,310 loss 0.00894 lr 2.75e-05 1,490,002 pos/s  2509s
ep 9 step 228,400/246,310 loss 0.00891 lr 2.69e-05 1,490,152 pos/s  2511s
ep 9 step 228,600/246,310 loss 0.00893 lr 2.63e-05 1,490,299 pos/s  2513s
ep 9 step 228,800/246,310 loss 0.00890 lr 2.57e-05 1,490,439 pos/s  2515s
ep 9 step 229,000/246,310 loss 0.00895 lr 2.52e-05 1,490,605 pos/s  2517s
ep 9 step 229,200/246,310 loss 0.00892 lr 2.46e-05 1,490,762 pos/s  2519s
ep 9 step 229,400/246,310 loss 0.00892 lr 2.40e-05 1,490,912 pos/s  2521s
ep 9 step 229,600/246,310 loss 0.00894 lr 2.35e-05 1,491,060 pos/s  2523s
ep 9 step 229,800/246,310 loss 0.00892 lr 2.29e-05 1,491,213 pos/s  2525s
ep 9 step 230,000/246,310 loss 0.00894 lr 2.24e-05 1,491,355 pos/s  2527s
ep 9 step 230,200/246,310 loss 0.00891 lr 2.18e-05 1,491,500 pos/s  2529s
ep 9 step 230,400/246,310 loss 0.00892 lr 2.13e-05 1,491,654 pos/s  2531s
ep 9 step 230,600/246,310 loss 0.00894 lr 2.07e-05 1,491,804 pos/s  2533s
ep 9 step 230,800/246,310 loss 0.00890 lr 2.02e-05 1,491,950 pos/s  2535s
ep 9 step 231,000/246,310 loss 0.00895 lr 1.97e-05 1,492,092 pos/s  2537s
ep 9 step 231,200/246,310 loss 0.00889 lr 1.92e-05 1,492,236 pos/s  2538s
ep 9 step 231,400/246,310 loss 0.00894 lr 1.87e-05 1,492,382 pos/s  2540s
ep 9 step 231,600/246,310 loss 0.00894 lr 1.82e-05 1,492,525 pos/s  2542s
ep 9 step 231,800/246,310 loss 0.00891 lr 1.77e-05 1,492,671 pos/s  2544s
ep 9 step 232,000/246,310 loss 0.00891 lr 1.72e-05 1,492,810 pos/s  2546s
ep 9 step 232,200/246,310 loss 0.00893 lr 1.68e-05 1,492,954 pos/s  2548s
ep 9 step 232,400/246,310 loss 0.00894 lr 1.63e-05 1,493,100 pos/s  2550s
ep 9 step 232,600/246,310 loss 0.00892 lr 1.58e-05 1,493,246 pos/s  2552s
ep 9 step 232,800/246,310 loss 0.00896 lr 1.54e-05 1,493,384 pos/s  2554s
ep 9 step 233,000/246,310 loss 0.00892 lr 1.49e-05 1,493,534 pos/s  2556s
ep 9 step 233,200/246,310 loss 0.00894 lr 1.45e-05 1,493,671 pos/s  2558s
ep 9 step 233,400/246,310 loss 0.00892 lr 1.40e-05 1,493,809 pos/s  2560s
ep 9 step 233,600/246,310 loss 0.00894 lr 1.36e-05 1,493,950 pos/s  2562s
ep 9 step 233,800/246,310 loss 0.00891 lr 1.32e-05 1,494,092 pos/s  2564s
ep 9 step 234,000/246,310 loss 0.00893 lr 1.28e-05 1,494,232 pos/s  2566s
ep 9 step 234,200/246,310 loss 0.00894 lr 1.24e-05 1,494,368 pos/s  2568s
ep 9 step 234,400/246,310 loss 0.00896 lr 1.19e-05 1,494,510 pos/s  2570s
ep 9 step 234,600/246,310 loss 0.00893 lr 1.16e-05 1,494,658 pos/s  2572s
ep 9 step 234,800/246,310 loss 0.00896 lr 1.12e-05 1,494,802 pos/s  2574s
ep 9 step 235,000/246,310 loss 0.00892 lr 1.08e-05 1,494,940 pos/s  2576s
ep 9 step 235,200/246,310 loss 0.00894 lr 1.04e-05 1,495,077 pos/s  2577s
ep 9 step 235,400/246,310 loss 0.00893 lr 1.00e-05 1,495,219 pos/s  2579s
ep 9 step 235,600/246,310 loss 0.00893 lr 9.67e-06 1,495,355 pos/s  2581s
ep 9 step 235,800/246,310 loss 0.00893 lr 9.31e-06 1,495,498 pos/s  2583s
ep 9 step 236,000/246,310 loss 0.00895 lr 8.96e-06 1,495,638 pos/s  2585s
ep 9 step 236,200/246,310 loss 0.00892 lr 8.62e-06 1,495,802 pos/s  2587s
ep 9 step 236,400/246,310 loss 0.00890 lr 8.28e-06 1,495,950 pos/s  2589s
ep 9 step 236,600/246,310 loss 0.00896 lr 7.95e-06 1,496,090 pos/s  2591s
ep 9 step 236,800/246,310 loss 0.00893 lr 7.63e-06 1,496,243 pos/s  2593s
ep 9 step 237,000/246,310 loss 0.00892 lr 7.31e-06 1,496,402 pos/s  2595s
ep 9 step 237,200/246,310 loss 0.00890 lr 7.00e-06 1,496,552 pos/s  2597s
ep 9 step 237,400/246,310 loss 0.00892 lr 6.70e-06 1,496,687 pos/s  2599s
ep 9 step 237,600/246,310 loss 0.00892 lr 6.40e-06 1,496,821 pos/s  2601s
ep 9 step 237,800/246,310 loss 0.00892 lr 6.11e-06 1,496,954 pos/s  2603s
ep 9 step 238,000/246,310 loss 0.00895 lr 5.83e-06 1,497,116 pos/s  2605s
ep 9 step 238,200/246,310 loss 0.00894 lr 5.55e-06 1,497,274 pos/s  2607s
ep 9 step 238,400/246,310 loss 0.00890 lr 5.28e-06 1,497,417 pos/s  2608s
ep 9 step 238,600/246,310 loss 0.00891 lr 5.02e-06 1,497,577 pos/s  2610s
ep 9 step 238,800/246,310 loss 0.00890 lr 4.76e-06 1,497,742 pos/s  2612s
ep 9 step 239,000/246,310 loss 0.00893 lr 4.51e-06 1,497,886 pos/s  2614s
ep 9 step 239,200/246,310 loss 0.00892 lr 4.27e-06 1,498,028 pos/s  2616s
ep 9 step 239,400/246,310 loss 0.00892 lr 4.03e-06 1,498,162 pos/s  2618s
ep 9 step 239,600/246,310 loss 0.00893 lr 3.80e-06 1,498,298 pos/s  2620s
ep 9 step 239,800/246,310 loss 0.00895 lr 3.58e-06 1,498,428 pos/s  2622s
ep 9 step 240,000/246,310 loss 0.00893 lr 3.36e-06 1,498,574 pos/s  2624s
ep 9 step 240,200/246,310 loss 0.00894 lr 3.15e-06 1,498,719 pos/s  2626s
ep 9 step 240,400/246,310 loss 0.00894 lr 2.95e-06 1,498,867 pos/s  2628s
ep 9 step 240,600/246,310 loss 0.00893 lr 2.76e-06 1,499,009 pos/s  2630s
ep 9 step 240,800/246,310 loss 0.00893 lr 2.57e-06 1,499,153 pos/s  2632s
ep 9 step 241,000/246,310 loss 0.00892 lr 2.38e-06 1,499,290 pos/s  2634s
ep 9 step 241,200/246,310 loss 0.00896 lr 2.21e-06 1,499,425 pos/s  2636s
ep 9 step 241,400/246,310 loss 0.00894 lr 2.04e-06 1,499,567 pos/s  2637s
ep 9 step 241,600/246,310 loss 0.00895 lr 1.88e-06 1,499,701 pos/s  2639s
ep 9 step 241,800/246,310 loss 0.00892 lr 1.72e-06 1,499,850 pos/s  2641s
ep 9 step 242,000/246,310 loss 0.00893 lr 1.57e-06 1,499,983 pos/s  2643s
ep 9 step 242,200/246,310 loss 0.00895 lr 1.43e-06 1,500,125 pos/s  2645s
ep 9 step 242,400/246,310 loss 0.00890 lr 1.30e-06 1,500,262 pos/s  2647s
ep 9 step 242,600/246,310 loss 0.00888 lr 1.17e-06 1,500,392 pos/s  2649s
ep 9 step 242,800/246,310 loss 0.00890 lr 1.05e-06 1,500,531 pos/s  2651s
ep 9 step 243,000/246,310 loss 0.00893 lr 9.30e-07 1,500,662 pos/s  2653s
ep 9 step 243,200/246,310 loss 0.00893 lr 8.22e-07 1,500,802 pos/s  2655s
ep 9 step 243,400/246,310 loss 0.00891 lr 7.20e-07 1,500,939 pos/s  2657s
ep 9 step 243,600/246,310 loss 0.00894 lr 6.26e-07 1,501,076 pos/s  2659s
ep 9 step 243,800/246,310 loss 0.00891 lr 5.37e-07 1,501,222 pos/s  2661s
ep 9 step 244,000/246,310 loss 0.00893 lr 4.56e-07 1,501,348 pos/s  2663s
ep 9 step 244,200/246,310 loss 0.00894 lr 3.82e-07 1,501,497 pos/s  2665s
ep 9 step 244,400/246,310 loss 0.00891 lr 3.14e-07 1,501,624 pos/s  2667s
ep 9 step 244,600/246,310 loss 0.00891 lr 2.53e-07 1,501,758 pos/s  2669s
ep 9 step 244,800/246,310 loss 0.00894 lr 1.98e-07 1,501,889 pos/s  2671s
ep 9 step 245,000/246,310 loss 0.00893 lr 1.51e-07 1,502,025 pos/s  2672s
ep 9 step 245,200/246,310 loss 0.00893 lr 1.10e-07 1,502,155 pos/s  2674s
ep 9 step 245,400/246,310 loss 0.00896 lr 7.58e-08 1,502,284 pos/s  2676s
ep 9 step 245,600/246,310 loss 0.00893 lr 4.84e-08 1,502,412 pos/s  2678s
ep 9 step 245,800/246,310 loss 0.00893 lr 2.79e-08 1,502,531 pos/s  2680s
ep 9 step 246,000/246,310 loss 0.00895 lr 1.41e-08 1,502,645 pos/s  2682s
ep 9 step 246,200/246,310 loss 0.00893 lr 7.00e-09 1,502,772 pos/s  2684s
== epoch 9 done | val_loss 0.01091 | MAE 114.6 cp | sign 93.5% | 2686s

best val_loss 0.01089; checkpoints in runs/full512/
