device: NVIDIA RTX 6000 Ada Generation
loaded 409,562,339 records -> 405,595,870 after filters (min_depth=16, drop_mate=False)
train 403,567,891 | val 2,027,979
baseline (always predict draw) val_loss = 0.05421
parameters: 6,309,473
24,631 steps/epoch, 246,310 total
ep 0 step     200/246,310 loss 0.05189 lr 6.01e-05 144,681 pos/s  23s
ep 0 step     400/246,310 loss 0.04042 lr 6.04e-05 275,697 pos/s  24s
ep 0 step     600/246,310 loss 0.03148 lr 6.09e-05 395,387 pos/s  25s
ep 0 step     800/246,310 loss 0.02678 lr 6.17e-05 504,679 pos/s  26s
ep 0 step   1,000/246,310 loss 0.02458 lr 6.26e-05 605,177 pos/s  27s
ep 0 step   1,200/246,310 loss 0.02352 lr 6.37e-05 697,454 pos/s  28s
ep 0 step   1,400/246,310 loss 0.02285 lr 6.51e-05 782,402 pos/s  29s
ep 0 step   1,600/246,310 loss 0.02244 lr 6.67e-05 861,088 pos/s  30s
ep 0 step   1,800/246,310 loss 0.02210 lr 6.84e-05 934,826 pos/s  32s
ep 0 step   2,000/246,310 loss 0.02187 lr 7.04e-05 1,002,611 pos/s  33s
ep 0 step   2,200/246,310 loss 0.02163 lr 7.26e-05 1,066,420 pos/s  34s
ep 0 step   2,400/246,310 loss 0.02137 lr 7.49e-05 1,127,288 pos/s  35s
ep 0 step   2,600/246,310 loss 0.02125 lr 7.75e-05 1,184,287 pos/s  36s
ep 0 step   2,800/246,310 loss 0.02097 lr 8.03e-05 1,238,137 pos/s  37s
ep 0 step   3,000/246,310 loss 0.02088 lr 8.33e-05 1,288,843 pos/s  38s
ep 0 step   3,200/246,310 loss 0.02068 lr 8.65e-05 1,336,936 pos/s  39s
ep 0 step   3,400/246,310 loss 0.02047 lr 8.99e-05 1,381,551 pos/s  40s
ep 0 step   3,600/246,310 loss 0.02038 lr 9.35e-05 1,423,414 pos/s  41s
ep 0 step   3,800/246,310 loss 0.02014 lr 9.73e-05 1,463,199 pos/s  43s
ep 0 step   4,000/246,310 loss 0.02002 lr 1.01e-04 1,500,840 pos/s  44s
ep 0 step   4,200/246,310 loss 0.01986 lr 1.05e-04 1,536,904 pos/s  45s
ep 0 step   4,400/246,310 loss 0.01973 lr 1.10e-04 1,571,051 pos/s  46s
ep 0 step   4,600/246,310 loss 0.01958 lr 1.14e-04 1,603,411 pos/s  47s
ep 0 step   4,800/246,310 loss 0.01947 lr 1.19e-04 1,634,227 pos/s  48s
ep 0 step   5,000/246,310 loss 0.01932 lr 1.24e-04 1,663,387 pos/s  49s
ep 0 step   5,200/246,310 loss 0.01920 lr 1.29e-04 1,690,867 pos/s  50s
ep 0 step   5,400/246,310 loss 0.01898 lr 1.35e-04 1,716,958 pos/s  52s
ep 0 step   5,600/246,310 loss 0.01890 lr 1.40e-04 1,742,116 pos/s  53s
ep 0 step   5,800/246,310 loss 0.01875 lr 1.46e-04 1,766,120 pos/s  54s
ep 0 step   6,000/246,310 loss 0.01864 lr 1.52e-04 1,788,551 pos/s  55s
ep 0 step   6,200/246,310 loss 0.01848 lr 1.58e-04 1,810,859 pos/s  56s
ep 0 step   6,400/246,310 loss 0.01839 lr 1.64e-04 1,832,651 pos/s  57s
ep 0 step   6,600/246,310 loss 0.01828 lr 1.70e-04 1,854,283 pos/s  58s
ep 0 step   6,800/246,310 loss 0.01814 lr 1.77e-04 1,874,690 pos/s  59s
ep 0 step   7,000/246,310 loss 0.01808 lr 1.84e-04 1,894,153 pos/s  61s
ep 0 step   7,200/246,310 loss 0.01794 lr 1.91e-04 1,913,517 pos/s  62s
ep 0 step   7,400/246,310 loss 0.01785 lr 1.98e-04 1,932,927 pos/s  63s
ep 0 step   7,600/246,310 loss 0.01782 lr 2.05e-04 1,951,668 pos/s  64s
ep 0 step   7,800/246,310 loss 0.01769 lr 2.13e-04 1,969,848 pos/s  65s
ep 0 step   8,000/246,310 loss 0.01757 lr 2.20e-04 1,987,409 pos/s  66s
ep 0 step   8,200/246,310 loss 0.01747 lr 2.28e-04 2,004,125 pos/s  67s
ep 0 step   8,400/246,310 loss 0.01741 lr 2.36e-04 2,020,439 pos/s  68s
ep 0 step   8,600/246,310 loss 0.01736 lr 2.44e-04 2,035,015 pos/s  69s
ep 0 step   8,800/246,310 loss 0.01724 lr 2.52e-04 2,048,733 pos/s  70s
ep 0 step   9,000/246,310 loss 0.01714 lr 2.61e-04 2,062,092 pos/s  72s
ep 0 step   9,200/246,310 loss 0.01710 lr 2.69e-04 2,075,097 pos/s  73s
ep 0 step   9,400/246,310 loss 0.01709 lr 2.78e-04 2,087,946 pos/s  74s
ep 0 step   9,600/246,310 loss 0.01697 lr 2.87e-04 2,100,539 pos/s  75s
ep 0 step   9,800/246,310 loss 0.01692 lr 2.96e-04 2,112,997 pos/s  76s
ep 0 step  10,000/246,310 loss 0.01688 lr 3.05e-04 2,124,481 pos/s  77s
ep 0 step  10,200/246,310 loss 0.01684 lr 3.14e-04 2,136,465 pos/s  78s
ep 0 step  10,400/246,310 loss 0.01679 lr 3.24e-04 2,147,804 pos/s  79s
ep 0 step  10,600/246,310 loss 0.01673 lr 3.33e-04 2,158,610 pos/s  80s
ep 0 step  10,800/246,310 loss 0.01664 lr 3.43e-04 2,169,027 pos/s  82s
ep 0 step  11,000/246,310 loss 0.01663 lr 3.53e-04 2,179,224 pos/s  83s
ep 0 step  11,200/246,310 loss 0.01659 lr 3.63e-04 2,189,032 pos/s  84s
ep 0 step  11,400/246,310 loss 0.01655 lr 3.73e-04 2,198,060 pos/s  85s
ep 0 step  11,600/246,310 loss 0.01647 lr 3.83e-04 2,207,017 pos/s  86s
ep 0 step  11,800/246,310 loss 0.01644 lr 3.93e-04 2,215,740 pos/s  87s
ep 0 step  12,000/246,310 loss 0.01639 lr 4.03e-04 2,224,883 pos/s  88s
ep 0 step  12,200/246,310 loss 0.01631 lr 4.14e-04 2,233,642 pos/s  89s
ep 0 step  12,400/246,310 loss 0.01632 lr 4.25e-04 2,241,139 pos/s  91s
ep 0 step  12,600/246,310 loss 0.01623 lr 4.35e-04 2,249,450 pos/s  92s
ep 0 step  12,800/246,310 loss 0.01623 lr 4.46e-04 2,257,294 pos/s  93s
ep 0 step  13,000/246,310 loss 0.01620 lr 4.57e-04 2,265,485 pos/s  94s
ep 0 step  13,200/246,310 loss 0.01615 lr 4.68e-04 2,273,239 pos/s  95s
ep 0 step  13,400/246,310 loss 0.01612 lr 4.79e-04 2,281,565 pos/s  96s
ep 0 step  13,600/246,310 loss 0.01606 lr 4.90e-04 2,289,874 pos/s  97s
ep 0 step  13,800/246,310 loss 0.01603 lr 5.01e-04 2,298,009 pos/s  98s
ep 0 step  14,000/246,310 loss 0.01604 lr 5.13e-04 2,305,812 pos/s  99s
ep 0 step  14,200/246,310 loss 0.01594 lr 5.24e-04 2,313,439 pos/s  101s
ep 0 step  14,400/246,310 loss 0.01594 lr 5.36e-04 2,320,842 pos/s  102s
ep 0 step  14,600/246,310 loss 0.01590 lr 5.47e-04 2,327,875 pos/s  103s
ep 0 step  14,800/246,310 loss 0.01587 lr 5.59e-04 2,334,007 pos/s  104s
ep 0 step  15,000/246,310 loss 0.01585 lr 5.70e-04 2,339,988 pos/s  105s
ep 0 step  15,200/246,310 loss 0.01580 lr 5.82e-04 2,345,755 pos/s  106s
ep 0 step  15,400/246,310 loss 0.01584 lr 5.94e-04 2,352,296 pos/s  107s
ep 0 step  15,600/246,310 loss 0.01576 lr 6.06e-04 2,359,087 pos/s  108s
ep 0 step  15,800/246,310 loss 0.01571 lr 6.18e-04 2,364,835 pos/s  109s
ep 0 step  16,000/246,310 loss 0.01572 lr 6.30e-04 2,370,730 pos/s  111s
ep 0 step  16,200/246,310 loss 0.01561 lr 6.42e-04 2,376,536 pos/s  112s
ep 0 step  16,400/246,310 loss 0.01565 lr 6.54e-04 2,382,037 pos/s  113s
ep 0 step  16,600/246,310 loss 0.01559 lr 6.66e-04 2,386,504 pos/s  114s
ep 0 step  16,800/246,310 loss 0.01556 lr 6.78e-04 2,390,770 pos/s  115s
ep 0 step  17,000/246,310 loss 0.01558 lr 6.90e-04 2,394,304 pos/s  116s
ep 0 step  17,200/246,310 loss 0.01552 lr 7.02e-04 2,398,850 pos/s  117s
ep 0 step  17,400/246,310 loss 0.01545 lr 7.14e-04 2,403,265 pos/s  119s
ep 0 step  17,600/246,310 loss 0.01553 lr 7.27e-04 2,407,966 pos/s  120s
ep 0 step  17,800/246,310 loss 0.01541 lr 7.39e-04 2,412,131 pos/s  121s
ep 0 step  18,000/246,310 loss 0.01544 lr 7.51e-04 2,416,004 pos/s  122s
ep 0 step  18,200/246,310 loss 0.01542 lr 7.63e-04 2,419,985 pos/s  123s
ep 0 step  18,400/246,310 loss 0.01534 lr 7.76e-04 2,424,352 pos/s  124s
ep 0 step  18,600/246,310 loss 0.01532 lr 7.88e-04 2,429,277 pos/s  125s
ep 0 step  18,800/246,310 loss 0.01528 lr 8.00e-04 2,433,646 pos/s  127s
ep 0 step  19,000/246,310 loss 0.01529 lr 8.12e-04 2,437,243 pos/s  128s
ep 0 step  19,200/246,310 loss 0.01525 lr 8.24e-04 2,441,389 pos/s  129s
ep 0 step  19,400/246,310 loss 0.01520 lr 8.37e-04 2,445,204 pos/s  130s
ep 0 step  19,600/246,310 loss 0.01524 lr 8.49e-04 2,448,599 pos/s  131s
ep 0 step  19,800/246,310 loss 0.01516 lr 8.61e-04 2,451,927 pos/s  132s
ep 0 step  20,000/246,310 loss 0.01518 lr 8.73e-04 2,456,161 pos/s  133s
ep 0 step  20,200/246,310 loss 0.01515 lr 8.85e-04 2,459,419 pos/s  135s
ep 0 step  20,400/246,310 loss 0.01511 lr 8.97e-04 2,462,551 pos/s  136s
ep 0 step  20,600/246,310 loss 0.01508 lr 9.10e-04 2,466,014 pos/s  137s
ep 0 step  20,800/246,310 loss 0.01507 lr 9.22e-04 2,469,275 pos/s  138s
ep 0 step  21,000/246,310 loss 0.01508 lr 9.34e-04 2,473,092 pos/s  139s
ep 0 step  21,200/246,310 loss 0.01498 lr 9.45e-04 2,475,906 pos/s  140s
ep 0 step  21,400/246,310 loss 0.01499 lr 9.57e-04 2,479,032 pos/s  141s
ep 0 step  21,600/246,310 loss 0.01501 lr 9.69e-04 2,482,696 pos/s  143s
ep 0 step  21,800/246,310 loss 0.01492 lr 9.81e-04 2,486,411 pos/s  144s
ep 0 step  22,000/246,310 loss 0.01491 lr 9.93e-04 2,489,410 pos/s  145s
ep 0 step  22,200/246,310 loss 0.01493 lr 1.00e-03 2,492,025 pos/s  146s
ep 0 step  22,400/246,310 loss 0.01490 lr 1.02e-03 2,495,058 pos/s  147s
ep 0 step  22,600/246,310 loss 0.01491 lr 1.03e-03 2,497,910 pos/s  148s
ep 0 step  22,800/246,310 loss 0.01490 lr 1.04e-03 2,500,363 pos/s  149s
ep 0 step  23,000/246,310 loss 0.01481 lr 1.05e-03 2,503,299 pos/s  151s
ep 0 step  23,200/246,310 loss 0.01481 lr 1.06e-03 2,506,149 pos/s  152s
ep 0 step  23,400/246,310 loss 0.01481 lr 1.07e-03 2,508,974 pos/s  153s
ep 0 step  23,600/246,310 loss 0.01482 lr 1.08e-03 2,511,739 pos/s  154s
ep 0 step  23,800/246,310 loss 0.01475 lr 1.10e-03 2,515,022 pos/s  155s
ep 0 step  24,000/246,310 loss 0.01475 lr 1.11e-03 2,518,348 pos/s  156s
ep 0 step  24,200/246,310 loss 0.01475 lr 1.12e-03 2,521,736 pos/s  157s
ep 0 step  24,400/246,310 loss 0.01468 lr 1.13e-03 2,524,971 pos/s  158s
ep 0 step  24,600/246,310 loss 0.01470 lr 1.14e-03 2,527,506 pos/s  159s
== epoch 0 done | val_loss 0.01464 | MAE 127.8 cp | sign 91.1% | 160s
ep 1 step  24,800/246,310 loss 0.01444 lr 1.15e-03 2,233,454 pos/s  182s
ep 1 step  25,000/246,310 loss 0.01443 lr 1.16e-03 2,237,797 pos/s  183s
ep 1 step  25,200/246,310 loss 0.01444 lr 1.17e-03 2,241,948 pos/s  184s
ep 1 step  25,400/246,310 loss 0.01443 lr 1.18e-03 2,246,048 pos/s  185s
ep 1 step  25,600/246,310 loss 0.01440 lr 1.19e-03 2,250,237 pos/s  186s
ep 1 step  25,800/246,310 loss 0.01447 lr 1.20e-03 2,254,277 pos/s  188s
ep 1 step  26,000/246,310 loss 0.01443 lr 1.21e-03 2,258,240 pos/s  189s
ep 1 step  26,200/246,310 loss 0.01439 lr 1.22e-03 2,262,395 pos/s  190s
ep 1 step  26,400/246,310 loss 0.01445 lr 1.23e-03 2,266,205 pos/s  191s
ep 1 step  26,600/246,310 loss 0.01435 lr 1.24e-03 2,269,977 pos/s  192s
ep 1 step  26,800/246,310 loss 0.01440 lr 1.25e-03 2,273,100 pos/s  193s
ep 1 step  27,000/246,310 loss 0.01436 lr 1.26e-03 2,276,749 pos/s  194s
ep 1 step  27,200/246,310 loss 0.01440 lr 1.27e-03 2,280,593 pos/s  195s
ep 1 step  27,400/246,310 loss 0.01438 lr 1.28e-03 2,284,358 pos/s  197s
ep 1 step  27,600/246,310 loss 0.01435 lr 1.28e-03 2,288,010 pos/s  198s
ep 1 step  27,800/246,310 loss 0.01438 lr 1.29e-03 2,291,727 pos/s  199s
ep 1 step  28,000/246,310 loss 0.01430 lr 1.30e-03 2,295,345 pos/s  200s
ep 1 step  28,200/246,310 loss 0.01430 lr 1.31e-03 2,298,615 pos/s  201s
ep 1 step  28,400/246,310 loss 0.01432 lr 1.32e-03 2,301,979 pos/s  202s
ep 1 step  28,600/246,310 loss 0.01430 lr 1.33e-03 2,305,343 pos/s  203s
ep 1 step  28,800/246,310 loss 0.01429 lr 1.33e-03 2,308,400 pos/s  204s
ep 1 step  29,000/246,310 loss 0.01428 lr 1.34e-03 2,311,142 pos/s  206s
ep 1 step  29,200/246,310 loss 0.01426 lr 1.35e-03 2,314,256 pos/s  207s
ep 1 step  29,400/246,310 loss 0.01427 lr 1.36e-03 2,317,370 pos/s  208s
ep 1 step  29,600/246,310 loss 0.01424 lr 1.36e-03 2,320,642 pos/s  209s
ep 1 step  29,800/246,310 loss 0.01420 lr 1.37e-03 2,323,820 pos/s  210s
ep 1 step  30,000/246,310 loss 0.01423 lr 1.38e-03 2,327,520 pos/s  211s
ep 1 step  30,200/246,310 loss 0.01421 lr 1.38e-03 2,330,755 pos/s  212s
ep 1 step  30,400/246,310 loss 0.01419 lr 1.39e-03 2,333,786 pos/s  213s
ep 1 step  30,600/246,310 loss 0.01418 lr 1.40e-03 2,337,359 pos/s  214s
ep 1 step  30,800/246,310 loss 0.01414 lr 1.40e-03 2,340,587 pos/s  216s
ep 1 step  31,000/246,310 loss 0.01417 lr 1.41e-03 2,343,875 pos/s  217s
ep 1 step  31,200/246,310 loss 0.01412 lr 1.42e-03 2,346,754 pos/s  218s
ep 1 step  31,400/246,310 loss 0.01415 lr 1.42e-03 2,350,169 pos/s  219s
ep 1 step  31,600/246,310 loss 0.01413 lr 1.43e-03 2,353,126 pos/s  220s
ep 1 step  31,800/246,310 loss 0.01416 lr 1.43e-03 2,355,971 pos/s  221s
ep 1 step  32,000/246,310 loss 0.01412 lr 1.44e-03 2,358,910 pos/s  222s
ep 1 step  32,200/246,310 loss 0.01405 lr 1.44e-03 2,361,940 pos/s  223s
ep 1 step  32,400/246,310 loss 0.01403 lr 1.45e-03 2,364,639 pos/s  224s
ep 1 step  32,600/246,310 loss 0.01403 lr 1.45e-03 2,367,360 pos/s  226s
ep 1 step  32,800/246,310 loss 0.01403 lr 1.46e-03 2,370,495 pos/s  227s
ep 1 step  33,000/246,310 loss 0.01404 lr 1.46e-03 2,373,360 pos/s  228s
ep 1 step  33,200/246,310 loss 0.01397 lr 1.46e-03 2,375,857 pos/s  229s
ep 1 step  33,400/246,310 loss 0.01399 lr 1.47e-03 2,378,533 pos/s  230s
ep 1 step  33,600/246,310 loss 0.01399 lr 1.47e-03 2,381,487 pos/s  231s
ep 1 step  33,800/246,310 loss 0.01396 lr 1.47e-03 2,383,416 pos/s  232s
ep 1 step  34,000/246,310 loss 0.01393 lr 1.48e-03 2,385,258 pos/s  234s
ep 1 step  34,200/246,310 loss 0.01397 lr 1.48e-03 2,387,528 pos/s  235s
ep 1 step  34,400/246,310 loss 0.01393 lr 1.48e-03 2,388,858 pos/s  236s
ep 1 step  34,600/246,310 loss 0.01388 lr 1.49e-03 2,390,122 pos/s  237s
ep 1 step  34,800/246,310 loss 0.01397 lr 1.49e-03 2,392,373 pos/s  238s
ep 1 step  35,000/246,310 loss 0.01389 lr 1.49e-03 2,394,629 pos/s  239s
ep 1 step  35,200/246,310 loss 0.01387 lr 1.49e-03 2,396,471 pos/s  241s
ep 1 step  35,400/246,310 loss 0.01390 lr 1.49e-03 2,397,740 pos/s  242s
ep 1 step  35,600/246,310 loss 0.01390 lr 1.50e-03 2,399,623 pos/s  243s
ep 1 step  35,800/246,310 loss 0.01385 lr 1.50e-03 2,401,707 pos/s  244s
ep 1 step  36,000/246,310 loss 0.01386 lr 1.50e-03 2,403,344 pos/s  245s
ep 1 step  36,200/246,310 loss 0.01385 lr 1.50e-03 2,405,947 pos/s  247s
ep 1 step  36,400/246,310 loss 0.01383 lr 1.50e-03 2,407,800 pos/s  248s
ep 1 step  36,600/246,310 loss 0.01382 lr 1.50e-03 2,409,485 pos/s  249s
ep 1 step  36,800/246,310 loss 0.01380 lr 1.50e-03 2,411,404 pos/s  250s
ep 1 step  37,000/246,310 loss 0.01380 lr 1.50e-03 2,412,518 pos/s  251s
ep 1 step  37,200/246,310 loss 0.01383 lr 1.50e-03 2,414,380 pos/s  252s
ep 1 step  37,400/246,310 loss 0.01380 lr 1.50e-03 2,415,366 pos/s  254s
ep 1 step  37,600/246,310 loss 0.01375 lr 1.50e-03 2,416,406 pos/s  255s
ep 1 step  37,800/246,310 loss 0.01373 lr 1.50e-03 2,417,906 pos/s  256s
ep 1 step  38,000/246,310 loss 0.01375 lr 1.50e-03 2,420,075 pos/s  257s
ep 1 step  38,200/246,310 loss 0.01372 lr 1.50e-03 2,420,725 pos/s  259s
ep 1 step  38,400/246,310 loss 0.01367 lr 1.50e-03 2,421,774 pos/s  260s
ep 1 step  38,600/246,310 loss 0.01370 lr 1.50e-03 2,423,518 pos/s  261s
ep 1 step  38,800/246,310 loss 0.01371 lr 1.50e-03 2,424,628 pos/s  262s
ep 1 step  39,000/246,310 loss 0.01371 lr 1.50e-03 2,425,727 pos/s  263s
ep 1 step  39,200/246,310 loss 0.01366 lr 1.50e-03 2,427,310 pos/s  265s
ep 1 step  39,400/246,310 loss 0.01365 lr 1.50e-03 2,428,942 pos/s  266s
ep 1 step  39,600/246,310 loss 0.01367 lr 1.50e-03 2,430,726 pos/s  267s
ep 1 step  39,800/246,310 loss 0.01366 lr 1.50e-03 2,431,576 pos/s  268s
ep 1 step  40,000/246,310 loss 0.01361 lr 1.50e-03 2,433,225 pos/s  269s
ep 1 step  40,200/246,310 loss 0.01360 lr 1.50e-03 2,435,426 pos/s  270s
ep 1 step  40,400/246,310 loss 0.01361 lr 1.50e-03 2,436,781 pos/s  272s
ep 1 step  40,600/246,310 loss 0.01359 lr 1.50e-03 2,438,472 pos/s  273s
ep 1 step  40,800/246,310 loss 0.01362 lr 1.50e-03 2,439,785 pos/s  274s
ep 1 step  41,000/246,310 loss 0.01358 lr 1.50e-03 2,440,997 pos/s  275s
ep 1 step  41,200/246,310 loss 0.01358 lr 1.50e-03 2,442,162 pos/s  276s
ep 1 step  41,400/246,310 loss 0.01349 lr 1.50e-03 2,443,327 pos/s  278s
ep 1 step  41,600/246,310 loss 0.01352 lr 1.50e-03 2,444,581 pos/s  279s
ep 1 step  41,800/246,310 loss 0.01358 lr 1.50e-03 2,446,189 pos/s  280s
ep 1 step  42,000/246,310 loss 0.01353 lr 1.50e-03 2,446,482 pos/s  281s
ep 1 step  42,200/246,310 loss 0.01349 lr 1.50e-03 2,447,339 pos/s  283s
ep 1 step  42,400/246,310 loss 0.01348 lr 1.50e-03 2,448,935 pos/s  284s
ep 1 step  42,600/246,310 loss 0.01351 lr 1.50e-03 2,449,976 pos/s  285s
ep 1 step  42,800/246,310 loss 0.01346 lr 1.50e-03 2,450,308 pos/s  286s
ep 1 step  43,000/246,310 loss 0.01351 lr 1.50e-03 2,451,711 pos/s  287s
ep 1 step  43,200/246,310 loss 0.01346 lr 1.50e-03 2,453,285 pos/s  289s
ep 1 step  43,400/246,310 loss 0.01346 lr 1.50e-03 2,454,294 pos/s  290s
ep 1 step  43,600/246,310 loss 0.01350 lr 1.50e-03 2,454,866 pos/s  291s
ep 1 step  43,800/246,310 loss 0.01347 lr 1.50e-03 2,455,989 pos/s  292s
ep 1 step  44,000/246,310 loss 0.01344 lr 1.50e-03 2,457,443 pos/s  293s
ep 1 step  44,200/246,310 loss 0.01347 lr 1.50e-03 2,458,027 pos/s  295s
ep 1 step  44,400/246,310 loss 0.01343 lr 1.50e-03 2,458,847 pos/s  296s
ep 1 step  44,600/246,310 loss 0.01341 lr 1.50e-03 2,460,032 pos/s  297s
ep 1 step  44,800/246,310 loss 0.01344 lr 1.49e-03 2,461,604 pos/s  298s
ep 1 step  45,000/246,310 loss 0.01344 lr 1.49e-03 2,463,004 pos/s  299s
ep 1 step  45,200/246,310 loss 0.01338 lr 1.49e-03 2,464,481 pos/s  300s
ep 1 step  45,400/246,310 loss 0.01342 lr 1.49e-03 2,465,964 pos/s  302s
ep 1 step  45,600/246,310 loss 0.01338 lr 1.49e-03 2,467,210 pos/s  303s
ep 1 step  45,800/246,310 loss 0.01337 lr 1.49e-03 2,468,236 pos/s  304s
ep 1 step  46,000/246,310 loss 0.01341 lr 1.49e-03 2,468,770 pos/s  305s
ep 1 step  46,200/246,310 loss 0.01337 lr 1.49e-03 2,470,047 pos/s  306s
ep 1 step  46,400/246,310 loss 0.01334 lr 1.49e-03 2,470,925 pos/s  308s
ep 1 step  46,600/246,310 loss 0.01334 lr 1.49e-03 2,471,335 pos/s  309s
ep 1 step  46,800/246,310 loss 0.01337 lr 1.49e-03 2,472,418 pos/s  310s
ep 1 step  47,000/246,310 loss 0.01333 lr 1.49e-03 2,473,893 pos/s  311s
ep 1 step  47,200/246,310 loss 0.01332 lr 1.49e-03 2,475,101 pos/s  312s
ep 1 step  47,400/246,310 loss 0.01328 lr 1.49e-03 2,475,667 pos/s  314s
ep 1 step  47,600/246,310 loss 0.01333 lr 1.49e-03 2,476,529 pos/s  315s
ep 1 step  47,800/246,310 loss 0.01326 lr 1.49e-03 2,477,887 pos/s  316s
ep 1 step  48,000/246,310 loss 0.01327 lr 1.49e-03 2,479,272 pos/s  317s
ep 1 step  48,200/246,310 loss 0.01329 lr 1.49e-03 2,480,766 pos/s  318s
ep 1 step  48,400/246,310 loss 0.01328 lr 1.49e-03 2,481,822 pos/s  320s
ep 1 step  48,600/246,310 loss 0.01325 lr 1.49e-03 2,482,971 pos/s  321s
ep 1 step  48,800/246,310 loss 0.01326 lr 1.49e-03 2,484,216 pos/s  322s
ep 1 step  49,000/246,310 loss 0.01324 lr 1.49e-03 2,485,372 pos/s  323s
ep 1 step  49,200/246,310 loss 0.01323 lr 1.49e-03 2,486,553 pos/s  324s
== epoch 1 done | val_loss 0.01323 | MAE 123.8 cp | sign 91.9% | 325s
ep 2 step  49,400/246,310 loss 0.01285 lr 1.49e-03 2,330,799 pos/s  347s
ep 2 step  49,600/246,310 loss 0.01283 lr 1.49e-03 2,332,417 pos/s  348s
ep 2 step  49,800/246,310 loss 0.01287 lr 1.49e-03 2,334,271 pos/s  350s
ep 2 step  50,000/246,310 loss 0.01280 lr 1.49e-03 2,335,385 pos/s  351s
ep 2 step  50,200/246,310 loss 0.01285 lr 1.49e-03 2,337,163 pos/s  352s
ep 2 step  50,400/246,310 loss 0.01280 lr 1.48e-03 2,338,560 pos/s  353s
ep 2 step  50,600/246,310 loss 0.01285 lr 1.48e-03 2,339,775 pos/s  354s
ep 2 step  50,800/246,310 loss 0.01285 lr 1.48e-03 2,341,466 pos/s  355s
ep 2 step  51,000/246,310 loss 0.01285 lr 1.48e-03 2,343,003 pos/s  357s
ep 2 step  51,200/246,310 loss 0.01288 lr 1.48e-03 2,343,916 pos/s  358s
ep 2 step  51,400/246,310 loss 0.01290 lr 1.48e-03 2,345,360 pos/s  359s
ep 2 step  51,600/246,310 loss 0.01287 lr 1.48e-03 2,346,831 pos/s  360s
ep 2 step  51,800/246,310 loss 0.01291 lr 1.48e-03 2,348,450 pos/s  361s
ep 2 step  52,000/246,310 loss 0.01288 lr 1.48e-03 2,349,791 pos/s  363s
ep 2 step  52,200/246,310 loss 0.01287 lr 1.48e-03 2,350,890 pos/s  364s
ep 2 step  52,400/246,310 loss 0.01288 lr 1.48e-03 2,352,367 pos/s  365s
ep 2 step  52,600/246,310 loss 0.01286 lr 1.48e-03 2,352,989 pos/s  366s
ep 2 step  52,800/246,310 loss 0.01292 lr 1.48e-03 2,353,611 pos/s  368s
ep 2 step  53,000/246,310 loss 0.01286 lr 1.48e-03 2,354,237 pos/s  369s
ep 2 step  53,200/246,310 loss 0.01286 lr 1.48e-03 2,355,646 pos/s  370s
ep 2 step  53,400/246,310 loss 0.01291 lr 1.48e-03 2,356,467 pos/s  371s
ep 2 step  53,600/246,310 loss 0.01289 lr 1.48e-03 2,357,458 pos/s  373s
ep 2 step  53,800/246,310 loss 0.01291 lr 1.48e-03 2,358,860 pos/s  374s
ep 2 step  54,000/246,310 loss 0.01290 lr 1.48e-03 2,360,282 pos/s  375s
ep 2 step  54,200/246,310 loss 0.01289 lr 1.48e-03 2,361,416 pos/s  376s
ep 2 step  54,400/246,310 loss 0.01289 lr 1.47e-03 2,362,458 pos/s  377s
ep 2 step  54,600/246,310 loss 0.01287 lr 1.47e-03 2,363,859 pos/s  378s
ep 2 step  54,800/246,310 loss 0.01285 lr 1.47e-03 2,364,997 pos/s  380s
ep 2 step  55,000/246,310 loss 0.01288 lr 1.47e-03 2,365,993 pos/s  381s
ep 2 step  55,200/246,310 loss 0.01287 lr 1.47e-03 2,366,916 pos/s  382s
ep 2 step  55,400/246,310 loss 0.01285 lr 1.47e-03 2,368,265 pos/s  383s
ep 2 step  55,600/246,310 loss 0.01288 lr 1.47e-03 2,369,322 pos/s  384s
ep 2 step  55,800/246,310 loss 0.01286 lr 1.47e-03 2,370,436 pos/s  386s
ep 2 step  56,000/246,310 loss 0.01284 lr 1.47e-03 2,371,765 pos/s  387s
ep 2 step  56,200/246,310 loss 0.01285 lr 1.47e-03 2,373,197 pos/s  388s
ep 2 step  56,400/246,310 loss 0.01287 lr 1.47e-03 2,374,652 pos/s  389s
ep 2 step  56,600/246,310 loss 0.01288 lr 1.47e-03 2,375,965 pos/s  390s
ep 2 step  56,800/246,310 loss 0.01284 lr 1.47e-03 2,377,679 pos/s  391s
ep 2 step  57,000/246,310 loss 0.01289 lr 1.47e-03 2,379,151 pos/s  393s
ep 2 step  57,200/246,310 loss 0.01287 lr 1.47e-03 2,380,203 pos/s  394s
ep 2 step  57,400/246,310 loss 0.01282 lr 1.46e-03 2,381,294 pos/s  395s
ep 2 step  57,600/246,310 loss 0.01286 lr 1.46e-03 2,382,429 pos/s  396s
ep 2 step  57,800/246,310 loss 0.01286 lr 1.46e-03 2,383,657 pos/s  397s
ep 2 step  58,000/246,310 loss 0.01283 lr 1.46e-03 2,384,683 pos/s  398s
ep 2 step  58,200/246,310 loss 0.01287 lr 1.46e-03 2,385,743 pos/s  400s
ep 2 step  58,400/246,310 loss 0.01288 lr 1.46e-03 2,386,849 pos/s  401s
ep 2 step  58,600/246,310 loss 0.01282 lr 1.46e-03 2,388,189 pos/s  402s
ep 2 step  58,800/246,310 loss 0.01287 lr 1.46e-03 2,389,149 pos/s  403s
ep 2 step  59,000/246,310 loss 0.01286 lr 1.46e-03 2,390,070 pos/s  404s
ep 2 step  59,200/246,310 loss 0.01280 lr 1.46e-03 2,391,349 pos/s  406s
ep 2 step  59,400/246,310 loss 0.01285 lr 1.46e-03 2,392,380 pos/s  407s
ep 2 step  59,600/246,310 loss 0.01285 lr 1.46e-03 2,393,472 pos/s  408s
ep 2 step  59,800/246,310 loss 0.01282 lr 1.46e-03 2,394,578 pos/s  409s
ep 2 step  60,000/246,310 loss 0.01285 lr 1.46e-03 2,395,789 pos/s  410s
ep 2 step  60,200/246,310 loss 0.01282 lr 1.45e-03 2,396,901 pos/s  411s
ep 2 step  60,400/246,310 loss 0.01280 lr 1.45e-03 2,398,038 pos/s  413s
ep 2 step  60,600/246,310 loss 0.01284 lr 1.45e-03 2,399,130 pos/s  414s
ep 2 step  60,800/246,310 loss 0.01280 lr 1.45e-03 2,400,411 pos/s  415s
ep 2 step  61,000/246,310 loss 0.01279 lr 1.45e-03 2,401,165 pos/s  416s
ep 2 step  61,200/246,310 loss 0.01282 lr 1.45e-03 2,402,302 pos/s  417s
ep 2 step  61,400/246,310 loss 0.01282 lr 1.45e-03 2,403,637 pos/s  419s
ep 2 step  61,600/246,310 loss 0.01281 lr 1.45e-03 2,405,152 pos/s  420s
ep 2 step  61,800/246,310 loss 0.01282 lr 1.45e-03 2,405,928 pos/s  421s
ep 2 step  62,000/246,310 loss 0.01281 lr 1.45e-03 2,406,970 pos/s  422s
ep 2 step  62,200/246,310 loss 0.01281 lr 1.45e-03 2,408,028 pos/s  423s
ep 2 step  62,400/246,310 loss 0.01280 lr 1.45e-03 2,409,075 pos/s  424s
ep 2 step  62,600/246,310 loss 0.01281 lr 1.45e-03 2,409,327 pos/s  426s
ep 2 step  62,800/246,310 loss 0.01278 lr 1.44e-03 2,410,508 pos/s  427s
ep 2 step  63,000/246,310 loss 0.01279 lr 1.44e-03 2,411,836 pos/s  428s
ep 2 step  63,200/246,310 loss 0.01280 lr 1.44e-03 2,413,110 pos/s  429s
ep 2 step  63,400/246,310 loss 0.01279 lr 1.44e-03 2,414,136 pos/s  430s
ep 2 step  63,600/246,310 loss 0.01275 lr 1.44e-03 2,414,840 pos/s  432s
ep 2 step  63,800/246,310 loss 0.01274 lr 1.44e-03 2,415,915 pos/s  433s
ep 2 step  64,000/246,310 loss 0.01278 lr 1.44e-03 2,416,684 pos/s  434s
ep 2 step  64,200/246,310 loss 0.01274 lr 1.44e-03 2,417,739 pos/s  435s
ep 2 step  64,400/246,310 loss 0.01274 lr 1.44e-03 2,418,737 pos/s  436s
ep 2 step  64,600/246,310 loss 0.01276 lr 1.44e-03 2,419,975 pos/s  437s
ep 2 step  64,800/246,310 loss 0.01276 lr 1.44e-03 2,420,922 pos/s  439s
ep 2 step  65,000/246,310 loss 0.01276 lr 1.43e-03 2,421,975 pos/s  440s
ep 2 step  65,200/246,310 loss 0.01278 lr 1.43e-03 2,422,721 pos/s  441s
ep 2 step  65,400/246,310 loss 0.01278 lr 1.43e-03 2,423,789 pos/s  442s
ep 2 step  65,600/246,310 loss 0.01275 lr 1.43e-03 2,424,718 pos/s  443s
ep 2 step  65,800/246,310 loss 0.01275 lr 1.43e-03 2,425,565 pos/s  444s
ep 2 step  66,000/246,310 loss 0.01271 lr 1.43e-03 2,426,415 pos/s  446s
ep 2 step  66,200/246,310 loss 0.01275 lr 1.43e-03 2,427,467 pos/s  447s
ep 2 step  66,400/246,310 loss 0.01273 lr 1.43e-03 2,428,349 pos/s  448s
ep 2 step  66,600/246,310 loss 0.01274 lr 1.43e-03 2,429,249 pos/s  449s
ep 2 step  66,800/246,310 loss 0.01275 lr 1.43e-03 2,430,244 pos/s  450s
ep 2 step  67,000/246,310 loss 0.01272 lr 1.43e-03 2,431,252 pos/s  452s
ep 2 step  67,200/246,310 loss 0.01275 lr 1.42e-03 2,431,981 pos/s  453s
ep 2 step  67,400/246,310 loss 0.01272 lr 1.42e-03 2,433,058 pos/s  454s
ep 2 step  67,600/246,310 loss 0.01271 lr 1.42e-03 2,434,144 pos/s  455s
ep 2 step  67,800/246,310 loss 0.01272 lr 1.42e-03 2,435,100 pos/s  456s
ep 2 step  68,000/246,310 loss 0.01273 lr 1.42e-03 2,435,988 pos/s  457s
ep 2 step  68,200/246,310 loss 0.01272 lr 1.42e-03 2,437,080 pos/s  458s
ep 2 step  68,400/246,310 loss 0.01271 lr 1.42e-03 2,437,968 pos/s  460s
ep 2 step  68,600/246,310 loss 0.01273 lr 1.42e-03 2,438,847 pos/s  461s
ep 2 step  68,800/246,310 loss 0.01268 lr 1.42e-03 2,439,545 pos/s  462s
ep 2 step  69,000/246,310 loss 0.01267 lr 1.41e-03 2,440,532 pos/s  463s
ep 2 step  69,200/246,310 loss 0.01269 lr 1.41e-03 2,441,429 pos/s  464s
ep 2 step  69,400/246,310 loss 0.01269 lr 1.41e-03 2,442,064 pos/s  466s
ep 2 step  69,600/246,310 loss 0.01268 lr 1.41e-03 2,442,703 pos/s  467s
ep 2 step  69,800/246,310 loss 0.01269 lr 1.41e-03 2,443,291 pos/s  468s
ep 2 step  70,000/246,310 loss 0.01268 lr 1.41e-03 2,444,196 pos/s  469s
ep 2 step  70,200/246,310 loss 0.01267 lr 1.41e-03 2,445,155 pos/s  470s
ep 2 step  70,400/246,310 loss 0.01271 lr 1.41e-03 2,445,837 pos/s  472s
ep 2 step  70,600/246,310 loss 0.01263 lr 1.41e-03 2,446,932 pos/s  473s
ep 2 step  70,800/246,310 loss 0.01266 lr 1.41e-03 2,447,640 pos/s  474s
ep 2 step  71,000/246,310 loss 0.01264 lr 1.40e-03 2,448,364 pos/s  475s
ep 2 step  71,200/246,310 loss 0.01266 lr 1.40e-03 2,449,227 pos/s  476s
ep 2 step  71,400/246,310 loss 0.01269 lr 1.40e-03 2,450,135 pos/s  477s
ep 2 step  71,600/246,310 loss 0.01265 lr 1.40e-03 2,450,970 pos/s  479s
ep 2 step  71,800/246,310 loss 0.01267 lr 1.40e-03 2,451,351 pos/s  480s
ep 2 step  72,000/246,310 loss 0.01265 lr 1.40e-03 2,452,167 pos/s  481s
ep 2 step  72,200/246,310 loss 0.01265 lr 1.40e-03 2,452,956 pos/s  482s
ep 2 step  72,400/246,310 loss 0.01263 lr 1.40e-03 2,454,133 pos/s  483s
ep 2 step  72,600/246,310 loss 0.01267 lr 1.40e-03 2,454,879 pos/s  485s
ep 2 step  72,800/246,310 loss 0.01262 lr 1.39e-03 2,455,369 pos/s  486s
ep 2 step  73,000/246,310 loss 0.01265 lr 1.39e-03 2,456,184 pos/s  487s
ep 2 step  73,200/246,310 loss 0.01261 lr 1.39e-03 2,457,030 pos/s  488s
ep 2 step  73,400/246,310 loss 0.01264 lr 1.39e-03 2,457,620 pos/s  489s
ep 2 step  73,600/246,310 loss 0.01263 lr 1.39e-03 2,458,421 pos/s  491s
ep 2 step  73,800/246,310 loss 0.01258 lr 1.39e-03 2,459,326 pos/s  492s
== epoch 2 done | val_loss 0.01273 | MAE 121.6 cp | sign 92.2% | 492s
ep 3 step  74,000/246,310 loss 0.01218 lr 1.39e-03 2,355,261 pos/s  515s
ep 3 step  74,200/246,310 loss 0.01214 lr 1.39e-03 2,355,840 pos/s  516s
ep 3 step  74,400/246,310 loss 0.01214 lr 1.38e-03 2,356,968 pos/s  517s
ep 3 step  74,600/246,310 loss 0.01218 lr 1.38e-03 2,358,108 pos/s  518s
ep 3 step  74,800/246,310 loss 0.01217 lr 1.38e-03 2,359,345 pos/s  519s
ep 3 step  75,000/246,310 loss 0.01220 lr 1.38e-03 2,360,411 pos/s  521s
ep 3 step  75,200/246,310 loss 0.01218 lr 1.38e-03 2,361,167 pos/s  522s
ep 3 step  75,400/246,310 loss 0.01216 lr 1.38e-03 2,362,231 pos/s  523s
ep 3 step  75,600/246,310 loss 0.01219 lr 1.38e-03 2,362,851 pos/s  524s
ep 3 step  75,800/246,310 loss 0.01222 lr 1.38e-03 2,363,547 pos/s  525s
ep 3 step  76,000/246,310 loss 0.01220 lr 1.37e-03 2,364,611 pos/s  527s
ep 3 step  76,200/246,310 loss 0.01219 lr 1.37e-03 2,365,647 pos/s  528s
ep 3 step  76,400/246,310 loss 0.01226 lr 1.37e-03 2,366,833 pos/s  529s
ep 3 step  76,600/246,310 loss 0.01223 lr 1.37e-03 2,367,899 pos/s  530s
ep 3 step  76,800/246,310 loss 0.01223 lr 1.37e-03 2,368,822 pos/s  531s
ep 3 step  77,000/246,310 loss 0.01220 lr 1.37e-03 2,369,935 pos/s  532s
ep 3 step  77,200/246,310 loss 0.01220 lr 1.37e-03 2,370,450 pos/s  534s
ep 3 step  77,400/246,310 loss 0.01225 lr 1.37e-03 2,371,047 pos/s  535s
ep 3 step  77,600/246,310 loss 0.01225 lr 1.36e-03 2,372,093 pos/s  536s
ep 3 step  77,800/246,310 loss 0.01228 lr 1.36e-03 2,373,162 pos/s  537s
ep 3 step  78,000/246,310 loss 0.01222 lr 1.36e-03 2,374,168 pos/s  538s
ep 3 step  78,200/246,310 loss 0.01226 lr 1.36e-03 2,375,163 pos/s  539s
ep 3 step  78,400/246,310 loss 0.01227 lr 1.36e-03 2,376,027 pos/s  541s
ep 3 step  78,600/246,310 loss 0.01227 lr 1.36e-03 2,376,840 pos/s  542s
ep 3 step  78,800/246,310 loss 0.01225 lr 1.36e-03 2,377,454 pos/s  543s
ep 3 step  79,000/246,310 loss 0.01228 lr 1.36e-03 2,378,319 pos/s  544s
ep 3 step  79,200/246,310 loss 0.01227 lr 1.35e-03 2,379,285 pos/s  545s
ep 3 step  79,400/246,310 loss 0.01227 lr 1.35e-03 2,380,296 pos/s  547s
ep 3 step  79,600/246,310 loss 0.01228 lr 1.35e-03 2,380,897 pos/s  548s
ep 3 step  79,800/246,310 loss 0.01222 lr 1.35e-03 2,381,812 pos/s  549s
ep 3 step  80,000/246,310 loss 0.01225 lr 1.35e-03 2,382,684 pos/s  550s
ep 3 step  80,200/246,310 loss 0.01227 lr 1.35e-03 2,383,071 pos/s  551s
ep 3 step  80,400/246,310 loss 0.01227 lr 1.35e-03 2,383,786 pos/s  553s
ep 3 step  80,600/246,310 loss 0.01228 lr 1.34e-03 2,384,538 pos/s  554s
ep 3 step  80,800/246,310 loss 0.01229 lr 1.34e-03 2,385,219 pos/s  555s
ep 3 step  81,000/246,310 loss 0.01226 lr 1.34e-03 2,385,993 pos/s  556s
ep 3 step  81,200/246,310 loss 0.01226 lr 1.34e-03 2,386,911 pos/s  557s
ep 3 step  81,400/246,310 loss 0.01229 lr 1.34e-03 2,387,657 pos/s  559s
ep 3 step  81,600/246,310 loss 0.01226 lr 1.34e-03 2,388,487 pos/s  560s
ep 3 step  81,800/246,310 loss 0.01227 lr 1.34e-03 2,389,076 pos/s  561s
ep 3 step  82,000/246,310 loss 0.01225 lr 1.34e-03 2,389,968 pos/s  562s
ep 3 step  82,200/246,310 loss 0.01228 lr 1.33e-03 2,390,869 pos/s  563s
ep 3 step  82,400/246,310 loss 0.01226 lr 1.33e-03 2,391,564 pos/s  565s
ep 3 step  82,600/246,310 loss 0.01225 lr 1.33e-03 2,392,068 pos/s  566s
ep 3 step  82,800/246,310 loss 0.01230 lr 1.33e-03 2,392,544 pos/s  567s
ep 3 step  83,000/246,310 loss 0.01228 lr 1.33e-03 2,393,371 pos/s  568s
ep 3 step  83,200/246,310 loss 0.01228 lr 1.33e-03 2,393,631 pos/s  569s
ep 3 step  83,400/246,310 loss 0.01224 lr 1.33e-03 2,394,183 pos/s  571s
ep 3 step  83,600/246,310 loss 0.01229 lr 1.32e-03 2,394,936 pos/s  572s
ep 3 step  83,800/246,310 loss 0.01226 lr 1.32e-03 2,395,624 pos/s  573s
ep 3 step  84,000/246,310 loss 0.01228 lr 1.32e-03 2,395,952 pos/s  574s
ep 3 step  84,200/246,310 loss 0.01231 lr 1.32e-03 2,396,449 pos/s  576s
ep 3 step  84,400/246,310 loss 0.01230 lr 1.32e-03 2,397,232 pos/s  577s
ep 3 step  84,600/246,310 loss 0.01228 lr 1.32e-03 2,397,820 pos/s  578s
ep 3 step  84,800/246,310 loss 0.01227 lr 1.31e-03 2,398,237 pos/s  579s
ep 3 step  85,000/246,310 loss 0.01228 lr 1.31e-03 2,398,824 pos/s  581s
ep 3 step  85,200/246,310 loss 0.01228 lr 1.31e-03 2,399,700 pos/s  582s
ep 3 step  85,400/246,310 loss 0.01225 lr 1.31e-03 2,400,118 pos/s  583s
ep 3 step  85,600/246,310 loss 0.01227 lr 1.31e-03 2,400,684 pos/s  584s
ep 3 step  85,800/246,310 loss 0.01227 lr 1.31e-03 2,401,272 pos/s  585s
ep 3 step  86,000/246,310 loss 0.01226 lr 1.31e-03 2,402,165 pos/s  587s
ep 3 step  86,200/246,310 loss 0.01223 lr 1.30e-03 2,402,508 pos/s  588s
ep 3 step  86,400/246,310 loss 0.01225 lr 1.30e-03 2,402,792 pos/s  589s
ep 3 step  86,600/246,310 loss 0.01223 lr 1.30e-03 2,403,398 pos/s  590s
ep 3 step  86,800/246,310 loss 0.01226 lr 1.30e-03 2,404,293 pos/s  591s
ep 3 step  87,000/246,310 loss 0.01227 lr 1.30e-03 2,404,889 pos/s  593s
ep 3 step  87,200/246,310 loss 0.01227 lr 1.30e-03 2,405,653 pos/s  594s
ep 3 step  87,400/246,310 loss 0.01225 lr 1.30e-03 2,406,454 pos/s  595s
ep 3 step  87,600/246,310 loss 0.01225 lr 1.29e-03 2,407,010 pos/s  596s
ep 3 step  87,800/246,310 loss 0.01225 lr 1.29e-03 2,407,349 pos/s  598s
ep 3 step  88,000/246,310 loss 0.01221 lr 1.29e-03 2,408,220 pos/s  599s
ep 3 step  88,200/246,310 loss 0.01228 lr 1.29e-03 2,409,093 pos/s  600s
ep 3 step  88,400/246,310 loss 0.01226 lr 1.29e-03 2,409,934 pos/s  601s
ep 3 step  88,600/246,310 loss 0.01227 lr 1.29e-03 2,410,708 pos/s  602s
ep 3 step  88,800/246,310 loss 0.01225 lr 1.28e-03 2,411,355 pos/s  603s
ep 3 step  89,000/246,310 loss 0.01223 lr 1.28e-03 2,412,160 pos/s  605s
ep 3 step  89,200/246,310 loss 0.01229 lr 1.28e-03 2,412,527 pos/s  606s
ep 3 step  89,400/246,310 loss 0.01227 lr 1.28e-03 2,412,915 pos/s  607s
ep 3 step  89,600/246,310 loss 0.01226 lr 1.28e-03 2,413,550 pos/s  608s
ep 3 step  89,800/246,310 loss 0.01228 lr 1.28e-03 2,414,151 pos/s  609s
ep 3 step  90,000/246,310 loss 0.01229 lr 1.27e-03 2,414,385 pos/s  611s
ep 3 step  90,200/246,310 loss 0.01226 lr 1.27e-03 2,414,842 pos/s  612s
ep 3 step  90,400/246,310 loss 0.01227 lr 1.27e-03 2,415,683 pos/s  613s
ep 3 step  90,600/246,310 loss 0.01221 lr 1.27e-03 2,416,310 pos/s  614s
ep 3 step  90,800/246,310 loss 0.01227 lr 1.27e-03 2,416,777 pos/s  616s
ep 3 step  91,000/246,310 loss 0.01223 lr 1.27e-03 2,417,309 pos/s  617s
ep 3 step  91,200/246,310 loss 0.01225 lr 1.26e-03 2,418,081 pos/s  618s
ep 3 step  91,400/246,310 loss 0.01226 lr 1.26e-03 2,418,730 pos/s  619s
ep 3 step  91,600/246,310 loss 0.01225 lr 1.26e-03 2,419,463 pos/s  620s
ep 3 step  91,800/246,310 loss 0.01223 lr 1.26e-03 2,420,082 pos/s  621s
ep 3 step  92,000/246,310 loss 0.01221 lr 1.26e-03 2,420,807 pos/s  623s
ep 3 step  92,200/246,310 loss 0.01223 lr 1.26e-03 2,421,051 pos/s  624s
ep 3 step  92,400/246,310 loss 0.01221 lr 1.25e-03 2,421,455 pos/s  625s
ep 3 step  92,600/246,310 loss 0.01222 lr 1.25e-03 2,421,976 pos/s  626s
ep 3 step  92,800/246,310 loss 0.01221 lr 1.25e-03 2,422,612 pos/s  628s
ep 3 step  93,000/246,310 loss 0.01223 lr 1.25e-03 2,423,295 pos/s  629s
ep 3 step  93,200/246,310 loss 0.01224 lr 1.25e-03 2,423,872 pos/s  630s
ep 3 step  93,400/246,310 loss 0.01226 lr 1.25e-03 2,424,512 pos/s  631s
ep 3 step  93,600/246,310 loss 0.01228 lr 1.24e-03 2,425,237 pos/s  632s
ep 3 step  93,800/246,310 loss 0.01219 lr 1.24e-03 2,425,933 pos/s  633s
ep 3 step  94,000/246,310 loss 0.01220 lr 1.24e-03 2,426,531 pos/s  635s
ep 3 step  94,200/246,310 loss 0.01220 lr 1.24e-03 2,427,283 pos/s  636s
ep 3 step  94,400/246,310 loss 0.01221 lr 1.24e-03 2,427,658 pos/s  637s
ep 3 step  94,600/246,310 loss 0.01225 lr 1.24e-03 2,428,147 pos/s  638s
ep 3 step  94,800/246,310 loss 0.01217 lr 1.23e-03 2,428,944 pos/s  639s
ep 3 step  95,000/246,310 loss 0.01220 lr 1.23e-03 2,429,624 pos/s  641s
ep 3 step  95,200/246,310 loss 0.01220 lr 1.23e-03 2,430,382 pos/s  642s
ep 3 step  95,400/246,310 loss 0.01220 lr 1.23e-03 2,431,146 pos/s  643s
ep 3 step  95,600/246,310 loss 0.01223 lr 1.23e-03 2,431,734 pos/s  644s
ep 3 step  95,800/246,310 loss 0.01221 lr 1.23e-03 2,432,480 pos/s  645s
ep 3 step  96,000/246,310 loss 0.01220 lr 1.22e-03 2,433,148 pos/s  646s
ep 3 step  96,200/246,310 loss 0.01219 lr 1.22e-03 2,433,545 pos/s  648s
ep 3 step  96,400/246,310 loss 0.01218 lr 1.22e-03 2,434,208 pos/s  649s
ep 3 step  96,600/246,310 loss 0.01218 lr 1.22e-03 2,434,922 pos/s  650s
ep 3 step  96,800/246,310 loss 0.01220 lr 1.22e-03 2,435,293 pos/s  651s
ep 3 step  97,000/246,310 loss 0.01219 lr 1.22e-03 2,436,021 pos/s  652s
ep 3 step  97,200/246,310 loss 0.01220 lr 1.21e-03 2,436,647 pos/s  654s
ep 3 step  97,400/246,310 loss 0.01220 lr 1.21e-03 2,437,391 pos/s  655s
ep 3 step  97,600/246,310 loss 0.01216 lr 1.21e-03 2,438,203 pos/s  656s
ep 3 step  97,800/246,310 loss 0.01222 lr 1.21e-03 2,438,969 pos/s  657s
ep 3 step  98,000/246,310 loss 0.01220 lr 1.21e-03 2,439,582 pos/s  658s
ep 3 step  98,200/246,310 loss 0.01217 lr 1.20e-03 2,440,164 pos/s  659s
ep 3 step  98,400/246,310 loss 0.01216 lr 1.20e-03 2,440,517 pos/s  661s
== epoch 3 done | val_loss 0.01241 | MAE 118.6 cp | sign 92.4% | 662s
ep 4 step  98,600/246,310 loss 0.01163 lr 1.20e-03 2,363,172 pos/s  684s
ep 4 step  98,800/246,310 loss 0.01168 lr 1.20e-03 2,363,493 pos/s  685s
ep 4 step  99,000/246,310 loss 0.01170 lr 1.20e-03 2,364,024 pos/s  686s
ep 4 step  99,200/246,310 loss 0.01174 lr 1.20e-03 2,364,946 pos/s  687s
ep 4 step  99,400/246,310 loss 0.01169 lr 1.19e-03 2,365,741 pos/s  688s
ep 4 step  99,600/246,310 loss 0.01174 lr 1.19e-03 2,366,453 pos/s  690s
ep 4 step  99,800/246,310 loss 0.01170 lr 1.19e-03 2,367,050 pos/s  691s
ep 4 step 100,000/246,310 loss 0.01172 lr 1.19e-03 2,367,642 pos/s  692s
ep 4 step 100,200/246,310 loss 0.01175 lr 1.19e-03 2,368,685 pos/s  693s
ep 4 step 100,400/246,310 loss 0.01175 lr 1.18e-03 2,369,563 pos/s  694s
ep 4 step 100,600/246,310 loss 0.01173 lr 1.18e-03 2,370,628 pos/s  695s
ep 4 step 100,800/246,310 loss 0.01180 lr 1.18e-03 2,371,639 pos/s  696s
ep 4 step 101,000/246,310 loss 0.01176 lr 1.18e-03 2,372,507 pos/s  697s
ep 4 step 101,200/246,310 loss 0.01175 lr 1.18e-03 2,373,385 pos/s  699s
ep 4 step 101,400/246,310 loss 0.01177 lr 1.18e-03 2,374,300 pos/s  700s
ep 4 step 101,600/246,310 loss 0.01178 lr 1.17e-03 2,375,196 pos/s  701s
ep 4 step 101,800/246,310 loss 0.01180 lr 1.17e-03 2,376,025 pos/s  702s
ep 4 step 102,000/246,310 loss 0.01180 lr 1.17e-03 2,376,821 pos/s  703s
ep 4 step 102,200/246,310 loss 0.01180 lr 1.17e-03 2,377,651 pos/s  704s
ep 4 step 102,400/246,310 loss 0.01180 lr 1.17e-03 2,378,480 pos/s  705s
ep 4 step 102,600/246,310 loss 0.01181 lr 1.16e-03 2,379,278 pos/s  707s
ep 4 step 102,800/246,310 loss 0.01181 lr 1.16e-03 2,380,153 pos/s  708s
ep 4 step 103,000/246,310 loss 0.01185 lr 1.16e-03 2,381,106 pos/s  709s
ep 4 step 103,200/246,310 loss 0.01179 lr 1.16e-03 2,381,973 pos/s  710s
ep 4 step 103,400/246,310 loss 0.01180 lr 1.16e-03 2,382,784 pos/s  711s
ep 4 step 103,600/246,310 loss 0.01178 lr 1.16e-03 2,383,671 pos/s  712s
ep 4 step 103,800/246,310 loss 0.01179 lr 1.15e-03 2,384,472 pos/s  713s
ep 4 step 104,000/246,310 loss 0.01180 lr 1.15e-03 2,385,182 pos/s  714s
ep 4 step 104,200/246,310 loss 0.01183 lr 1.15e-03 2,386,031 pos/s  716s
ep 4 step 104,400/246,310 loss 0.01186 lr 1.15e-03 2,386,871 pos/s  717s
ep 4 step 104,600/246,310 loss 0.01184 lr 1.15e-03 2,387,754 pos/s  718s
ep 4 step 104,800/246,310 loss 0.01184 lr 1.14e-03 2,388,745 pos/s  719s
ep 4 step 105,000/246,310 loss 0.01183 lr 1.14e-03 2,389,712 pos/s  720s
ep 4 step 105,200/246,310 loss 0.01187 lr 1.14e-03 2,390,427 pos/s  721s
ep 4 step 105,400/246,310 loss 0.01182 lr 1.14e-03 2,391,265 pos/s  722s
ep 4 step 105,600/246,310 loss 0.01186 lr 1.14e-03 2,392,071 pos/s  723s
ep 4 step 105,800/246,310 loss 0.01183 lr 1.13e-03 2,392,877 pos/s  724s
ep 4 step 106,000/246,310 loss 0.01184 lr 1.13e-03 2,393,660 pos/s  726s
ep 4 step 106,200/246,310 loss 0.01181 lr 1.13e-03 2,394,507 pos/s  727s
ep 4 step 106,400/246,310 loss 0.01183 lr 1.13e-03 2,395,297 pos/s  728s
ep 4 step 106,600/246,310 loss 0.01185 lr 1.13e-03 2,396,089 pos/s  729s
ep 4 step 106,800/246,310 loss 0.01184 lr 1.12e-03 2,396,987 pos/s  730s
ep 4 step 107,000/246,310 loss 0.01186 lr 1.12e-03 2,397,916 pos/s  731s
ep 4 step 107,200/246,310 loss 0.01186 lr 1.12e-03 2,398,875 pos/s  732s
ep 4 step 107,400/246,310 loss 0.01183 lr 1.12e-03 2,399,700 pos/s  733s
ep 4 step 107,600/246,310 loss 0.01188 lr 1.12e-03 2,400,508 pos/s  734s
ep 4 step 107,800/246,310 loss 0.01184 lr 1.11e-03 2,401,320 pos/s  736s
ep 4 step 108,000/246,310 loss 0.01184 lr 1.11e-03 2,402,178 pos/s  737s
ep 4 step 108,200/246,310 loss 0.01186 lr 1.11e-03 2,402,984 pos/s  738s
ep 4 step 108,400/246,310 loss 0.01180 lr 1.11e-03 2,403,792 pos/s  739s
ep 4 step 108,600/246,310 loss 0.01183 lr 1.11e-03 2,404,577 pos/s  740s
ep 4 step 108,800/246,310 loss 0.01184 lr 1.10e-03 2,405,306 pos/s  741s
ep 4 step 109,000/246,310 loss 0.01186 lr 1.10e-03 2,406,048 pos/s  742s
ep 4 step 109,200/246,310 loss 0.01188 lr 1.10e-03 2,406,806 pos/s  743s
ep 4 step 109,400/246,310 loss 0.01185 lr 1.10e-03 2,407,570 pos/s  744s
ep 4 step 109,600/246,310 loss 0.01186 lr 1.10e-03 2,408,324 pos/s  746s
ep 4 step 109,800/246,310 loss 0.01185 lr 1.09e-03 2,409,179 pos/s  747s
ep 4 step 110,000/246,310 loss 0.01185 lr 1.09e-03 2,409,939 pos/s  748s
ep 4 step 110,200/246,310 loss 0.01186 lr 1.09e-03 2,410,641 pos/s  749s
ep 4 step 110,400/246,310 loss 0.01181 lr 1.09e-03 2,411,270 pos/s  750s
ep 4 step 110,600/246,310 loss 0.01182 lr 1.09e-03 2,411,813 pos/s  751s
ep 4 step 110,800/246,310 loss 0.01186 lr 1.08e-03 2,412,204 pos/s  753s
ep 4 step 111,000/246,310 loss 0.01186 lr 1.08e-03 2,412,693 pos/s  754s
ep 4 step 111,200/246,310 loss 0.01184 lr 1.08e-03 2,413,300 pos/s  755s
ep 4 step 111,400/246,310 loss 0.01186 lr 1.08e-03 2,413,961 pos/s  756s
ep 4 step 111,600/246,310 loss 0.01182 lr 1.08e-03 2,414,580 pos/s  757s
ep 4 step 111,800/246,310 loss 0.01182 lr 1.07e-03 2,415,204 pos/s  758s
ep 4 step 112,000/246,310 loss 0.01186 lr 1.07e-03 2,415,479 pos/s  760s
ep 4 step 112,200/246,310 loss 0.01184 lr 1.07e-03 2,416,030 pos/s  761s
ep 4 step 112,400/246,310 loss 0.01186 lr 1.07e-03 2,416,717 pos/s  762s
ep 4 step 112,600/246,310 loss 0.01180 lr 1.07e-03 2,417,391 pos/s  763s
ep 4 step 112,800/246,310 loss 0.01182 lr 1.06e-03 2,418,011 pos/s  764s
ep 4 step 113,000/246,310 loss 0.01185 lr 1.06e-03 2,418,626 pos/s  765s
ep 4 step 113,200/246,310 loss 0.01184 lr 1.06e-03 2,419,174 pos/s  767s
ep 4 step 113,400/246,310 loss 0.01184 lr 1.06e-03 2,419,665 pos/s  768s
ep 4 step 113,600/246,310 loss 0.01185 lr 1.06e-03 2,420,101 pos/s  769s
ep 4 step 113,800/246,310 loss 0.01185 lr 1.05e-03 2,420,806 pos/s  770s
ep 4 step 114,000/246,310 loss 0.01185 lr 1.05e-03 2,421,369 pos/s  771s
ep 4 step 114,200/246,310 loss 0.01184 lr 1.05e-03 2,422,015 pos/s  773s
ep 4 step 114,400/246,310 loss 0.01182 lr 1.05e-03 2,422,464 pos/s  774s
ep 4 step 114,600/246,310 loss 0.01187 lr 1.05e-03 2,422,997 pos/s  775s
ep 4 step 114,800/246,310 loss 0.01181 lr 1.04e-03 2,423,628 pos/s  776s
ep 4 step 115,000/246,310 loss 0.01178 lr 1.04e-03 2,424,111 pos/s  777s
ep 4 step 115,200/246,310 loss 0.01185 lr 1.04e-03 2,424,622 pos/s  778s
ep 4 step 115,400/246,310 loss 0.01183 lr 1.04e-03 2,425,033 pos/s  780s
ep 4 step 115,600/246,310 loss 0.01183 lr 1.04e-03 2,424,075 pos/s  781s
ep 4 step 115,800/246,310 loss 0.01180 lr 1.03e-03 2,423,278 pos/s  783s
ep 4 step 116,000/246,310 loss 0.01185 lr 1.03e-03 2,422,486 pos/s  785s
ep 4 step 116,200/246,310 loss 0.01187 lr 1.03e-03 2,421,793 pos/s  786s
ep 4 step 116,400/246,310 loss 0.01182 lr 1.03e-03 2,421,073 pos/s  788s
ep 4 step 116,600/246,310 loss 0.01184 lr 1.03e-03 2,420,375 pos/s  789s
ep 4 step 116,800/246,310 loss 0.01186 lr 1.02e-03 2,420,155 pos/s  791s
ep 4 step 117,000/246,310 loss 0.01178 lr 1.02e-03 2,420,802 pos/s  792s
ep 4 step 117,200/246,310 loss 0.01182 lr 1.02e-03 2,421,273 pos/s  793s
ep 4 step 117,400/246,310 loss 0.01183 lr 1.02e-03 2,421,842 pos/s  794s
ep 4 step 117,600/246,310 loss 0.01186 lr 1.01e-03 2,422,466 pos/s  795s
ep 4 step 117,800/246,310 loss 0.01182 lr 1.01e-03 2,423,115 pos/s  797s
ep 4 step 118,000/246,310 loss 0.01184 lr 1.01e-03 2,423,704 pos/s  798s
ep 4 step 118,200/246,310 loss 0.01181 lr 1.01e-03 2,424,239 pos/s  799s
ep 4 step 118,400/246,310 loss 0.01184 lr 1.01e-03 2,424,853 pos/s  800s
ep 4 step 118,600/246,310 loss 0.01180 lr 1.00e-03 2,425,282 pos/s  801s
ep 4 step 118,800/246,310 loss 0.01184 lr 1.00e-03 2,425,257 pos/s  803s
ep 4 step 119,000/246,310 loss 0.01183 lr 1.00e-03 2,425,210 pos/s  804s
ep 4 step 119,200/246,310 loss 0.01181 lr 9.98e-04 2,425,284 pos/s  805s
ep 4 step 119,400/246,310 loss 0.01180 lr 9.96e-04 2,425,691 pos/s  806s
ep 4 step 119,600/246,310 loss 0.01182 lr 9.93e-04 2,425,991 pos/s  808s
ep 4 step 119,800/246,310 loss 0.01180 lr 9.91e-04 2,426,158 pos/s  809s
ep 4 step 120,000/246,310 loss 0.01185 lr 9.89e-04 2,425,620 pos/s  811s
ep 4 step 120,200/246,310 loss 0.01181 lr 9.87e-04 2,425,598 pos/s  812s
ep 4 step 120,400/246,310 loss 0.01181 lr 9.85e-04 2,426,140 pos/s  813s
ep 4 step 120,600/246,310 loss 0.01183 lr 9.83e-04 2,426,711 pos/s  814s
ep 4 step 120,800/246,310 loss 0.01182 lr 9.81e-04 2,427,142 pos/s  815s
ep 4 step 121,000/246,310 loss 0.01181 lr 9.78e-04 2,427,648 pos/s  817s
ep 4 step 121,200/246,310 loss 0.01183 lr 9.76e-04 2,428,106 pos/s  818s
ep 4 step 121,400/246,310 loss 0.01181 lr 9.74e-04 2,428,506 pos/s  819s
ep 4 step 121,600/246,310 loss 0.01182 lr 9.72e-04 2,428,959 pos/s  820s
ep 4 step 121,800/246,310 loss 0.01180 lr 9.70e-04 2,429,394 pos/s  821s
ep 4 step 122,000/246,310 loss 0.01180 lr 9.68e-04 2,429,887 pos/s  823s
ep 4 step 122,200/246,310 loss 0.01180 lr 9.66e-04 2,430,458 pos/s  824s
ep 4 step 122,400/246,310 loss 0.01181 lr 9.63e-04 2,431,083 pos/s  825s
ep 4 step 122,600/246,310 loss 0.01182 lr 9.61e-04 2,431,620 pos/s  826s
ep 4 step 122,800/246,310 loss 0.01178 lr 9.59e-04 2,432,154 pos/s  827s
ep 4 step 123,000/246,310 loss 0.01180 lr 9.57e-04 2,432,701 pos/s  828s
== epoch 4 done | val_loss 0.01221 | MAE 120.6 cp | sign 92.5% | 829s
ep 5 step 123,200/246,310 loss 0.01127 lr 9.55e-04 2,372,106 pos/s  851s
ep 5 step 123,400/246,310 loss 0.01127 lr 9.53e-04 2,372,811 pos/s  852s
ep 5 step 123,600/246,310 loss 0.01130 lr 9.50e-04 2,373,527 pos/s  853s
ep 5 step 123,800/246,310 loss 0.01129 lr 9.48e-04 2,374,228 pos/s  854s
ep 5 step 124,000/246,310 loss 0.01136 lr 9.46e-04 2,374,898 pos/s  855s
ep 5 step 124,200/246,310 loss 0.01130 lr 9.44e-04 2,375,575 pos/s  857s
ep 5 step 124,400/246,310 loss 0.01136 lr 9.42e-04 2,376,257 pos/s  858s
ep 5 step 124,600/246,310 loss 0.01136 lr 9.40e-04 2,376,901 pos/s  859s
ep 5 step 124,800/246,310 loss 0.01137 lr 9.37e-04 2,377,586 pos/s  860s
ep 5 step 125,000/246,310 loss 0.01137 lr 9.35e-04 2,378,355 pos/s  861s
ep 5 step 125,200/246,310 loss 0.01137 lr 9.33e-04 2,379,142 pos/s  862s
ep 5 step 125,400/246,310 loss 0.01140 lr 9.31e-04 2,379,982 pos/s  863s
ep 5 step 125,600/246,310 loss 0.01140 lr 9.29e-04 2,380,787 pos/s  864s
ep 5 step 125,800/246,310 loss 0.01137 lr 9.26e-04 2,381,528 pos/s  865s
ep 5 step 126,000/246,310 loss 0.01138 lr 9.24e-04 2,382,211 pos/s  867s
ep 5 step 126,200/246,310 loss 0.01140 lr 9.22e-04 2,382,961 pos/s  868s
ep 5 step 126,400/246,310 loss 0.01138 lr 9.20e-04 2,383,649 pos/s  869s
ep 5 step 126,600/246,310 loss 0.01138 lr 9.18e-04 2,384,329 pos/s  870s
ep 5 step 126,800/246,310 loss 0.01143 lr 9.15e-04 2,385,022 pos/s  871s
ep 5 step 127,000/246,310 loss 0.01142 lr 9.13e-04 2,385,704 pos/s  872s
ep 5 step 127,200/246,310 loss 0.01140 lr 9.11e-04 2,386,356 pos/s  873s
ep 5 step 127,400/246,310 loss 0.01142 lr 9.09e-04 2,387,061 pos/s  874s
ep 5 step 127,600/246,310 loss 0.01143 lr 9.07e-04 2,387,791 pos/s  876s
ep 5 step 127,800/246,310 loss 0.01140 lr 9.05e-04 2,388,455 pos/s  877s
ep 5 step 128,000/246,310 loss 0.01143 lr 9.02e-04 2,389,089 pos/s  878s
ep 5 step 128,200/246,310 loss 0.01141 lr 9.00e-04 2,389,769 pos/s  879s
ep 5 step 128,400/246,310 loss 0.01145 lr 8.98e-04 2,390,431 pos/s  880s
ep 5 step 128,600/246,310 loss 0.01145 lr 8.96e-04 2,391,155 pos/s  881s
ep 5 step 128,800/246,310 loss 0.01143 lr 8.93e-04 2,391,791 pos/s  882s
ep 5 step 129,000/246,310 loss 0.01143 lr 8.91e-04 2,392,420 pos/s  883s
ep 5 step 129,200/246,310 loss 0.01146 lr 8.89e-04 2,393,037 pos/s  885s
ep 5 step 129,400/246,310 loss 0.01144 lr 8.87e-04 2,393,692 pos/s  886s
ep 5 step 129,600/246,310 loss 0.01145 lr 8.85e-04 2,394,385 pos/s  887s
ep 5 step 129,800/246,310 loss 0.01146 lr 8.82e-04 2,394,993 pos/s  888s
ep 5 step 130,000/246,310 loss 0.01148 lr 8.80e-04 2,395,641 pos/s  889s
ep 5 step 130,200/246,310 loss 0.01143 lr 8.78e-04 2,396,285 pos/s  890s
ep 5 step 130,400/246,310 loss 0.01147 lr 8.76e-04 2,396,981 pos/s  891s
ep 5 step 130,600/246,310 loss 0.01143 lr 8.74e-04 2,397,734 pos/s  892s
ep 5 step 130,800/246,310 loss 0.01144 lr 8.71e-04 2,398,393 pos/s  894s
ep 5 step 131,000/246,310 loss 0.01143 lr 8.69e-04 2,399,015 pos/s  895s
ep 5 step 131,200/246,310 loss 0.01147 lr 8.67e-04 2,399,692 pos/s  896s
ep 5 step 131,400/246,310 loss 0.01144 lr 8.65e-04 2,400,342 pos/s  897s
ep 5 step 131,600/246,310 loss 0.01144 lr 8.62e-04 2,400,989 pos/s  898s
ep 5 step 131,800/246,310 loss 0.01146 lr 8.60e-04 2,401,745 pos/s  899s
ep 5 step 132,000/246,310 loss 0.01144 lr 8.58e-04 2,402,498 pos/s  900s
ep 5 step 132,200/246,310 loss 0.01146 lr 8.56e-04 2,403,263 pos/s  901s
ep 5 step 132,400/246,310 loss 0.01147 lr 8.54e-04 2,404,023 pos/s  902s
ep 5 step 132,600/246,310 loss 0.01146 lr 8.51e-04 2,404,718 pos/s  903s
ep 5 step 132,800/246,310 loss 0.01146 lr 8.49e-04 2,405,375 pos/s  905s
ep 5 step 133,000/246,310 loss 0.01147 lr 8.47e-04 2,406,013 pos/s  906s
ep 5 step 133,200/246,310 loss 0.01146 lr 8.45e-04 2,406,681 pos/s  907s
ep 5 step 133,400/246,310 loss 0.01150 lr 8.42e-04 2,407,397 pos/s  908s
ep 5 step 133,600/246,310 loss 0.01151 lr 8.40e-04 2,408,037 pos/s  909s
ep 5 step 133,800/246,310 loss 0.01151 lr 8.38e-04 2,408,723 pos/s  910s
ep 5 step 134,000/246,310 loss 0.01145 lr 8.36e-04 2,409,366 pos/s  911s
ep 5 step 134,200/246,310 loss 0.01147 lr 8.33e-04 2,410,055 pos/s  912s
ep 5 step 134,400/246,310 loss 0.01145 lr 8.31e-04 2,410,711 pos/s  913s
ep 5 step 134,600/246,310 loss 0.01146 lr 8.29e-04 2,411,464 pos/s  915s
ep 5 step 134,800/246,310 loss 0.01148 lr 8.27e-04 2,412,199 pos/s  916s
ep 5 step 135,000/246,310 loss 0.01146 lr 8.24e-04 2,412,858 pos/s  917s
ep 5 step 135,200/246,310 loss 0.01148 lr 8.22e-04 2,413,561 pos/s  918s
ep 5 step 135,400/246,310 loss 0.01145 lr 8.20e-04 2,414,298 pos/s  919s
ep 5 step 135,600/246,310 loss 0.01146 lr 8.18e-04 2,415,035 pos/s  920s
ep 5 step 135,800/246,310 loss 0.01147 lr 8.15e-04 2,415,773 pos/s  921s
ep 5 step 136,000/246,310 loss 0.01144 lr 8.13e-04 2,416,456 pos/s  922s
ep 5 step 136,200/246,310 loss 0.01146 lr 8.11e-04 2,417,065 pos/s  923s
ep 5 step 136,400/246,310 loss 0.01145 lr 8.09e-04 2,417,707 pos/s  924s
ep 5 step 136,600/246,310 loss 0.01148 lr 8.07e-04 2,418,304 pos/s  925s
ep 5 step 136,800/246,310 loss 0.01146 lr 8.04e-04 2,418,962 pos/s  927s
ep 5 step 137,000/246,310 loss 0.01147 lr 8.02e-04 2,419,521 pos/s  928s
ep 5 step 137,200/246,310 loss 0.01146 lr 8.00e-04 2,420,160 pos/s  929s
ep 5 step 137,400/246,310 loss 0.01149 lr 7.98e-04 2,420,745 pos/s  930s
ep 5 step 137,600/246,310 loss 0.01150 lr 7.95e-04 2,421,336 pos/s  931s
ep 5 step 137,800/246,310 loss 0.01146 lr 7.93e-04 2,421,872 pos/s  932s
ep 5 step 138,000/246,310 loss 0.01144 lr 7.91e-04 2,422,508 pos/s  933s
ep 5 step 138,200/246,310 loss 0.01147 lr 7.89e-04 2,423,113 pos/s  934s
ep 5 step 138,400/246,310 loss 0.01147 lr 7.86e-04 2,423,692 pos/s  936s
ep 5 step 138,600/246,310 loss 0.01148 lr 7.84e-04 2,424,260 pos/s  937s
ep 5 step 138,800/246,310 loss 0.01148 lr 7.82e-04 2,424,828 pos/s  938s
ep 5 step 139,000/246,310 loss 0.01148 lr 7.80e-04 2,425,447 pos/s  939s
ep 5 step 139,200/246,310 loss 0.01147 lr 7.77e-04 2,426,022 pos/s  940s
ep 5 step 139,400/246,310 loss 0.01149 lr 7.75e-04 2,426,599 pos/s  941s
ep 5 step 139,600/246,310 loss 0.01150 lr 7.73e-04 2,427,166 pos/s  942s
ep 5 step 139,800/246,310 loss 0.01148 lr 7.71e-04 2,427,731 pos/s  943s
ep 5 step 140,000/246,310 loss 0.01144 lr 7.68e-04 2,428,322 pos/s  945s
ep 5 step 140,200/246,310 loss 0.01147 lr 7.66e-04 2,428,934 pos/s  946s
ep 5 step 140,400/246,310 loss 0.01144 lr 7.64e-04 2,429,448 pos/s  947s
ep 5 step 140,600/246,310 loss 0.01142 lr 7.62e-04 2,429,962 pos/s  948s
ep 5 step 140,800/246,310 loss 0.01145 lr 7.59e-04 2,430,542 pos/s  949s
ep 5 step 141,000/246,310 loss 0.01147 lr 7.57e-04 2,431,167 pos/s  950s
ep 5 step 141,200/246,310 loss 0.01146 lr 7.55e-04 2,431,644 pos/s  951s
ep 5 step 141,400/246,310 loss 0.01143 lr 7.53e-04 2,432,278 pos/s  952s
ep 5 step 141,600/246,310 loss 0.01144 lr 7.50e-04 2,432,930 pos/s  954s
ep 5 step 141,800/246,310 loss 0.01148 lr 7.48e-04 2,433,618 pos/s  955s
ep 5 step 142,000/246,310 loss 0.01146 lr 7.46e-04 2,434,275 pos/s  956s
ep 5 step 142,200/246,310 loss 0.01145 lr 7.44e-04 2,434,767 pos/s  957s
ep 5 step 142,400/246,310 loss 0.01146 lr 7.41e-04 2,435,253 pos/s  958s
ep 5 step 142,600/246,310 loss 0.01145 lr 7.39e-04 2,435,834 pos/s  959s
ep 5 step 142,800/246,310 loss 0.01147 lr 7.37e-04 2,436,455 pos/s  960s
ep 5 step 143,000/246,310 loss 0.01147 lr 7.35e-04 2,437,055 pos/s  961s
ep 5 step 143,200/246,310 loss 0.01148 lr 7.32e-04 2,437,615 pos/s  962s
ep 5 step 143,400/246,310 loss 0.01145 lr 7.30e-04 2,438,288 pos/s  964s
ep 5 step 143,600/246,310 loss 0.01144 lr 7.28e-04 2,438,951 pos/s  965s
ep 5 step 143,800/246,310 loss 0.01143 lr 7.26e-04 2,439,615 pos/s  966s
ep 5 step 144,000/246,310 loss 0.01142 lr 7.23e-04 2,440,283 pos/s  967s
ep 5 step 144,200/246,310 loss 0.01143 lr 7.21e-04 2,440,723 pos/s  968s
ep 5 step 144,400/246,310 loss 0.01145 lr 7.19e-04 2,441,180 pos/s  969s
ep 5 step 144,600/246,310 loss 0.01144 lr 7.17e-04 2,441,606 pos/s  970s
ep 5 step 144,800/246,310 loss 0.01147 lr 7.14e-04 2,442,076 pos/s  971s
ep 5 step 145,000/246,310 loss 0.01145 lr 7.12e-04 2,442,541 pos/s  973s
ep 5 step 145,200/246,310 loss 0.01142 lr 7.10e-04 2,443,108 pos/s  974s
ep 5 step 145,400/246,310 loss 0.01145 lr 7.08e-04 2,443,666 pos/s  975s
ep 5 step 145,600/246,310 loss 0.01145 lr 7.05e-04 2,444,171 pos/s  976s
ep 5 step 145,800/246,310 loss 0.01146 lr 7.03e-04 2,444,844 pos/s  977s
ep 5 step 146,000/246,310 loss 0.01144 lr 7.01e-04 2,445,505 pos/s  978s
ep 5 step 146,200/246,310 loss 0.01145 lr 6.99e-04 2,446,039 pos/s  979s
ep 5 step 146,400/246,310 loss 0.01142 lr 6.96e-04 2,446,612 pos/s  980s
ep 5 step 146,600/246,310 loss 0.01145 lr 6.94e-04 2,447,181 pos/s  981s
ep 5 step 146,800/246,310 loss 0.01142 lr 6.92e-04 2,447,812 pos/s  983s
ep 5 step 147,000/246,310 loss 0.01143 lr 6.90e-04 2,448,459 pos/s  984s
ep 5 step 147,200/246,310 loss 0.01142 lr 6.87e-04 2,449,090 pos/s  985s
ep 5 step 147,400/246,310 loss 0.01140 lr 6.85e-04 2,449,624 pos/s  986s
ep 5 step 147,600/246,310 loss 0.01140 lr 6.83e-04 2,450,125 pos/s  987s
== epoch 5 done | val_loss 0.01198 | MAE 117.7 cp | sign 92.7% | 988s
ep 6 step 147,800/246,310 loss 0.01108 lr 6.81e-04 2,398,505 pos/s  1010s
ep 6 step 148,000/246,310 loss 0.01099 lr 6.78e-04 2,399,170 pos/s  1011s
ep 6 step 148,200/246,310 loss 0.01097 lr 6.76e-04 2,399,857 pos/s  1012s
ep 6 step 148,400/246,310 loss 0.01098 lr 6.74e-04 2,400,487 pos/s  1013s
ep 6 step 148,600/246,310 loss 0.01096 lr 6.72e-04 2,401,063 pos/s  1014s
ep 6 step 148,800/246,310 loss 0.01096 lr 6.69e-04 2,401,678 pos/s  1015s
ep 6 step 149,000/246,310 loss 0.01096 lr 6.67e-04 2,402,266 pos/s  1016s
ep 6 step 149,200/246,310 loss 0.01102 lr 6.65e-04 2,402,837 pos/s  1017s
ep 6 step 149,400/246,310 loss 0.01100 lr 6.63e-04 2,403,349 pos/s  1018s
ep 6 step 149,600/246,310 loss 0.01099 lr 6.60e-04 2,403,952 pos/s  1020s
ep 6 step 149,800/246,310 loss 0.01103 lr 6.58e-04 2,404,576 pos/s  1021s
ep 6 step 150,000/246,310 loss 0.01103 lr 6.56e-04 2,405,126 pos/s  1022s
ep 6 step 150,200/246,310 loss 0.01105 lr 6.54e-04 2,405,688 pos/s  1023s
ep 6 step 150,400/246,310 loss 0.01103 lr 6.52e-04 2,406,319 pos/s  1024s
ep 6 step 150,600/246,310 loss 0.01104 lr 6.49e-04 2,406,905 pos/s  1025s
ep 6 step 150,800/246,310 loss 0.01103 lr 6.47e-04 2,407,427 pos/s  1026s
ep 6 step 151,000/246,310 loss 0.01103 lr 6.45e-04 2,407,965 pos/s  1027s
ep 6 step 151,200/246,310 loss 0.01103 lr 6.43e-04 2,408,495 pos/s  1029s
ep 6 step 151,400/246,310 loss 0.01106 lr 6.40e-04 2,408,989 pos/s  1030s
ep 6 step 151,600/246,310 loss 0.01105 lr 6.38e-04 2,409,554 pos/s  1031s
ep 6 step 151,800/246,310 loss 0.01107 lr 6.36e-04 2,410,037 pos/s  1032s
ep 6 step 152,000/246,310 loss 0.01110 lr 6.34e-04 2,410,524 pos/s  1033s
ep 6 step 152,200/246,310 loss 0.01110 lr 6.32e-04 2,411,082 pos/s  1034s
ep 6 step 152,400/246,310 loss 0.01109 lr 6.29e-04 2,411,632 pos/s  1035s
ep 6 step 152,600/246,310 loss 0.01109 lr 6.27e-04 2,412,199 pos/s  1036s
ep 6 step 152,800/246,310 loss 0.01109 lr 6.25e-04 2,412,771 pos/s  1038s
ep 6 step 153,000/246,310 loss 0.01103 lr 6.23e-04 2,413,323 pos/s  1039s
ep 6 step 153,200/246,310 loss 0.01108 lr 6.20e-04 2,413,852 pos/s  1040s
ep 6 step 153,400/246,310 loss 0.01109 lr 6.18e-04 2,414,325 pos/s  1041s
ep 6 step 153,600/246,310 loss 0.01109 lr 6.16e-04 2,414,794 pos/s  1042s
ep 6 step 153,800/246,310 loss 0.01112 lr 6.14e-04 2,415,323 pos/s  1043s
ep 6 step 154,000/246,310 loss 0.01111 lr 6.12e-04 2,415,795 pos/s  1044s
ep 6 step 154,200/246,310 loss 0.01109 lr 6.09e-04 2,416,282 pos/s  1046s
ep 6 step 154,400/246,310 loss 0.01113 lr 6.07e-04 2,416,839 pos/s  1047s
ep 6 step 154,600/246,310 loss 0.01110 lr 6.05e-04 2,417,243 pos/s  1048s
ep 6 step 154,800/246,310 loss 0.01107 lr 6.03e-04 2,417,761 pos/s  1049s
ep 6 step 155,000/246,310 loss 0.01112 lr 6.01e-04 2,418,269 pos/s  1050s
ep 6 step 155,200/246,310 loss 0.01107 lr 5.98e-04 2,418,731 pos/s  1051s
ep 6 step 155,400/246,310 loss 0.01114 lr 5.96e-04 2,419,248 pos/s  1052s
ep 6 step 155,600/246,310 loss 0.01110 lr 5.94e-04 2,419,819 pos/s  1054s
ep 6 step 155,800/246,310 loss 0.01108 lr 5.92e-04 2,420,410 pos/s  1055s
ep 6 step 156,000/246,310 loss 0.01111 lr 5.90e-04 2,420,940 pos/s  1056s
ep 6 step 156,200/246,310 loss 0.01109 lr 5.87e-04 2,421,469 pos/s  1057s
ep 6 step 156,400/246,310 loss 0.01113 lr 5.85e-04 2,422,004 pos/s  1058s
ep 6 step 156,600/246,310 loss 0.01110 lr 5.83e-04 2,422,512 pos/s  1059s
ep 6 step 156,800/246,310 loss 0.01112 lr 5.81e-04 2,423,066 pos/s  1060s
ep 6 step 157,000/246,310 loss 0.01111 lr 5.79e-04 2,423,677 pos/s  1061s
ep 6 step 157,200/246,310 loss 0.01112 lr 5.76e-04 2,424,293 pos/s  1062s
ep 6 step 157,400/246,310 loss 0.01108 lr 5.74e-04 2,424,884 pos/s  1063s
ep 6 step 157,600/246,310 loss 0.01112 lr 5.72e-04 2,425,452 pos/s  1065s
ep 6 step 157,800/246,310 loss 0.01111 lr 5.70e-04 2,425,985 pos/s  1066s
ep 6 step 158,000/246,310 loss 0.01114 lr 5.68e-04 2,426,521 pos/s  1067s
ep 6 step 158,200/246,310 loss 0.01111 lr 5.65e-04 2,427,125 pos/s  1068s
ep 6 step 158,400/246,310 loss 0.01108 lr 5.63e-04 2,427,758 pos/s  1069s
ep 6 step 158,600/246,310 loss 0.01108 lr 5.61e-04 2,428,371 pos/s  1070s
ep 6 step 158,800/246,310 loss 0.01111 lr 5.59e-04 2,428,901 pos/s  1071s
ep 6 step 159,000/246,310 loss 0.01112 lr 5.57e-04 2,429,411 pos/s  1072s
ep 6 step 159,200/246,310 loss 0.01110 lr 5.55e-04 2,429,824 pos/s  1073s
ep 6 step 159,400/246,310 loss 0.01111 lr 5.52e-04 2,430,420 pos/s  1075s
ep 6 step 159,600/246,310 loss 0.01113 lr 5.50e-04 2,430,995 pos/s  1076s
ep 6 step 159,800/246,310 loss 0.01112 lr 5.48e-04 2,431,458 pos/s  1077s
ep 6 step 160,000/246,310 loss 0.01110 lr 5.46e-04 2,432,017 pos/s  1078s
ep 6 step 160,200/246,310 loss 0.01111 lr 5.44e-04 2,432,563 pos/s  1079s
ep 6 step 160,400/246,310 loss 0.01117 lr 5.42e-04 2,433,083 pos/s  1080s
ep 6 step 160,600/246,310 loss 0.01109 lr 5.39e-04 2,433,626 pos/s  1081s
ep 6 step 160,800/246,310 loss 0.01111 lr 5.37e-04 2,434,133 pos/s  1082s
ep 6 step 161,000/246,310 loss 0.01112 lr 5.35e-04 2,434,683 pos/s  1083s
ep 6 step 161,200/246,310 loss 0.01112 lr 5.33e-04 2,435,172 pos/s  1085s
ep 6 step 161,400/246,310 loss 0.01110 lr 5.31e-04 2,435,660 pos/s  1086s
ep 6 step 161,600/246,310 loss 0.01111 lr 5.29e-04 2,436,194 pos/s  1087s
ep 6 step 161,800/246,310 loss 0.01110 lr 5.26e-04 2,436,776 pos/s  1088s
ep 6 step 162,000/246,310 loss 0.01110 lr 5.24e-04 2,437,332 pos/s  1089s
ep 6 step 162,200/246,310 loss 0.01111 lr 5.22e-04 2,437,821 pos/s  1090s
ep 6 step 162,400/246,310 loss 0.01112 lr 5.20e-04 2,438,327 pos/s  1091s
ep 6 step 162,600/246,310 loss 0.01109 lr 5.18e-04 2,438,833 pos/s  1092s
ep 6 step 162,800/246,310 loss 0.01112 lr 5.16e-04 2,439,316 pos/s  1093s
ep 6 step 163,000/246,310 loss 0.01110 lr 5.14e-04 2,439,824 pos/s  1095s
ep 6 step 163,200/246,310 loss 0.01111 lr 5.11e-04 2,440,311 pos/s  1096s
ep 6 step 163,400/246,310 loss 0.01112 lr 5.09e-04 2,440,826 pos/s  1097s
ep 6 step 163,600/246,310 loss 0.01112 lr 5.07e-04 2,441,318 pos/s  1098s
ep 6 step 163,800/246,310 loss 0.01111 lr 5.05e-04 2,441,812 pos/s  1099s
ep 6 step 164,000/246,310 loss 0.01111 lr 5.03e-04 2,442,308 pos/s  1100s
ep 6 step 164,200/246,310 loss 0.01110 lr 5.01e-04 2,442,773 pos/s  1101s
ep 6 step 164,400/246,310 loss 0.01108 lr 4.99e-04 2,443,231 pos/s  1102s
ep 6 step 164,600/246,310 loss 0.01114 lr 4.97e-04 2,443,740 pos/s  1104s
ep 6 step 164,800/246,310 loss 0.01108 lr 4.94e-04 2,444,225 pos/s  1105s
ep 6 step 165,000/246,310 loss 0.01113 lr 4.92e-04 2,444,714 pos/s  1106s
ep 6 step 165,200/246,310 loss 0.01110 lr 4.90e-04 2,445,220 pos/s  1107s
ep 6 step 165,400/246,310 loss 0.01113 lr 4.88e-04 2,445,705 pos/s  1108s
ep 6 step 165,600/246,310 loss 0.01108 lr 4.86e-04 2,446,162 pos/s  1109s
ep 6 step 165,800/246,310 loss 0.01111 lr 4.84e-04 2,446,621 pos/s  1110s
ep 6 step 166,000/246,310 loss 0.01110 lr 4.82e-04 2,447,070 pos/s  1111s
ep 6 step 166,200/246,310 loss 0.01113 lr 4.80e-04 2,447,498 pos/s  1113s
ep 6 step 166,400/246,310 loss 0.01111 lr 4.78e-04 2,447,965 pos/s  1114s
ep 6 step 166,600/246,310 loss 0.01113 lr 4.75e-04 2,448,391 pos/s  1115s
ep 6 step 166,800/246,310 loss 0.01114 lr 4.73e-04 2,448,919 pos/s  1116s
ep 6 step 167,000/246,310 loss 0.01109 lr 4.71e-04 2,449,492 pos/s  1117s
ep 6 step 167,200/246,310 loss 0.01108 lr 4.69e-04 2,449,930 pos/s  1118s
ep 6 step 167,400/246,310 loss 0.01111 lr 4.67e-04 2,450,312 pos/s  1119s
ep 6 step 167,600/246,310 loss 0.01109 lr 4.65e-04 2,450,723 pos/s  1120s
ep 6 step 167,800/246,310 loss 0.01111 lr 4.63e-04 2,451,132 pos/s  1122s
ep 6 step 168,000/246,310 loss 0.01109 lr 4.61e-04 2,451,544 pos/s  1123s
ep 6 step 168,200/246,310 loss 0.01108 lr 4.59e-04 2,451,975 pos/s  1124s
ep 6 step 168,400/246,310 loss 0.01109 lr 4.57e-04 2,452,407 pos/s  1125s
ep 6 step 168,600/246,310 loss 0.01108 lr 4.55e-04 2,452,874 pos/s  1126s
ep 6 step 168,800/246,310 loss 0.01109 lr 4.53e-04 2,453,287 pos/s  1127s
ep 6 step 169,000/246,310 loss 0.01109 lr 4.51e-04 2,453,671 pos/s  1128s
ep 6 step 169,200/246,310 loss 0.01107 lr 4.48e-04 2,454,057 pos/s  1130s
ep 6 step 169,400/246,310 loss 0.01112 lr 4.46e-04 2,454,430 pos/s  1131s
ep 6 step 169,600/246,310 loss 0.01109 lr 4.44e-04 2,454,894 pos/s  1132s
ep 6 step 169,800/246,310 loss 0.01109 lr 4.42e-04 2,455,353 pos/s  1133s
ep 6 step 170,000/246,310 loss 0.01110 lr 4.40e-04 2,455,797 pos/s  1134s
ep 6 step 170,200/246,310 loss 0.01108 lr 4.38e-04 2,456,308 pos/s  1135s
ep 6 step 170,400/246,310 loss 0.01108 lr 4.36e-04 2,456,844 pos/s  1136s
ep 6 step 170,600/246,310 loss 0.01112 lr 4.34e-04 2,457,339 pos/s  1137s
ep 6 step 170,800/246,310 loss 0.01109 lr 4.32e-04 2,457,752 pos/s  1139s
ep 6 step 171,000/246,310 loss 0.01109 lr 4.30e-04 2,458,156 pos/s  1140s
ep 6 step 171,200/246,310 loss 0.01108 lr 4.28e-04 2,458,573 pos/s  1141s
ep 6 step 171,400/246,310 loss 0.01108 lr 4.26e-04 2,458,969 pos/s  1142s
ep 6 step 171,600/246,310 loss 0.01110 lr 4.24e-04 2,459,404 pos/s  1143s
ep 6 step 171,800/246,310 loss 0.01112 lr 4.22e-04 2,459,861 pos/s  1144s
ep 6 step 172,000/246,310 loss 0.01108 lr 4.20e-04 2,460,323 pos/s  1145s
ep 6 step 172,200/246,310 loss 0.01110 lr 4.18e-04 2,460,757 pos/s  1147s
ep 6 step 172,400/246,310 loss 0.01109 lr 4.16e-04 2,461,282 pos/s  1148s
== epoch 6 done | val_loss 0.01182 | MAE 118.1 cp | sign 92.8% | 1148s
ep 7 step 172,600/246,310 loss 0.01069 lr 4.14e-04 2,416,497 pos/s  1170s
ep 7 step 172,800/246,310 loss 0.01066 lr 4.12e-04 2,416,970 pos/s  1171s
ep 7 step 173,000/246,310 loss 0.01070 lr 4.10e-04 2,417,458 pos/s  1172s
ep 7 step 173,200/246,310 loss 0.01070 lr 4.08e-04 2,418,041 pos/s  1174s
ep 7 step 173,400/246,310 loss 0.01071 lr 4.06e-04 2,418,618 pos/s  1175s
ep 7 step 173,600/246,310 loss 0.01071 lr 4.04e-04 2,419,152 pos/s  1176s
ep 7 step 173,800/246,310 loss 0.01071 lr 4.02e-04 2,419,652 pos/s  1177s
ep 7 step 174,000/246,310 loss 0.01073 lr 4.00e-04 2,420,126 pos/s  1178s
ep 7 step 174,200/246,310 loss 0.01071 lr 3.98e-04 2,420,623 pos/s  1179s
ep 7 step 174,400/246,310 loss 0.01073 lr 3.96e-04 2,421,117 pos/s  1180s
ep 7 step 174,600/246,310 loss 0.01073 lr 3.94e-04 2,421,592 pos/s  1181s
ep 7 step 174,800/246,310 loss 0.01073 lr 3.92e-04 2,422,067 pos/s  1182s
ep 7 step 175,000/246,310 loss 0.01073 lr 3.90e-04 2,422,574 pos/s  1184s
ep 7 step 175,200/246,310 loss 0.01075 lr 3.88e-04 2,423,040 pos/s  1185s
ep 7 step 175,400/246,310 loss 0.01070 lr 3.86e-04 2,423,542 pos/s  1186s
ep 7 step 175,600/246,310 loss 0.01073 lr 3.84e-04 2,424,067 pos/s  1187s
ep 7 step 175,800/246,310 loss 0.01074 lr 3.82e-04 2,424,518 pos/s  1188s
ep 7 step 176,000/246,310 loss 0.01074 lr 3.80e-04 2,424,970 pos/s  1189s
ep 7 step 176,200/246,310 loss 0.01076 lr 3.78e-04 2,425,413 pos/s  1190s
ep 7 step 176,400/246,310 loss 0.01075 lr 3.76e-04 2,425,720 pos/s  1191s
ep 7 step 176,600/246,310 loss 0.01075 lr 3.74e-04 2,426,045 pos/s  1193s
ep 7 step 176,800/246,310 loss 0.01076 lr 3.72e-04 2,426,413 pos/s  1194s
ep 7 step 177,000/246,310 loss 0.01073 lr 3.70e-04 2,426,787 pos/s  1195s
ep 7 step 177,200/246,310 loss 0.01076 lr 3.68e-04 2,427,209 pos/s  1196s
ep 7 step 177,400/246,310 loss 0.01076 lr 3.66e-04 2,427,595 pos/s  1197s
ep 7 step 177,600/246,310 loss 0.01077 lr 3.65e-04 2,427,943 pos/s  1198s
ep 7 step 177,800/246,310 loss 0.01074 lr 3.63e-04 2,428,375 pos/s  1200s
ep 7 step 178,000/246,310 loss 0.01076 lr 3.61e-04 2,428,848 pos/s  1201s
ep 7 step 178,200/246,310 loss 0.01077 lr 3.59e-04 2,429,292 pos/s  1202s
ep 7 step 178,400/246,310 loss 0.01076 lr 3.57e-04 2,429,690 pos/s  1203s
ep 7 step 178,600/246,310 loss 0.01078 lr 3.55e-04 2,430,139 pos/s  1204s
ep 7 step 178,800/246,310 loss 0.01079 lr 3.53e-04 2,430,545 pos/s  1205s
ep 7 step 179,000/246,310 loss 0.01073 lr 3.51e-04 2,430,953 pos/s  1206s
ep 7 step 179,200/246,310 loss 0.01078 lr 3.49e-04 2,431,427 pos/s  1208s
ep 7 step 179,400/246,310 loss 0.01080 lr 3.47e-04 2,431,895 pos/s  1209s
ep 7 step 179,600/246,310 loss 0.01081 lr 3.45e-04 2,432,386 pos/s  1210s
ep 7 step 179,800/246,310 loss 0.01077 lr 3.44e-04 2,432,803 pos/s  1211s
ep 7 step 180,000/246,310 loss 0.01081 lr 3.42e-04 2,433,234 pos/s  1212s
ep 7 step 180,200/246,310 loss 0.01077 lr 3.40e-04 2,433,673 pos/s  1213s
ep 7 step 180,400/246,310 loss 0.01078 lr 3.38e-04 2,434,126 pos/s  1214s
ep 7 step 180,600/246,310 loss 0.01077 lr 3.36e-04 2,434,544 pos/s  1215s
ep 7 step 180,800/246,310 loss 0.01081 lr 3.34e-04 2,434,919 pos/s  1217s
ep 7 step 181,000/246,310 loss 0.01082 lr 3.32e-04 2,435,342 pos/s  1218s
ep 7 step 181,200/246,310 loss 0.01079 lr 3.30e-04 2,435,755 pos/s  1219s
ep 7 step 181,400/246,310 loss 0.01079 lr 3.29e-04 2,436,184 pos/s  1220s
ep 7 step 181,600/246,310 loss 0.01076 lr 3.27e-04 2,436,652 pos/s  1221s
ep 7 step 181,800/246,310 loss 0.01082 lr 3.25e-04 2,437,153 pos/s  1222s
ep 7 step 182,000/246,310 loss 0.01082 lr 3.23e-04 2,437,688 pos/s  1223s
ep 7 step 182,200/246,310 loss 0.01078 lr 3.21e-04 2,438,222 pos/s  1224s
ep 7 step 182,400/246,310 loss 0.01080 lr 3.19e-04 2,438,677 pos/s  1225s
ep 7 step 182,600/246,310 loss 0.01078 lr 3.17e-04 2,439,169 pos/s  1227s
ep 7 step 182,800/246,310 loss 0.01079 lr 3.16e-04 2,439,598 pos/s  1228s
ep 7 step 183,000/246,310 loss 0.01082 lr 3.14e-04 2,440,036 pos/s  1229s
ep 7 step 183,200/246,310 loss 0.01081 lr 3.12e-04 2,440,477 pos/s  1230s
ep 7 step 183,400/246,310 loss 0.01079 lr 3.10e-04 2,440,917 pos/s  1231s
ep 7 step 183,600/246,310 loss 0.01079 lr 3.08e-04 2,441,364 pos/s  1232s
ep 7 step 183,800/246,310 loss 0.01078 lr 3.06e-04 2,441,815 pos/s  1233s
ep 7 step 184,000/246,310 loss 0.01080 lr 3.05e-04 2,442,252 pos/s  1234s
ep 7 step 184,200/246,310 loss 0.01079 lr 3.03e-04 2,442,707 pos/s  1235s
ep 7 step 184,400/246,310 loss 0.01079 lr 3.01e-04 2,443,132 pos/s  1237s
ep 7 step 184,600/246,310 loss 0.01080 lr 2.99e-04 2,443,550 pos/s  1238s
ep 7 step 184,800/246,310 loss 0.01082 lr 2.97e-04 2,444,048 pos/s  1239s
ep 7 step 185,000/246,310 loss 0.01082 lr 2.96e-04 2,444,574 pos/s  1240s
ep 7 step 185,200/246,310 loss 0.01079 lr 2.94e-04 2,445,079 pos/s  1241s
ep 7 step 185,400/246,310 loss 0.01078 lr 2.92e-04 2,445,589 pos/s  1242s
ep 7 step 185,600/246,310 loss 0.01080 lr 2.90e-04 2,446,118 pos/s  1243s
ep 7 step 185,800/246,310 loss 0.01082 lr 2.88e-04 2,446,640 pos/s  1244s
ep 7 step 186,000/246,310 loss 0.01080 lr 2.87e-04 2,447,106 pos/s  1245s
ep 7 step 186,200/246,310 loss 0.01079 lr 2.85e-04 2,447,608 pos/s  1246s
ep 7 step 186,400/246,310 loss 0.01082 lr 2.83e-04 2,448,120 pos/s  1247s
ep 7 step 186,600/246,310 loss 0.01083 lr 2.81e-04 2,448,606 pos/s  1249s
ep 7 step 186,800/246,310 loss 0.01079 lr 2.80e-04 2,449,120 pos/s  1250s
ep 7 step 187,000/246,310 loss 0.01076 lr 2.78e-04 2,449,622 pos/s  1251s
ep 7 step 187,200/246,310 loss 0.01078 lr 2.76e-04 2,450,064 pos/s  1252s
ep 7 step 187,400/246,310 loss 0.01081 lr 2.74e-04 2,450,484 pos/s  1253s
ep 7 step 187,600/246,310 loss 0.01078 lr 2.73e-04 2,450,908 pos/s  1254s
ep 7 step 187,800/246,310 loss 0.01081 lr 2.71e-04 2,451,370 pos/s  1255s
ep 7 step 188,000/246,310 loss 0.01079 lr 2.69e-04 2,451,887 pos/s  1256s
ep 7 step 188,200/246,310 loss 0.01077 lr 2.68e-04 2,452,366 pos/s  1257s
ep 7 step 188,400/246,310 loss 0.01079 lr 2.66e-04 2,452,878 pos/s  1258s
ep 7 step 188,600/246,310 loss 0.01080 lr 2.64e-04 2,453,343 pos/s  1260s
ep 7 step 188,800/246,310 loss 0.01080 lr 2.62e-04 2,453,788 pos/s  1261s
ep 7 step 189,000/246,310 loss 0.01080 lr 2.61e-04 2,454,300 pos/s  1262s
ep 7 step 189,200/246,310 loss 0.01082 lr 2.59e-04 2,454,807 pos/s  1263s
ep 7 step 189,400/246,310 loss 0.01079 lr 2.57e-04 2,455,314 pos/s  1264s
ep 7 step 189,600/246,310 loss 0.01083 lr 2.56e-04 2,455,753 pos/s  1265s
ep 7 step 189,800/246,310 loss 0.01078 lr 2.54e-04 2,456,148 pos/s  1266s
ep 7 step 190,000/246,310 loss 0.01080 lr 2.52e-04 2,456,568 pos/s  1267s
ep 7 step 190,200/246,310 loss 0.01081 lr 2.50e-04 2,456,976 pos/s  1268s
ep 7 step 190,400/246,310 loss 0.01079 lr 2.49e-04 2,457,400 pos/s  1269s
ep 7 step 190,600/246,310 loss 0.01079 lr 2.47e-04 2,457,817 pos/s  1271s
ep 7 step 190,800/246,310 loss 0.01079 lr 2.45e-04 2,458,270 pos/s  1272s
ep 7 step 191,000/246,310 loss 0.01080 lr 2.44e-04 2,458,741 pos/s  1273s
ep 7 step 191,200/246,310 loss 0.01083 lr 2.42e-04 2,459,144 pos/s  1274s
ep 7 step 191,400/246,310 loss 0.01079 lr 2.41e-04 2,459,547 pos/s  1275s
ep 7 step 191,600/246,310 loss 0.01081 lr 2.39e-04 2,460,034 pos/s  1276s
ep 7 step 191,800/246,310 loss 0.01079 lr 2.37e-04 2,460,534 pos/s  1277s
ep 7 step 192,000/246,310 loss 0.01082 lr 2.36e-04 2,461,031 pos/s  1278s
ep 7 step 192,200/246,310 loss 0.01079 lr 2.34e-04 2,461,456 pos/s  1279s
ep 7 step 192,400/246,310 loss 0.01080 lr 2.32e-04 2,461,879 pos/s  1280s
ep 7 step 192,600/246,310 loss 0.01080 lr 2.31e-04 2,462,261 pos/s  1282s
ep 7 step 192,800/246,310 loss 0.01080 lr 2.29e-04 2,462,608 pos/s  1283s
ep 7 step 193,000/246,310 loss 0.01079 lr 2.27e-04 2,463,004 pos/s  1284s
ep 7 step 193,200/246,310 loss 0.01078 lr 2.26e-04 2,463,380 pos/s  1285s
ep 7 step 193,400/246,310 loss 0.01081 lr 2.24e-04 2,463,765 pos/s  1286s
ep 7 step 193,600/246,310 loss 0.01078 lr 2.23e-04 2,464,130 pos/s  1287s
ep 7 step 193,800/246,310 loss 0.01079 lr 2.21e-04 2,464,496 pos/s  1288s
ep 7 step 194,000/246,310 loss 0.01080 lr 2.19e-04 2,464,894 pos/s  1290s
ep 7 step 194,200/246,310 loss 0.01079 lr 2.18e-04 2,465,376 pos/s  1291s
ep 7 step 194,400/246,310 loss 0.01077 lr 2.16e-04 2,465,867 pos/s  1292s
ep 7 step 194,600/246,310 loss 0.01079 lr 2.15e-04 2,466,360 pos/s  1293s
ep 7 step 194,800/246,310 loss 0.01080 lr 2.13e-04 2,466,854 pos/s  1294s
ep 7 step 195,000/246,310 loss 0.01079 lr 2.12e-04 2,467,334 pos/s  1295s
ep 7 step 195,200/246,310 loss 0.01080 lr 2.10e-04 2,467,719 pos/s  1296s
ep 7 step 195,400/246,310 loss 0.01079 lr 2.08e-04 2,468,143 pos/s  1297s
ep 7 step 195,600/246,310 loss 0.01079 lr 2.07e-04 2,468,582 pos/s  1298s
ep 7 step 195,800/246,310 loss 0.01081 lr 2.05e-04 2,468,965 pos/s  1299s
ep 7 step 196,000/246,310 loss 0.01077 lr 2.04e-04 2,469,385 pos/s  1300s
ep 7 step 196,200/246,310 loss 0.01081 lr 2.02e-04 2,469,752 pos/s  1302s
ep 7 step 196,400/246,310 loss 0.01078 lr 2.01e-04 2,470,176 pos/s  1303s
ep 7 step 196,600/246,310 loss 0.01081 lr 1.99e-04 2,470,565 pos/s  1304s
ep 7 step 196,800/246,310 loss 0.01080 lr 1.98e-04 2,470,961 pos/s  1305s
ep 7 step 197,000/246,310 loss 0.01080 lr 1.96e-04 2,471,369 pos/s  1306s
== epoch 7 done | val_loss 0.01173 | MAE 118.0 cp | sign 92.9% | 1306s
ep 8 step 197,200/246,310 loss 0.01047 lr 1.95e-04 2,431,763 pos/s  1329s
ep 8 step 197,400/246,310 loss 0.01048 lr 1.93e-04 2,432,235 pos/s  1330s
ep 8 step 197,600/246,310 loss 0.01047 lr 1.92e-04 2,432,729 pos/s  1331s
ep 8 step 197,800/246,310 loss 0.01049 lr 1.90e-04 2,433,222 pos/s  1332s
ep 8 step 198,000/246,310 loss 0.01051 lr 1.89e-04 2,433,675 pos/s  1333s
ep 8 step 198,200/246,310 loss 0.01051 lr 1.87e-04 2,434,092 pos/s  1334s
ep 8 step 198,400/246,310 loss 0.01052 lr 1.86e-04 2,434,501 pos/s  1335s
ep 8 step 198,600/246,310 loss 0.01049 lr 1.84e-04 2,434,947 pos/s  1336s
ep 8 step 198,800/246,310 loss 0.01050 lr 1.83e-04 2,435,328 pos/s  1337s
ep 8 step 199,000/246,310 loss 0.01051 lr 1.81e-04 2,435,743 pos/s  1339s
ep 8 step 199,200/246,310 loss 0.01050 lr 1.80e-04 2,436,125 pos/s  1340s
ep 8 step 199,400/246,310 loss 0.01051 lr 1.78e-04 2,436,518 pos/s  1341s
ep 8 step 199,600/246,310 loss 0.01051 lr 1.77e-04 2,436,892 pos/s  1342s
ep 8 step 199,800/246,310 loss 0.01048 lr 1.75e-04 2,437,371 pos/s  1343s
ep 8 step 200,000/246,310 loss 0.01051 lr 1.74e-04 2,437,839 pos/s  1344s
ep 8 step 200,200/246,310 loss 0.01054 lr 1.72e-04 2,438,255 pos/s  1345s
ep 8 step 200,400/246,310 loss 0.01051 lr 1.71e-04 2,438,659 pos/s  1346s
ep 8 step 200,600/246,310 loss 0.01051 lr 1.70e-04 2,439,048 pos/s  1348s
ep 8 step 200,800/246,310 loss 0.01054 lr 1.68e-04 2,439,426 pos/s  1349s
ep 8 step 201,000/246,310 loss 0.01051 lr 1.67e-04 2,439,854 pos/s  1350s
ep 8 step 201,200/246,310 loss 0.01052 lr 1.65e-04 2,440,308 pos/s  1351s
ep 8 step 201,400/246,310 loss 0.01051 lr 1.64e-04 2,440,769 pos/s  1352s
ep 8 step 201,600/246,310 loss 0.01052 lr 1.63e-04 2,441,244 pos/s  1353s
ep 8 step 201,800/246,310 loss 0.01052 lr 1.61e-04 2,441,733 pos/s  1354s
ep 8 step 202,000/246,310 loss 0.01050 lr 1.60e-04 2,442,194 pos/s  1355s
ep 8 step 202,200/246,310 loss 0.01053 lr 1.58e-04 2,442,666 pos/s  1356s
ep 8 step 202,400/246,310 loss 0.01052 lr 1.57e-04 2,443,122 pos/s  1357s
ep 8 step 202,600/246,310 loss 0.01053 lr 1.56e-04 2,443,594 pos/s  1358s
ep 8 step 202,800/246,310 loss 0.01049 lr 1.54e-04 2,444,055 pos/s  1359s
ep 8 step 203,000/246,310 loss 0.01051 lr 1.53e-04 2,444,397 pos/s  1361s
ep 8 step 203,200/246,310 loss 0.01055 lr 1.52e-04 2,444,675 pos/s  1362s
ep 8 step 203,400/246,310 loss 0.01050 lr 1.50e-04 2,445,049 pos/s  1363s
ep 8 step 203,600/246,310 loss 0.01054 lr 1.49e-04 2,445,419 pos/s  1364s
ep 8 step 203,800/246,310 loss 0.01052 lr 1.47e-04 2,445,826 pos/s  1365s
ep 8 step 204,000/246,310 loss 0.01054 lr 1.46e-04 2,446,264 pos/s  1366s
ep 8 step 204,200/246,310 loss 0.01054 lr 1.45e-04 2,446,717 pos/s  1367s
ep 8 step 204,400/246,310 loss 0.01054 lr 1.43e-04 2,447,181 pos/s  1368s
ep 8 step 204,600/246,310 loss 0.01055 lr 1.42e-04 2,447,622 pos/s  1370s
ep 8 step 204,800/246,310 loss 0.01058 lr 1.41e-04 2,448,037 pos/s  1371s
ep 8 step 205,000/246,310 loss 0.01053 lr 1.40e-04 2,448,470 pos/s  1372s
ep 8 step 205,200/246,310 loss 0.01052 lr 1.38e-04 2,448,633 pos/s  1373s
ep 8 step 205,400/246,310 loss 0.01057 lr 1.37e-04 2,448,963 pos/s  1374s
ep 8 step 205,600/246,310 loss 0.01056 lr 1.36e-04 2,449,370 pos/s  1375s
ep 8 step 205,800/246,310 loss 0.01052 lr 1.34e-04 2,449,744 pos/s  1376s
ep 8 step 206,000/246,310 loss 0.01053 lr 1.33e-04 2,450,180 pos/s  1377s
ep 8 step 206,200/246,310 loss 0.01054 lr 1.32e-04 2,450,629 pos/s  1379s
ep 8 step 206,400/246,310 loss 0.01056 lr 1.31e-04 2,451,027 pos/s  1380s
ep 8 step 206,600/246,310 loss 0.01055 lr 1.29e-04 2,451,385 pos/s  1381s
ep 8 step 206,800/246,310 loss 0.01056 lr 1.28e-04 2,451,758 pos/s  1382s
ep 8 step 207,000/246,310 loss 0.01054 lr 1.27e-04 2,452,121 pos/s  1383s
ep 8 step 207,200/246,310 loss 0.01055 lr 1.25e-04 2,452,456 pos/s  1384s
ep 8 step 207,400/246,310 loss 0.01054 lr 1.24e-04 2,452,795 pos/s  1385s
ep 8 step 207,600/246,310 loss 0.01054 lr 1.23e-04 2,453,122 pos/s  1387s
ep 8 step 207,800/246,310 loss 0.01056 lr 1.22e-04 2,453,503 pos/s  1388s
ep 8 step 208,000/246,310 loss 0.01058 lr 1.21e-04 2,453,952 pos/s  1389s
ep 8 step 208,200/246,310 loss 0.01057 lr 1.19e-04 2,454,359 pos/s  1390s
ep 8 step 208,400/246,310 loss 0.01056 lr 1.18e-04 2,454,769 pos/s  1391s
ep 8 step 208,600/246,310 loss 0.01055 lr 1.17e-04 2,455,166 pos/s  1392s
ep 8 step 208,800/246,310 loss 0.01056 lr 1.16e-04 2,455,614 pos/s  1393s
ep 8 step 209,000/246,310 loss 0.01053 lr 1.14e-04 2,456,068 pos/s  1394s
ep 8 step 209,200/246,310 loss 0.01055 lr 1.13e-04 2,456,472 pos/s  1395s
ep 8 step 209,400/246,310 loss 0.01056 lr 1.12e-04 2,456,838 pos/s  1396s
ep 8 step 209,600/246,310 loss 0.01055 lr 1.11e-04 2,457,271 pos/s  1398s
ep 8 step 209,800/246,310 loss 0.01053 lr 1.10e-04 2,457,707 pos/s  1399s
ep 8 step 210,000/246,310 loss 0.01054 lr 1.09e-04 2,458,037 pos/s  1400s
ep 8 step 210,200/246,310 loss 0.01057 lr 1.07e-04 2,458,398 pos/s  1401s
ep 8 step 210,400/246,310 loss 0.01057 lr 1.06e-04 2,458,745 pos/s  1402s
ep 8 step 210,600/246,310 loss 0.01053 lr 1.05e-04 2,459,065 pos/s  1403s
ep 8 step 210,800/246,310 loss 0.01054 lr 1.04e-04 2,459,445 pos/s  1404s
ep 8 step 211,000/246,310 loss 0.01052 lr 1.03e-04 2,459,808 pos/s  1405s
ep 8 step 211,200/246,310 loss 0.01054 lr 1.02e-04 2,460,169 pos/s  1407s
ep 8 step 211,400/246,310 loss 0.01058 lr 1.01e-04 2,460,497 pos/s  1408s
ep 8 step 211,600/246,310 loss 0.01052 lr 9.94e-05 2,460,857 pos/s  1409s
ep 8 step 211,800/246,310 loss 0.01053 lr 9.83e-05 2,461,204 pos/s  1410s
ep 8 step 212,000/246,310 loss 0.01058 lr 9.72e-05 2,461,579 pos/s  1411s
ep 8 step 212,200/246,310 loss 0.01060 lr 9.61e-05 2,461,936 pos/s  1412s
ep 8 step 212,400/246,310 loss 0.01056 lr 9.50e-05 2,462,270 pos/s  1413s
ep 8 step 212,600/246,310 loss 0.01055 lr 9.39e-05 2,462,596 pos/s  1414s
ep 8 step 212,800/246,310 loss 0.01054 lr 9.28e-05 2,462,997 pos/s  1416s
ep 8 step 213,000/246,310 loss 0.01057 lr 9.18e-05 2,463,433 pos/s  1417s
ep 8 step 213,200/246,310 loss 0.01055 lr 9.07e-05 2,463,875 pos/s  1418s
ep 8 step 213,400/246,310 loss 0.01060 lr 8.96e-05 2,464,309 pos/s  1419s
ep 8 step 213,600/246,310 loss 0.01057 lr 8.85e-05 2,464,713 pos/s  1420s
ep 8 step 213,800/246,310 loss 0.01056 lr 8.75e-05 2,465,082 pos/s  1421s
ep 8 step 214,000/246,310 loss 0.01053 lr 8.64e-05 2,465,417 pos/s  1422s
ep 8 step 214,200/246,310 loss 0.01060 lr 8.54e-05 2,465,782 pos/s  1423s
ep 8 step 214,400/246,310 loss 0.01056 lr 8.43e-05 2,466,130 pos/s  1424s
ep 8 step 214,600/246,310 loss 0.01054 lr 8.33e-05 2,466,468 pos/s  1426s
ep 8 step 214,800/246,310 loss 0.01055 lr 8.23e-05 2,466,774 pos/s  1427s
ep 8 step 215,000/246,310 loss 0.01056 lr 8.13e-05 2,467,191 pos/s  1428s
ep 8 step 215,200/246,310 loss 0.01052 lr 8.02e-05 2,467,580 pos/s  1429s
ep 8 step 215,400/246,310 loss 0.01054 lr 7.92e-05 2,467,906 pos/s  1430s
ep 8 step 215,600/246,310 loss 0.01056 lr 7.82e-05 2,468,243 pos/s  1431s
ep 8 step 215,800/246,310 loss 0.01055 lr 7.72e-05 2,468,584 pos/s  1432s
ep 8 step 216,000/246,310 loss 0.01055 lr 7.62e-05 2,468,902 pos/s  1433s
ep 8 step 216,200/246,310 loss 0.01055 lr 7.53e-05 2,469,263 pos/s  1435s
ep 8 step 216,400/246,310 loss 0.01056 lr 7.43e-05 2,469,602 pos/s  1436s
ep 8 step 216,600/246,310 loss 0.01057 lr 7.33e-05 2,469,926 pos/s  1437s
ep 8 step 216,800/246,310 loss 0.01055 lr 7.23e-05 2,470,276 pos/s  1438s
ep 8 step 217,000/246,310 loss 0.01056 lr 7.14e-05 2,470,609 pos/s  1439s
ep 8 step 217,200/246,310 loss 0.01058 lr 7.04e-05 2,470,928 pos/s  1440s
ep 8 step 217,400/246,310 loss 0.01055 lr 6.95e-05 2,471,262 pos/s  1441s
ep 8 step 217,600/246,310 loss 0.01053 lr 6.85e-05 2,471,591 pos/s  1442s
ep 8 step 217,800/246,310 loss 0.01053 lr 6.76e-05 2,471,929 pos/s  1444s
ep 8 step 218,000/246,310 loss 0.01057 lr 6.67e-05 2,472,260 pos/s  1445s
ep 8 step 218,200/246,310 loss 0.01056 lr 6.57e-05 2,472,595 pos/s  1446s
ep 8 step 218,400/246,310 loss 0.01054 lr 6.48e-05 2,472,908 pos/s  1447s
ep 8 step 218,600/246,310 loss 0.01052 lr 6.39e-05 2,473,220 pos/s  1448s
ep 8 step 218,800/246,310 loss 0.01058 lr 6.30e-05 2,473,582 pos/s  1449s
ep 8 step 219,000/246,310 loss 0.01056 lr 6.21e-05 2,473,981 pos/s  1450s
ep 8 step 219,200/246,310 loss 0.01054 lr 6.12e-05 2,474,405 pos/s  1451s
ep 8 step 219,400/246,310 loss 0.01054 lr 6.03e-05 2,474,812 pos/s  1452s
ep 8 step 219,600/246,310 loss 0.01055 lr 5.94e-05 2,475,244 pos/s  1454s
ep 8 step 219,800/246,310 loss 0.01057 lr 5.86e-05 2,475,669 pos/s  1455s
ep 8 step 220,000/246,310 loss 0.01055 lr 5.77e-05 2,476,087 pos/s  1456s
ep 8 step 220,200/246,310 loss 0.01054 lr 5.68e-05 2,476,503 pos/s  1457s
ep 8 step 220,400/246,310 loss 0.01055 lr 5.60e-05 2,476,926 pos/s  1458s
ep 8 step 220,600/246,310 loss 0.01056 lr 5.51e-05 2,477,340 pos/s  1459s
ep 8 step 220,800/246,310 loss 0.01053 lr 5.43e-05 2,477,709 pos/s  1460s
ep 8 step 221,000/246,310 loss 0.01055 lr 5.34e-05 2,478,104 pos/s  1461s
ep 8 step 221,200/246,310 loss 0.01057 lr 5.26e-05 2,478,510 pos/s  1462s
ep 8 step 221,400/246,310 loss 0.01055 lr 5.18e-05 2,478,842 pos/s  1463s
ep 8 step 221,600/246,310 loss 0.01058 lr 5.10e-05 2,479,187 pos/s  1464s
== epoch 8 done | val_loss 0.01170 | MAE 117.4 cp | sign 92.9% | 1465s
ep 9 step 221,800/246,310 loss 0.01042 lr 5.02e-05 2,443,344 pos/s  1487s
ep 9 step 222,000/246,310 loss 0.01039 lr 4.94e-05 2,443,750 pos/s  1488s
ep 9 step 222,200/246,310 loss 0.01040 lr 4.86e-05 2,444,182 pos/s  1489s
ep 9 step 222,400/246,310 loss 0.01039 lr 4.78e-05 2,444,616 pos/s  1491s
ep 9 step 222,600/246,310 loss 0.01041 lr 4.70e-05 2,445,045 pos/s  1492s
ep 9 step 222,800/246,310 loss 0.01040 lr 4.62e-05 2,445,469 pos/s  1493s
ep 9 step 223,000/246,310 loss 0.01037 lr 4.54e-05 2,445,905 pos/s  1494s
ep 9 step 223,200/246,310 loss 0.01040 lr 4.46e-05 2,446,340 pos/s  1495s
ep 9 step 223,400/246,310 loss 0.01037 lr 4.39e-05 2,446,760 pos/s  1496s
ep 9 step 223,600/246,310 loss 0.01039 lr 4.31e-05 2,447,184 pos/s  1497s
ep 9 step 223,800/246,310 loss 0.01036 lr 4.24e-05 2,447,545 pos/s  1498s
ep 9 step 224,000/246,310 loss 0.01038 lr 4.16e-05 2,447,900 pos/s  1499s
ep 9 step 224,200/246,310 loss 0.01040 lr 4.09e-05 2,448,269 pos/s  1500s
ep 9 step 224,400/246,310 loss 0.01041 lr 4.02e-05 2,448,624 pos/s  1501s
ep 9 step 224,600/246,310 loss 0.01040 lr 3.94e-05 2,448,980 pos/s  1503s
ep 9 step 224,800/246,310 loss 0.01036 lr 3.87e-05 2,449,316 pos/s  1504s
ep 9 step 225,000/246,310 loss 0.01040 lr 3.80e-05 2,449,688 pos/s  1505s
ep 9 step 225,200/246,310 loss 0.01037 lr 3.73e-05 2,450,025 pos/s  1506s
ep 9 step 225,400/246,310 loss 0.01040 lr 3.66e-05 2,450,332 pos/s  1507s
ep 9 step 225,600/246,310 loss 0.01035 lr 3.59e-05 2,450,714 pos/s  1508s
ep 9 step 225,800/246,310 loss 0.01041 lr 3.52e-05 2,451,096 pos/s  1509s
ep 9 step 226,000/246,310 loss 0.01034 lr 3.46e-05 2,451,476 pos/s  1510s
ep 9 step 226,200/246,310 loss 0.01040 lr 3.39e-05 2,451,860 pos/s  1512s
ep 9 step 226,400/246,310 loss 0.01042 lr 3.32e-05 2,452,189 pos/s  1513s
ep 9 step 226,600/246,310 loss 0.01040 lr 3.26e-05 2,452,532 pos/s  1514s
ep 9 step 226,800/246,310 loss 0.01040 lr 3.19e-05 2,452,891 pos/s  1515s
ep 9 step 227,000/246,310 loss 0.01040 lr 3.13e-05 2,453,253 pos/s  1516s
ep 9 step 227,200/246,310 loss 0.01041 lr 3.06e-05 2,453,613 pos/s  1517s
ep 9 step 227,400/246,310 loss 0.01044 lr 3.00e-05 2,454,006 pos/s  1518s
ep 9 step 227,600/246,310 loss 0.01043 lr 2.94e-05 2,454,374 pos/s  1519s
ep 9 step 227,800/246,310 loss 0.01039 lr 2.87e-05 2,454,723 pos/s  1520s
ep 9 step 228,000/246,310 loss 0.01042 lr 2.81e-05 2,455,066 pos/s  1522s
ep 9 step 228,200/246,310 loss 0.01039 lr 2.75e-05 2,455,390 pos/s  1523s
ep 9 step 228,400/246,310 loss 0.01040 lr 2.69e-05 2,455,727 pos/s  1524s
ep 9 step 228,600/246,310 loss 0.01041 lr 2.63e-05 2,456,072 pos/s  1525s
ep 9 step 228,800/246,310 loss 0.01038 lr 2.57e-05 2,456,436 pos/s  1526s
ep 9 step 229,000/246,310 loss 0.01042 lr 2.52e-05 2,456,759 pos/s  1527s
ep 9 step 229,200/246,310 loss 0.01039 lr 2.46e-05 2,457,095 pos/s  1528s
ep 9 step 229,400/246,310 loss 0.01042 lr 2.40e-05 2,457,450 pos/s  1529s
ep 9 step 229,600/246,310 loss 0.01043 lr 2.35e-05 2,457,805 pos/s  1531s
ep 9 step 229,800/246,310 loss 0.01039 lr 2.29e-05 2,458,176 pos/s  1532s
ep 9 step 230,000/246,310 loss 0.01039 lr 2.24e-05 2,458,543 pos/s  1533s
ep 9 step 230,200/246,310 loss 0.01038 lr 2.18e-05 2,458,958 pos/s  1534s
ep 9 step 230,400/246,310 loss 0.01038 lr 2.13e-05 2,459,366 pos/s  1535s
ep 9 step 230,600/246,310 loss 0.01040 lr 2.07e-05 2,459,738 pos/s  1536s
ep 9 step 230,800/246,310 loss 0.01040 lr 2.02e-05 2,460,085 pos/s  1537s
ep 9 step 231,000/246,310 loss 0.01044 lr 1.97e-05 2,460,419 pos/s  1538s
ep 9 step 231,200/246,310 loss 0.01038 lr 1.92e-05 2,460,800 pos/s  1539s
ep 9 step 231,400/246,310 loss 0.01040 lr 1.87e-05 2,461,097 pos/s  1540s
ep 9 step 231,600/246,310 loss 0.01041 lr 1.82e-05 2,461,394 pos/s  1542s
ep 9 step 231,800/246,310 loss 0.01037 lr 1.77e-05 2,461,698 pos/s  1543s
ep 9 step 232,000/246,310 loss 0.01038 lr 1.72e-05 2,462,027 pos/s  1544s
ep 9 step 232,200/246,310 loss 0.01039 lr 1.68e-05 2,462,332 pos/s  1545s
ep 9 step 232,400/246,310 loss 0.01040 lr 1.63e-05 2,462,600 pos/s  1546s
ep 9 step 232,600/246,310 loss 0.01039 lr 1.58e-05 2,462,864 pos/s  1547s
ep 9 step 232,800/246,310 loss 0.01041 lr 1.54e-05 2,463,161 pos/s  1548s
ep 9 step 233,000/246,310 loss 0.01038 lr 1.49e-05 2,463,462 pos/s  1550s
ep 9 step 233,200/246,310 loss 0.01042 lr 1.45e-05 2,463,803 pos/s  1551s
ep 9 step 233,400/246,310 loss 0.01040 lr 1.40e-05 2,464,124 pos/s  1552s
ep 9 step 233,600/246,310 loss 0.01042 lr 1.36e-05 2,464,438 pos/s  1553s
ep 9 step 233,800/246,310 loss 0.01040 lr 1.32e-05 2,464,761 pos/s  1554s
ep 9 step 234,000/246,310 loss 0.01041 lr 1.28e-05 2,465,019 pos/s  1555s
ep 9 step 234,200/246,310 loss 0.01040 lr 1.24e-05 2,465,250 pos/s  1556s
ep 9 step 234,400/246,310 loss 0.01041 lr 1.19e-05 2,465,547 pos/s  1558s
ep 9 step 234,600/246,310 loss 0.01042 lr 1.16e-05 2,465,837 pos/s  1559s
ep 9 step 234,800/246,310 loss 0.01042 lr 1.12e-05 2,466,121 pos/s  1560s
ep 9 step 235,000/246,310 loss 0.01039 lr 1.08e-05 2,466,469 pos/s  1561s
ep 9 step 235,200/246,310 loss 0.01041 lr 1.04e-05 2,466,756 pos/s  1562s
ep 9 step 235,400/246,310 loss 0.01039 lr 1.00e-05 2,467,074 pos/s  1563s
ep 9 step 235,600/246,310 loss 0.01042 lr 9.67e-06 2,467,389 pos/s  1564s
ep 9 step 235,800/246,310 loss 0.01040 lr 9.31e-06 2,467,696 pos/s  1566s
ep 9 step 236,000/246,310 loss 0.01043 lr 8.96e-06 2,468,015 pos/s  1567s
ep 9 step 236,200/246,310 loss 0.01037 lr 8.62e-06 2,468,321 pos/s  1568s
ep 9 step 236,400/246,310 loss 0.01040 lr 8.28e-06 2,468,614 pos/s  1569s
ep 9 step 236,600/246,310 loss 0.01042 lr 7.95e-06 2,468,952 pos/s  1570s
ep 9 step 236,800/246,310 loss 0.01040 lr 7.63e-06 2,469,307 pos/s  1571s
ep 9 step 237,000/246,310 loss 0.01039 lr 7.31e-06 2,469,704 pos/s  1572s
ep 9 step 237,200/246,310 loss 0.01037 lr 7.00e-06 2,470,054 pos/s  1573s
ep 9 step 237,400/246,310 loss 0.01040 lr 6.70e-06 2,470,441 pos/s  1574s
ep 9 step 237,600/246,310 loss 0.01038 lr 6.40e-06 2,470,746 pos/s  1576s
ep 9 step 237,800/246,310 loss 0.01039 lr 6.11e-06 2,471,063 pos/s  1577s
ep 9 step 238,000/246,310 loss 0.01042 lr 5.83e-06 2,471,376 pos/s  1578s
ep 9 step 238,200/246,310 loss 0.01039 lr 5.55e-06 2,471,721 pos/s  1579s
ep 9 step 238,400/246,310 loss 0.01037 lr 5.28e-06 2,472,099 pos/s  1580s
ep 9 step 238,600/246,310 loss 0.01037 lr 5.02e-06 2,472,474 pos/s  1581s
ep 9 step 238,800/246,310 loss 0.01037 lr 4.76e-06 2,472,854 pos/s  1582s
ep 9 step 239,000/246,310 loss 0.01040 lr 4.51e-06 2,473,164 pos/s  1583s
ep 9 step 239,200/246,310 loss 0.01037 lr 4.27e-06 2,473,496 pos/s  1584s
ep 9 step 239,400/246,310 loss 0.01037 lr 4.03e-06 2,473,810 pos/s  1586s
ep 9 step 239,600/246,310 loss 0.01042 lr 3.80e-06 2,474,129 pos/s  1587s
ep 9 step 239,800/246,310 loss 0.01043 lr 3.58e-06 2,474,499 pos/s  1588s
ep 9 step 240,000/246,310 loss 0.01038 lr 3.36e-06 2,474,846 pos/s  1589s
ep 9 step 240,200/246,310 loss 0.01042 lr 3.15e-06 2,475,168 pos/s  1590s
ep 9 step 240,400/246,310 loss 0.01040 lr 2.95e-06 2,475,474 pos/s  1591s
ep 9 step 240,600/246,310 loss 0.01041 lr 2.76e-06 2,475,828 pos/s  1592s
ep 9 step 240,800/246,310 loss 0.01041 lr 2.57e-06 2,476,190 pos/s  1593s
ep 9 step 241,000/246,310 loss 0.01039 lr 2.38e-06 2,476,500 pos/s  1594s
ep 9 step 241,200/246,310 loss 0.01044 lr 2.21e-06 2,476,818 pos/s  1596s
ep 9 step 241,400/246,310 loss 0.01040 lr 2.04e-06 2,477,103 pos/s  1597s
ep 9 step 241,600/246,310 loss 0.01041 lr 1.88e-06 2,477,399 pos/s  1598s
ep 9 step 241,800/246,310 loss 0.01040 lr 1.72e-06 2,477,708 pos/s  1599s
ep 9 step 242,000/246,310 loss 0.01040 lr 1.57e-06 2,478,027 pos/s  1600s
ep 9 step 242,200/246,310 loss 0.01043 lr 1.43e-06 2,478,331 pos/s  1601s
ep 9 step 242,400/246,310 loss 0.01036 lr 1.30e-06 2,478,621 pos/s  1602s
ep 9 step 242,600/246,310 loss 0.01035 lr 1.17e-06 2,478,955 pos/s  1603s
ep 9 step 242,800/246,310 loss 0.01038 lr 1.05e-06 2,479,257 pos/s  1605s
ep 9 step 243,000/246,310 loss 0.01039 lr 9.30e-07 2,479,570 pos/s  1606s
ep 9 step 243,200/246,310 loss 0.01039 lr 8.22e-07 2,479,869 pos/s  1607s
ep 9 step 243,400/246,310 loss 0.01039 lr 7.20e-07 2,480,228 pos/s  1608s
ep 9 step 243,600/246,310 loss 0.01040 lr 6.26e-07 2,480,542 pos/s  1609s
ep 9 step 243,800/246,310 loss 0.01037 lr 5.37e-07 2,480,831 pos/s  1610s
ep 9 step 244,000/246,310 loss 0.01038 lr 4.56e-07 2,481,119 pos/s  1611s
ep 9 step 244,200/246,310 loss 0.01041 lr 3.82e-07 2,481,426 pos/s  1612s
ep 9 step 244,400/246,310 loss 0.01036 lr 3.14e-07 2,481,746 pos/s  1613s
ep 9 step 244,600/246,310 loss 0.01039 lr 2.53e-07 2,482,037 pos/s  1615s
ep 9 step 244,800/246,310 loss 0.01042 lr 1.98e-07 2,482,382 pos/s  1616s
ep 9 step 245,000/246,310 loss 0.01040 lr 1.51e-07 2,482,647 pos/s  1617s
ep 9 step 245,200/246,310 loss 0.01041 lr 1.10e-07 2,482,948 pos/s  1618s
ep 9 step 245,400/246,310 loss 0.01043 lr 7.58e-08 2,483,224 pos/s  1619s
ep 9 step 245,600/246,310 loss 0.01041 lr 4.84e-08 2,483,576 pos/s  1620s
ep 9 step 245,800/246,310 loss 0.01039 lr 2.79e-08 2,483,948 pos/s  1621s
ep 9 step 246,000/246,310 loss 0.01041 lr 1.41e-08 2,484,328 pos/s  1622s
ep 9 step 246,200/246,310 loss 0.01041 lr 7.00e-09 2,484,657 pos/s  1623s
== epoch 9 done | val_loss 0.01171 | MAE 117.8 cp | sign 92.9% | 1624s

best val_loss 0.01170; checkpoints in runs/full256/
