  12,838 positions       0s  33,024/s
  26,905 positions       0s  58,139/s
  2,015,688 positions       5s  384,183/s
  2,035,633 positions       5s  382,623/s
  4,006,355 positions      10s  411,240/s
  4,027,217 positions      10s  411,998/s
  6,000,676 positions      14s  433,619/s
  6,022,366 positions      14s  435,115/s
  8,019,434 positions      18s  437,245/s
  10,008,320 positions      22s  445,945/s
  10,030,837 positions      23s  445,475/s
  12,008,579 positions      27s  448,003/s
  12,031,690 positions      27s  448,851/s
  14,014,477 positions      31s  453,193/s
  14,037,151 positions      31s  453,115/s
  16,014,976 positions      35s  456,017/s
  16,038,387 positions      35s  456,674/s
  18,022,508 positions      39s  456,992/s
  20,004,912 positions      43s  461,924/s
  20,028,683 positions      43s  462,464/s
  22,006,202 positions      47s  464,560/s
  22,030,216 positions      47s  465,060/s
  24,000,095 positions      51s  472,794/s
  24,025,422 positions      51s  472,510/s
  26,012,774 positions      54s  479,921/s
  26,038,100 positions      54s  480,354/s
  28,014,951 positions      58s  485,679/s
  28,039,986 positions      58s  486,001/s
  30,025,952 positions      61s  490,685/s
  32,000,293 positions      64s  497,256/s
  32,026,236 positions      64s  497,653/s
  34,006,504 positions      68s  502,127/s
  34,032,306 positions      68s  502,502/s
  36,011,481 positions      71s  506,629/s
  36,036,457 positions      71s  505,379/s
  38,007,018 positions      74s  510,731/s
  38,032,669 positions      74s  511,071/s
  40,016,943 positions      78s  513,908/s
  42,011,180 positions      81s  516,535/s
  42,037,613 positions      81s  516,846/s
  44,006,590 positions      85s  518,498/s
  44,033,900 positions      85s  518,521/s
  46,016,237 positions      88s  521,241/s
  48,021,887 positions      92s  524,807/s
  50,021,179 positions      95s  526,327/s
  52,016,749 positions      98s  529,103/s
  54,002,001 positions     102s  531,768/s
  54,026,698 positions     102s  532,007/s
  56,000,856 positions     105s  533,403/s
  56,026,497 positions     105s  533,643/s
  58,004,232 positions     108s  536,138/s
  58,028,995 positions     108s  535,848/s
  60,019,853 positions     112s  537,820/s
  62,003,669 positions     115s  539,526/s
  62,030,173 positions     115s  539,753/s
  64,010,251 positions     118s  540,979/s
  64,037,381 positions     118s  540,720/s
  66,023,265 positions     122s  542,314/s
  68,025,038 positions     125s  543,902/s
  70,006,138 positions     128s  544,879/s
  70,031,943 positions     129s  544,940/s
  72,014,423 positions     132s  546,026/s
  74,024,218 positions     135s  546,877/s
  76,016,354 positions     139s  546,694/s
  78,005,918 positions     143s  545,246/s
  78,032,736 positions     143s  545,110/s
  80,024,283 positions     147s  543,355/s
  82,027,336 positions     151s  541,670/s
  84,015,079 positions     155s  541,929/s
  86,025,266 positions     159s  540,040/s
  88,010,068 positions     163s  539,204/s
  88,038,218 positions     163s  539,373/s
  90,007,592 positions     167s  540,265/s
  90,033,819 positions     167s  540,420/s
  92,021,472 positions     170s  541,867/s
  94,022,317 positions     173s  542,735/s
  96,002,678 positions     176s  544,423/s
  96,030,843 positions     176s  544,517/s
  98,020,163 positions     180s  545,082/s
  100,007,533 positions     183s  546,456/s
  100,035,534 positions     183s  546,264/s
  102,015,325 positions     186s  547,104/s
  104,022,545 positions     190s  548,302/s
  106,016,454 positions     193s  549,595/s
  108,010,113 positions     196s  549,779/s
  108,038,551 positions     197s  549,617/s
  110,010,235 positions     200s  550,976/s
  110,038,933 positions     200s  551,118/s
  112,007,389 positions     203s  551,887/s
  112,035,972 positions     203s  551,596/s
  114,006,492 positions     206s  552,394/s
  114,034,838 positions     206s  552,529/s
  116,003,094 positions     210s  553,634/s
  116,030,814 positions     210s  553,399/s
  118,009,163 positions     213s  553,711/s
  118,036,550 positions     213s  553,837/s
  120,020,227 positions     216s  554,708/s
  122,001,480 positions     220s  555,544/s
  122,029,640 positions     220s  555,218/s
  124,028,375 positions     223s  556,271/s
  126,021,037 positions     226s  557,034/s
  128,019,012 positions     230s  557,675/s
  130,018,122 positions     233s  558,417/s
  132,010,542 positions     236s  559,334/s
  132,038,172 positions     236s  559,448/s
  134,000,184 positions     239s  560,276/s
  134,029,211 positions     239s  560,358/s
  136,012,061 positions     243s  560,675/s
  138,005,989 positions     246s  561,281/s
  138,038,572 positions     246s  561,410/s
  140,007,048 positions     249s  561,956/s
  142,027,664 positions     252s  563,320/s
  144,004,056 positions     255s  564,119/s
  146,004,787 positions     258s  565,359/s
  148,025,441 positions     261s  566,295/s
  150,005,144 positions     264s  567,724/s
  152,035,355 positions     268s  568,223/s
  154,000,667 positions     271s  569,160/s
  154,039,272 positions     271s  569,300/s
  156,037,949 positions     274s  569,534/s
  158,012,802 positions     277s  569,926/s
  160,004,576 positions     280s  571,101/s
  162,015,753 positions     283s  571,623/s
  164,020,960 positions     287s  571,997/s
  166,030,263 positions     290s  572,607/s
  168,001,800 positions     293s  573,273/s
  170,016,015 positions     296s  573,500/s
  172,028,494 positions     300s  573,778/s
  174,003,925 positions     303s  574,169/s
  174,034,620 positions     303s  574,138/s
  176,002,228 positions     307s  574,165/s
  176,034,099 positions     307s  574,207/s
  178,028,910 positions     310s  574,281/s
  180,015,018 positions     313s  574,497/s
  182,011,292 positions     317s  574,987/s
  184,023,322 positions     320s  575,086/s
  186,013,849 positions     323s  575,347/s
  188,000,409 positions     327s  575,520/s
  188,031,805 positions     327s  575,614/s
  190,020,217 positions     330s  575,705/s
  192,015,492 positions     333s  576,192/s
  194,027,179 positions     337s  576,248/s
  196,023,645 positions     340s  576,526/s
  198,002,820 positions     343s  576,668/s
  198,033,709 positions     343s  576,756/s
  200,024,448 positions     347s  576,932/s
  202,016,064 positions     350s  577,212/s
  204,026,063 positions     354s  576,886/s
  206,013,475 positions     357s  577,220/s
  208,030,697 positions     360s  577,564/s
  210,021,211 positions     364s  577,431/s
  212,015,728 positions     367s  577,790/s
  214,025,806 positions     370s  578,068/s
  216,010,513 positions     374s  578,244/s
  218,029,113 positions     377s  578,916/s
  220,024,193 positions     380s  578,990/s
  222,017,029 positions     383s  579,426/s
  224,022,270 positions     386s  579,632/s
  226,000,803 positions     390s  580,170/s
  226,030,317 positions     390s  580,245/s
  228,017,204 positions     393s  580,359/s
  230,007,199 positions     396s  580,943/s
  230,038,096 positions     396s  581,020/s
  232,018,971 positions     399s  581,172/s
  234,018,267 positions     403s  581,250/s
  236,028,975 positions     406s  581,828/s
  238,030,996 positions     409s  582,035/s
  240,008,640 positions     412s  582,150/s
  240,039,710 positions     412s  582,224/s
  242,020,830 positions     416s  582,116/s
  244,009,863 positions     419s  582,083/s
  246,023,724 positions     422s  582,375/s
  248,029,725 positions     426s  582,319/s
  250,001,689 positions     429s  582,336/s
  250,032,609 positions     429s  582,407/s
  252,003,590 positions     432s  582,717/s
  252,036,143 positions     433s  582,370/s
  254,018,765 positions     436s  582,371/s
  256,014,681 positions     439s  582,552/s
  258,018,311 positions     443s  582,795/s
  260,016,972 positions     446s  582,983/s
  262,004,820 positions     449s  583,080/s
  262,034,477 positions     449s  583,145/s
  264,025,530 positions     453s  583,264/s
  266,011,212 positions     456s  583,365/s
  268,030,093 positions     459s  583,805/s
  270,010,081 positions     462s  583,906/s
  272,002,063 positions     466s  584,210/s
  272,034,326 positions     466s  584,278/s
  274,028,904 positions     469s  584,551/s
  276,027,236 positions     472s  584,998/s
  278,002,956 positions     475s  585,168/s
  278,034,253 positions     475s  585,232/s
  280,002,482 positions     478s  585,521/s
  280,032,974 positions     478s  585,583/s
  282,022,435 positions     482s  585,690/s
  284,028,226 positions     485s  585,536/s
  286,015,173 positions     488s  585,605/s
  288,008,986 positions     492s  585,864/s
  290,014,051 positions     495s  585,986/s
  292,029,937 positions     498s  586,093/s
  294,019,038 positions     502s  586,246/s
  296,016,133 positions     505s  586,215/s
  298,011,163 positions     508s  586,452/s
  300,029,275 positions     512s  586,443/s
  302,026,038 positions     515s  586,518/s
  304,030,038 positions     518s  586,480/s
  306,025,174 positions     522s  586,523/s
  308,007,144 positions     525s  586,403/s
  308,038,997 positions     525s  586,299/s
  310,015,116 positions     529s  586,406/s
  312,027,733 positions     532s  586,328/s
  314,031,221 positions     535s  586,554/s
  316,030,530 positions     539s  586,808/s
  318,013,196 positions     542s  586,977/s
  320,031,338 positions     545s  587,206/s
  322,022,561 positions     548s  587,629/s
  324,003,219 positions     551s  587,763/s
  324,035,920 positions     551s  587,821/s
  326,031,251 positions     554s  587,992/s
  328,030,145 positions     557s  588,437/s
  330,030,326 positions     561s  588,382/s
  332,019,355 positions     564s  588,609/s
  334,014,260 positions     567s  588,903/s
  336,018,187 positions     571s  588,815/s
  338,015,925 positions     574s  588,962/s
  340,021,009 positions     577s  589,238/s
  342,030,814 positions     580s  589,430/s
  344,027,978 positions     584s  589,500/s
  346,001,684 positions     587s  589,594/s
  346,035,487 positions     587s  589,651/s
  348,027,803 positions     590s  589,796/s
  350,027,382 positions     593s  590,076/s
  352,000,884 positions     596s  590,246/s
  352,033,378 positions     596s  590,299/s
  354,026,148 positions     599s  590,538/s
  356,031,329 positions     603s  590,793/s
  358,001,892 positions     606s  590,920/s
  358,037,458 positions     606s  590,977/s
  360,020,479 positions     609s  591,181/s
  362,018,066 positions     612s  591,449/s
  364,027,956 positions     615s  591,559/s
  366,013,699 positions     618s  591,796/s
  368,013,771 positions     622s  592,060/s
  370,020,869 positions     625s  592,292/s
  372,029,975 positions     628s  592,623/s
  374,033,559 positions     631s  593,024/s
  376,005,132 positions     634s  593,365/s
  378,032,851 positions     637s  593,503/s
  380,010,029 positions     640s  593,671/s
  382,006,277 positions     643s  593,973/s
  384,010,277 positions     646s  594,235/s
  386,016,013 positions     649s  594,513/s
  388,017,773 positions     653s  594,625/s
  390,017,596 positions     655s  595,107/s
  392,012,878 positions     659s  595,031/s
  394,002,883 positions     662s  595,469/s
  394,038,905 positions     662s  595,522/s
  396,029,670 positions     665s  595,698/s
  398,035,315 positions     668s  596,156/s
  400,015,997 positions     671s  596,226/s
  402,026,982 positions     674s  596,517/s
  404,024,206 positions     677s  596,864/s
  406,013,599 positions     680s  597,136/s
  408,011,774 positions     683s  597,342/s

done in 685s
  kept          : 409,562,339 positions (13.11 GB)
  bad json      : 0
  illegal fen   : 147,774
  no usable eval: 0
  mate scores   : 50,439,533 (12.32%)
  throughput    : 597,890 pos/s
