  12,838 positions       0s  33,942/s
  26,905 positions       0s  58,808/s
  2,015,688 positions       6s  317,464/s
  2,035,633 positions       6s  318,389/s
  4,006,355 positions      12s  329,481/s
  4,027,217 positions      12s  329,529/s
  6,000,676 positions      18s  336,367/s
  6,022,366 positions      18s  336,575/s
  8,019,434 positions      24s  338,921/s
  10,008,320 positions      30s  336,878/s
  10,030,837 positions      30s  337,595/s
  12,008,579 positions      35s  339,765/s
  12,031,690 positions      35s  339,843/s
  14,014,477 positions      41s  339,689/s
  14,037,151 positions      41s  340,027/s
  16,014,976 positions      47s  340,976/s
  16,038,387 positions      47s  341,205/s
  18,022,508 positions      53s  340,817/s
  20,004,912 positions      59s  341,195/s
  20,028,683 positions      59s  341,467/s
  22,006,202 positions      64s  341,636/s
  22,030,216 positions      64s  341,904/s
  24,000,095 positions      70s  342,062/s
  24,025,422 positions      70s  341,951/s
  26,012,774 positions      76s  342,446/s
  26,038,100 positions      76s  342,365/s
  28,014,951 positions      82s  343,053/s
  28,039,986 positions      82s  343,115/s
  30,025,952 positions      87s  343,403/s
  32,000,293 positions      93s  343,762/s
  32,026,236 positions      93s  343,689/s
  34,006,504 positions      99s  344,617/s
  34,032,306 positions      99s  344,637/s
  36,011,481 positions     104s  344,766/s
  36,036,457 positions     104s  344,971/s
  38,007,018 positions     110s  345,235/s
  38,032,669 positions     110s  344,841/s
  40,016,943 positions     116s  345,437/s
  42,011,180 positions     122s  345,215/s
  42,037,613 positions     122s  345,286/s
  44,006,590 positions     127s  345,516/s
  44,033,900 positions     127s  345,550/s
  46,016,237 positions     133s  345,190/s
  48,021,887 positions     139s  345,602/s
  50,021,179 positions     145s  345,749/s
  52,016,749 positions     150s  345,893/s
  54,002,001 positions     156s  346,117/s
  54,026,698 positions     156s  346,273/s
  56,000,856 positions     162s  346,512/s
  56,026,497 positions     162s  346,605/s
  58,004,232 positions     167s  346,395/s
  58,028,995 positions     167s  346,523/s
  60,019,853 positions     173s  346,857/s
  62,003,669 positions     179s  346,941/s
  62,030,173 positions     179s  346,877/s
  64,010,251 positions     184s  347,156/s
  64,037,381 positions     185s  347,022/s
  66,023,265 positions     190s  347,266/s
  68,025,038 positions     196s  347,423/s
  70,006,138 positions     201s  347,630/s
  70,031,943 positions     201s  347,588/s
  72,014,423 positions     207s  347,962/s
  74,024,218 positions     213s  348,255/s
  76,016,354 positions     218s  348,837/s
  78,005,918 positions     223s  349,377/s
  78,032,736 positions     223s  349,442/s
  80,024,283 positions     229s  349,593/s
  82,027,336 positions     235s  349,211/s
  84,015,079 positions     240s  349,340/s
  86,025,266 positions     246s  349,500/s
  88,010,068 positions     252s  349,642/s
  88,038,218 positions     252s  349,490/s
  90,007,592 positions     257s  349,737/s
  90,033,819 positions     258s  349,603/s
  92,021,472 positions     263s  349,604/s
  94,022,317 positions     269s  349,741/s
  96,002,678 positions     275s  349,692/s
  96,030,843 positions     275s  349,722/s
  98,020,163 positions     280s  349,865/s
  100,007,533 positions     286s  350,254/s
  100,035,534 positions     286s  350,040/s
  102,015,325 positions     291s  350,191/s
  104,022,545 positions     297s  350,218/s
  106,016,454 positions     303s  350,169/s
  108,010,113 positions     309s  350,079/s
  108,038,551 positions     309s  350,170/s
  110,010,235 positions     314s  350,436/s
  110,038,933 positions     314s  350,321/s
  112,007,389 positions     320s  350,408/s
  112,035,972 positions     320s  350,447/s
  114,006,492 positions     325s  350,493/s
  114,034,838 positions     325s  350,515/s
  116,003,094 positions     331s  350,579/s
  116,030,814 positions     331s  350,626/s
  118,009,163 positions     337s  350,686/s
  118,036,550 positions     337s  350,709/s
  120,020,227 positions     342s  350,822/s
  122,001,480 positions     348s  351,003/s
  122,029,640 positions     348s  350,917/s
  124,028,375 positions     353s  351,106/s
  126,021,037 positions     359s  351,124/s
  128,019,012 positions     365s  351,210/s
  130,018,122 positions     370s  351,298/s
  132,010,542 positions     376s  351,275/s
  132,038,172 positions     376s  351,323/s
  134,000,184 positions     381s  351,600/s
  134,029,211 positions     381s  351,330/s
  136,012,061 positions     387s  351,523/s
  138,005,989 positions     393s  351,351/s
  138,038,572 positions     393s  351,378/s
  140,007,048 positions     398s  351,729/s
  142,027,664 positions     403s  352,086/s
  144,004,056 positions     408s  352,573/s
  146,004,787 positions     414s  352,716/s
  148,025,441 positions     419s  353,263/s
  150,005,144 positions     424s  353,612/s
  152,035,355 positions     430s  353,915/s
  154,000,667 positions     435s  354,375/s
  154,039,272 positions     435s  354,423/s
  156,037,949 positions     440s  354,755/s
  158,012,802 positions     445s  354,876/s
  160,004,576 positions     450s  355,341/s
  162,015,753 positions     455s  355,796/s
  164,020,960 positions     461s  355,979/s
  166,030,263 positions     466s  356,329/s
  168,001,800 positions     471s  356,581/s
  170,016,015 positions     476s  356,839/s
  172,028,494 positions     482s  356,908/s
  174,003,925 positions     487s  357,154/s
  174,034,620 positions     487s  357,182/s
  176,002,228 positions     492s  357,367/s
  176,034,099 positions     493s  357,392/s
  178,028,910 positions     498s  357,577/s
  180,015,018 positions     503s  357,922/s
  182,011,292 positions     508s  357,971/s
  184,023,322 positions     514s  357,976/s
  186,013,849 positions     520s  358,025/s
  188,000,409 positions     525s  358,066/s
  188,031,805 positions     525s  358,064/s
  190,020,217 positions     530s  358,323/s
  192,015,492 positions     536s  358,362/s
  194,027,179 positions     541s  358,392/s
  196,023,645 positions     547s  358,520/s
  198,002,820 positions     552s  358,587/s
  198,033,709 positions     552s  358,546/s
  200,024,448 positions     558s  358,654/s
  202,016,064 positions     563s  358,708/s
  204,026,063 positions     569s  358,690/s
  206,013,475 positions     574s  358,728/s
  208,030,697 positions     580s  358,767/s
  210,021,211 positions     585s  358,781/s
  212,015,728 positions     591s  358,918/s
  214,025,806 positions     596s  358,969/s
  216,010,513 positions     602s  359,007/s
  218,029,113 positions     607s  358,996/s
  220,024,193 positions     613s  359,086/s
  222,017,029 positions     618s  359,160/s
  224,022,270 positions     624s  359,214/s
  226,000,803 positions     629s  359,305/s
  226,030,317 positions     629s  359,293/s
  228,017,204 positions     635s  359,337/s
  230,007,199 positions     640s  359,311/s
  230,038,096 positions     640s  359,337/s
  232,018,971 positions     646s  359,319/s
  234,018,267 positions     651s  359,389/s
  236,028,975 positions     657s  359,510/s
  238,030,996 positions     662s  359,517/s
  240,008,640 positions     668s  359,533/s
  240,039,710 positions     668s  359,554/s
  242,020,830 positions     673s  359,542/s
  244,009,863 positions     679s  359,606/s
  246,023,724 positions     684s  359,680/s
  248,029,725 positions     689s  359,758/s
  250,001,689 positions     695s  359,743/s
  250,032,609 positions     695s  359,767/s
  252,003,590 positions     700s  359,811/s
  252,036,143 positions     700s  359,797/s
  254,018,765 positions     706s  359,827/s
  256,014,681 positions     711s  359,865/s
  258,018,311 positions     717s  359,853/s
  260,016,972 positions     722s  359,889/s
  262,004,820 positions     728s  359,908/s
  262,034,477 positions     728s  359,896/s
  264,025,530 positions     734s  359,923/s
  266,011,212 positions     739s  359,975/s
  268,030,093 positions     744s  360,022/s
  270,010,081 positions     750s  360,095/s
  272,002,063 positions     755s  360,087/s
  272,034,326 positions     755s  360,100/s
  274,028,904 positions     761s  360,117/s
  276,027,236 positions     766s  360,223/s
  278,002,956 positions     771s  360,373/s
  278,034,253 positions     772s  360,333/s
  280,002,482 positions     776s  360,609/s
  280,032,974 positions     777s  360,555/s
  282,022,435 positions     782s  360,756/s
  284,028,226 positions     787s  360,806/s
  286,015,173 positions     793s  360,811/s
  288,008,986 positions     798s  360,824/s
  290,014,051 positions     804s  360,852/s
  292,029,937 positions     809s  360,896/s
  294,019,038 positions     815s  360,968/s
  296,016,133 positions     820s  361,093/s
  298,011,163 positions     825s  361,129/s
  300,029,275 positions     831s  361,123/s
  302,026,038 positions     836s  361,091/s
  304,030,038 positions     842s  361,053/s
  306,025,174 positions     847s  361,168/s
  308,007,144 positions     853s  361,108/s
  308,038,997 positions     853s  361,100/s
  310,015,116 positions     859s  361,108/s
  312,027,733 positions     864s  361,095/s
  314,031,221 positions     870s  361,144/s
  316,030,530 positions     875s  361,146/s
  318,013,196 positions     881s  361,116/s
  320,031,338 positions     886s  361,211/s
  322,022,561 positions     892s  361,175/s
  324,003,219 positions     897s  361,275/s
  324,035,920 positions     897s  361,289/s
  326,031,251 positions     902s  361,275/s
  328,030,145 positions     908s  361,310/s
  330,030,326 positions     913s  361,296/s
  332,019,355 positions     919s  361,346/s
  334,014,260 positions     924s  361,397/s
  336,018,187 positions     930s  361,398/s
  338,015,925 positions     935s  361,411/s
  340,021,009 positions     941s  361,405/s
  342,030,814 positions     946s  361,486/s
  344,027,978 positions     952s  361,424/s
  346,001,684 positions     957s  361,468/s
  346,035,487 positions     957s  361,495/s
  348,027,803 positions     963s  361,445/s
  350,027,382 positions     968s  361,513/s
  352,000,884 positions     974s  361,531/s
  352,033,378 positions     974s  361,546/s
  354,026,148 positions     979s  361,568/s
  356,031,329 positions     985s  361,588/s
  358,001,892 positions     990s  361,688/s
  358,037,458 positions     990s  361,677/s
  360,020,479 positions     995s  361,779/s
  362,018,066 positions    1001s  361,731/s
  364,027,956 positions    1006s  361,828/s
  366,013,699 positions    1011s  361,906/s
  368,013,771 positions    1017s  361,982/s
  370,020,869 positions    1022s  362,078/s
  372,029,975 positions    1027s  362,218/s
  374,033,559 positions    1032s  362,314/s
  376,005,132 positions    1038s  362,389/s
  378,032,851 positions    1043s  362,508/s
  380,010,029 positions    1048s  362,642/s
  382,006,277 positions    1053s  362,791/s
  384,010,277 positions    1058s  362,917/s
  386,016,013 positions    1063s  363,046/s
  388,017,773 positions    1069s  363,060/s
  390,017,596 positions    1074s  363,156/s
  392,012,878 positions    1079s  363,240/s
  394,002,883 positions    1085s  363,298/s
  394,038,905 positions    1085s  363,331/s
  396,029,670 positions    1090s  363,418/s
  398,035,315 positions    1095s  363,589/s
  400,015,997 positions    1100s  363,669/s
  402,026,982 positions    1105s  363,764/s
  404,024,206 positions    1110s  363,870/s
  406,013,599 positions    1116s  363,961/s
  408,011,774 positions    1121s  364,027/s

done in 1125s
  kept          : 409,562,339 positions (13.11 GB)
  bad json      : 0
  illegal fen   : 147,774
  no usable eval: 0
  mate scores   : 50,439,533 (12.32%)
  tactical best : 97,634,926 (23.84%) capture/promotion
  throughput    : 364,079 pos/s
