device: NVIDIA RTX 6000 Ada Generation
loaded 90,704,333 records -> 88,135,424 after filters (min_depth=16, drop_mate=False)
train 87,694,747 | val 440,677
baseline (always predict draw) val_loss = 0.05445
parameters: 6,309,473
5,352 steps/epoch, 74,928 total
ep 0 step     200/74,928 loss 0.05268 lr 6.11e-05 561,745 pos/s  6s
ep 0 step     400/74,928 loss 0.04199 lr 6.45e-05 947,969 pos/s  7s
ep 0 step     600/74,928 loss 0.03315 lr 7.01e-05 1,227,739 pos/s  8s
ep 0 step     800/74,928 loss 0.02798 lr 7.79e-05 1,437,896 pos/s  9s
ep 0 step   1,000/74,928 loss 0.02513 lr 8.79e-05 1,604,292 pos/s  10s
ep 0 step   1,200/74,928 loss 0.02383 lr 1.00e-04 1,730,669 pos/s  11s
ep 0 step   1,400/74,928 loss 0.02311 lr 1.14e-04 1,830,051 pos/s  13s
ep 0 step   1,600/74,928 loss 0.02257 lr 1.31e-04 1,916,730 pos/s  14s
ep 0 step   1,800/74,928 loss 0.02217 lr 1.49e-04 1,986,381 pos/s  15s
ep 0 step   2,000/74,928 loss 0.02168 lr 1.70e-04 2,047,555 pos/s  16s
ep 0 step   2,200/74,928 loss 0.02138 lr 1.92e-04 2,105,155 pos/s  17s
ep 0 step   2,400/74,928 loss 0.02104 lr 2.16e-04 2,156,224 pos/s  18s
ep 0 step   2,600/74,928 loss 0.02069 lr 2.42e-04 2,199,564 pos/s  19s
ep 0 step   2,800/74,928 loss 0.02037 lr 2.70e-04 2,237,375 pos/s  21s
ep 0 step   3,000/74,928 loss 0.02001 lr 2.99e-04 2,273,104 pos/s  22s
ep 0 step   3,200/74,928 loss 0.01972 lr 3.29e-04 2,307,148 pos/s  23s
ep 0 step   3,400/74,928 loss 0.01938 lr 3.61e-04 2,339,888 pos/s  24s
ep 0 step   3,600/74,928 loss 0.01904 lr 3.95e-04 2,366,154 pos/s  25s
ep 0 step   3,800/74,928 loss 0.01887 lr 4.29e-04 2,390,946 pos/s  26s
ep 0 step   4,000/74,928 loss 0.01861 lr 4.65e-04 2,412,409 pos/s  27s
ep 0 step   4,200/74,928 loss 0.01841 lr 5.02e-04 2,432,728 pos/s  28s
ep 0 step   4,400/74,928 loss 0.01818 lr 5.39e-04 2,451,073 pos/s  29s
ep 0 step   4,600/74,928 loss 0.01809 lr 5.78e-04 2,471,274 pos/s  30s
ep 0 step   4,800/74,928 loss 0.01785 lr 6.17e-04 2,486,650 pos/s  32s
ep 0 step   5,000/74,928 loss 0.01771 lr 6.56e-04 2,503,045 pos/s  33s
ep 0 step   5,200/74,928 loss 0.01762 lr 6.96e-04 2,517,091 pos/s  34s
== epoch 0 done | val_loss 0.01737 | MAE 141.1 cp | sign 89.0% | 35s
ep 1 step   5,400/74,928 loss 0.01703 lr 7.36e-04 2,239,329 pos/s  40s
ep 1 step   5,600/74,928 loss 0.01704 lr 7.76e-04 2,258,923 pos/s  41s
ep 1 step   5,800/74,928 loss 0.01699 lr 8.16e-04 2,276,321 pos/s  42s
ep 1 step   6,000/74,928 loss 0.01695 lr 8.57e-04 2,294,859 pos/s  43s
ep 1 step   6,200/74,928 loss 0.01686 lr 8.96e-04 2,314,039 pos/s  44s
ep 1 step   6,400/74,928 loss 0.01676 lr 9.36e-04 2,331,781 pos/s  45s
ep 1 step   6,600/74,928 loss 0.01671 lr 9.75e-04 2,349,294 pos/s  46s
ep 1 step   6,800/74,928 loss 0.01667 lr 1.01e-03 2,366,008 pos/s  47s
ep 1 step   7,000/74,928 loss 0.01659 lr 1.05e-03 2,380,577 pos/s  48s
ep 1 step   7,200/74,928 loss 0.01653 lr 1.09e-03 2,392,743 pos/s  49s
ep 1 step   7,400/74,928 loss 0.01647 lr 1.12e-03 2,405,777 pos/s  50s
ep 1 step   7,600/74,928 loss 0.01639 lr 1.16e-03 2,417,939 pos/s  51s
ep 1 step   7,800/74,928 loss 0.01626 lr 1.19e-03 2,428,952 pos/s  53s
ep 1 step   8,000/74,928 loss 0.01619 lr 1.22e-03 2,439,209 pos/s  54s
ep 1 step   8,200/74,928 loss 0.01611 lr 1.26e-03 2,449,337 pos/s  55s
ep 1 step   8,400/74,928 loss 0.01610 lr 1.29e-03 2,459,169 pos/s  56s
ep 1 step   8,600/74,928 loss 0.01597 lr 1.31e-03 2,469,173 pos/s  57s
ep 1 step   8,800/74,928 loss 0.01590 lr 1.34e-03 2,478,311 pos/s  58s
ep 1 step   9,000/74,928 loss 0.01582 lr 1.36e-03 2,486,307 pos/s  59s
ep 1 step   9,200/74,928 loss 0.01571 lr 1.39e-03 2,491,769 pos/s  60s
ep 1 step   9,400/74,928 loss 0.01566 lr 1.41e-03 2,499,736 pos/s  62s
ep 1 step   9,600/74,928 loss 0.01557 lr 1.43e-03 2,507,406 pos/s  63s
ep 1 step   9,800/74,928 loss 0.01553 lr 1.44e-03 2,513,705 pos/s  64s
ep 1 step  10,000/74,928 loss 0.01549 lr 1.46e-03 2,519,858 pos/s  65s
ep 1 step  10,200/74,928 loss 0.01540 lr 1.47e-03 2,527,062 pos/s  66s
ep 1 step  10,400/74,928 loss 0.01534 lr 1.48e-03 2,534,744 pos/s  67s
ep 1 step  10,600/74,928 loss 0.01528 lr 1.49e-03 2,541,927 pos/s  68s
== epoch 1 done | val_loss 0.01529 | MAE 132.1 cp | sign 90.4% | 69s
ep 2 step  10,800/74,928 loss 0.01443 lr 1.49e-03 2,384,940 pos/s  74s
ep 2 step  11,000/74,928 loss 0.01444 lr 1.50e-03 2,393,838 pos/s  75s
ep 2 step  11,200/74,928 loss 0.01445 lr 1.50e-03 2,401,670 pos/s  76s
ep 2 step  11,400/74,928 loss 0.01450 lr 1.50e-03 2,410,889 pos/s  77s
ep 2 step  11,600/74,928 loss 0.01446 lr 1.50e-03 2,418,541 pos/s  79s
ep 2 step  11,800/74,928 loss 0.01444 lr 1.50e-03 2,425,004 pos/s  80s
ep 2 step  12,000/74,928 loss 0.01440 lr 1.50e-03 2,431,860 pos/s  81s
ep 2 step  12,200/74,928 loss 0.01440 lr 1.50e-03 2,439,092 pos/s  82s
ep 2 step  12,400/74,928 loss 0.01439 lr 1.50e-03 2,446,525 pos/s  83s
ep 2 step  12,600/74,928 loss 0.01436 lr 1.50e-03 2,452,316 pos/s  84s
ep 2 step  12,800/74,928 loss 0.01433 lr 1.50e-03 2,458,454 pos/s  85s
ep 2 step  13,000/74,928 loss 0.01428 lr 1.50e-03 2,463,838 pos/s  86s
ep 2 step  13,200/74,928 loss 0.01424 lr 1.50e-03 2,469,977 pos/s  88s
ep 2 step  13,400/74,928 loss 0.01422 lr 1.50e-03 2,475,235 pos/s  89s
ep 2 step  13,600/74,928 loss 0.01417 lr 1.49e-03 2,480,315 pos/s  90s
ep 2 step  13,800/74,928 loss 0.01417 lr 1.49e-03 2,485,403 pos/s  91s
ep 2 step  14,000/74,928 loss 0.01416 lr 1.49e-03 2,490,198 pos/s  92s
ep 2 step  14,200/74,928 loss 0.01408 lr 1.49e-03 2,495,314 pos/s  93s
ep 2 step  14,400/74,928 loss 0.01406 lr 1.49e-03 2,500,950 pos/s  94s
ep 2 step  14,600/74,928 loss 0.01402 lr 1.49e-03 2,505,541 pos/s  95s
ep 2 step  14,800/74,928 loss 0.01400 lr 1.49e-03 2,510,456 pos/s  97s
ep 2 step  15,000/74,928 loss 0.01402 lr 1.49e-03 2,515,391 pos/s  98s
ep 2 step  15,200/74,928 loss 0.01397 lr 1.49e-03 2,520,117 pos/s  99s
ep 2 step  15,400/74,928 loss 0.01396 lr 1.48e-03 2,524,280 pos/s  100s
ep 2 step  15,600/74,928 loss 0.01388 lr 1.48e-03 2,528,782 pos/s  101s
ep 2 step  15,800/74,928 loss 0.01389 lr 1.48e-03 2,533,505 pos/s  102s
ep 2 step  16,000/74,928 loss 0.01385 lr 1.48e-03 2,538,248 pos/s  103s
== epoch 2 done | val_loss 0.01408 | MAE 127.8 cp | sign 91.3% | 104s
ep 3 step  16,200/74,928 loss 0.01277 lr 1.48e-03 2,431,395 pos/s  109s
ep 3 step  16,400/74,928 loss 0.01283 lr 1.48e-03 2,436,382 pos/s  110s
ep 3 step  16,600/74,928 loss 0.01289 lr 1.47e-03 2,441,394 pos/s  111s
ep 3 step  16,800/74,928 loss 0.01294 lr 1.47e-03 2,446,546 pos/s  113s
ep 3 step  17,000/74,928 loss 0.01296 lr 1.47e-03 2,451,728 pos/s  114s
ep 3 step  17,200/74,928 loss 0.01301 lr 1.47e-03 2,456,472 pos/s  115s
ep 3 step  17,400/74,928 loss 0.01303 lr 1.47e-03 2,462,028 pos/s  116s
ep 3 step  17,600/74,928 loss 0.01304 lr 1.46e-03 2,466,606 pos/s  117s
ep 3 step  17,800/74,928 loss 0.01302 lr 1.46e-03 2,471,555 pos/s  118s
ep 3 step  18,000/74,928 loss 0.01308 lr 1.46e-03 2,476,409 pos/s  119s
ep 3 step  18,200/74,928 loss 0.01303 lr 1.46e-03 2,481,468 pos/s  120s
ep 3 step  18,400/74,928 loss 0.01305 lr 1.45e-03 2,485,946 pos/s  121s
ep 3 step  18,600/74,928 loss 0.01305 lr 1.45e-03 2,490,533 pos/s  122s
ep 3 step  18,800/74,928 loss 0.01297 lr 1.45e-03 2,495,515 pos/s  123s
ep 3 step  19,000/74,928 loss 0.01296 lr 1.45e-03 2,499,579 pos/s  125s
ep 3 step  19,200/74,928 loss 0.01303 lr 1.44e-03 2,503,634 pos/s  126s
ep 3 step  19,400/74,928 loss 0.01298 lr 1.44e-03 2,507,837 pos/s  127s
ep 3 step  19,600/74,928 loss 0.01301 lr 1.44e-03 2,511,747 pos/s  128s
ep 3 step  19,800/74,928 loss 0.01299 lr 1.43e-03 2,515,856 pos/s  129s
ep 3 step  20,000/74,928 loss 0.01300 lr 1.43e-03 2,520,154 pos/s  130s
ep 3 step  20,200/74,928 loss 0.01298 lr 1.43e-03 2,524,075 pos/s  131s
ep 3 step  20,400/74,928 loss 0.01298 lr 1.42e-03 2,527,735 pos/s  132s
ep 3 step  20,600/74,928 loss 0.01299 lr 1.42e-03 2,531,539 pos/s  133s
ep 3 step  20,800/74,928 loss 0.01293 lr 1.42e-03 2,535,642 pos/s  134s
ep 3 step  21,000/74,928 loss 0.01296 lr 1.41e-03 2,539,210 pos/s  136s
ep 3 step  21,200/74,928 loss 0.01295 lr 1.41e-03 2,543,008 pos/s  137s
ep 3 step  21,400/74,928 loss 0.01288 lr 1.41e-03 2,546,663 pos/s  138s
== epoch 3 done | val_loss 0.01361 | MAE 129.5 cp | sign 91.5% | 138s
ep 4 step  21,600/74,928 loss 0.01184 lr 1.40e-03 2,468,253 pos/s  143s
ep 4 step  21,800/74,928 loss 0.01190 lr 1.40e-03 2,472,688 pos/s  144s
ep 4 step  22,000/74,928 loss 0.01196 lr 1.40e-03 2,477,071 pos/s  146s
ep 4 step  22,200/74,928 loss 0.01203 lr 1.39e-03 2,480,730 pos/s  147s
ep 4 step  22,400/74,928 loss 0.01211 lr 1.39e-03 2,484,052 pos/s  148s
ep 4 step  22,600/74,928 loss 0.01208 lr 1.39e-03 2,487,403 pos/s  149s
ep 4 step  22,800/74,928 loss 0.01212 lr 1.38e-03 2,490,701 pos/s  150s
ep 4 step  23,000/74,928 loss 0.01214 lr 1.38e-03 2,494,338 pos/s  151s
ep 4 step  23,200/74,928 loss 0.01218 lr 1.37e-03 2,497,914 pos/s  152s
ep 4 step  23,400/74,928 loss 0.01218 lr 1.37e-03 2,501,471 pos/s  153s
ep 4 step  23,600/74,928 loss 0.01218 lr 1.36e-03 2,504,996 pos/s  154s
ep 4 step  23,800/74,928 loss 0.01223 lr 1.36e-03 2,508,196 pos/s  155s
ep 4 step  24,000/74,928 loss 0.01222 lr 1.36e-03 2,511,799 pos/s  157s
ep 4 step  24,200/74,928 loss 0.01224 lr 1.35e-03 2,515,521 pos/s  158s
ep 4 step  24,400/74,928 loss 0.01222 lr 1.35e-03 2,519,020 pos/s  159s
ep 4 step  24,600/74,928 loss 0.01222 lr 1.34e-03 2,522,382 pos/s  160s
ep 4 step  24,800/74,928 loss 0.01225 lr 1.34e-03 2,525,652 pos/s  161s
ep 4 step  25,000/74,928 loss 0.01224 lr 1.33e-03 2,528,460 pos/s  162s
ep 4 step  25,200/74,928 loss 0.01225 lr 1.33e-03 2,532,037 pos/s  163s
ep 4 step  25,400/74,928 loss 0.01222 lr 1.32e-03 2,534,475 pos/s  164s
ep 4 step  25,600/74,928 loss 0.01229 lr 1.32e-03 2,537,109 pos/s  165s
ep 4 step  25,800/74,928 loss 0.01226 lr 1.31e-03 2,539,767 pos/s  166s
ep 4 step  26,000/74,928 loss 0.01221 lr 1.31e-03 2,542,018 pos/s  168s
ep 4 step  26,200/74,928 loss 0.01221 lr 1.30e-03 2,544,567 pos/s  169s
ep 4 step  26,400/74,928 loss 0.01224 lr 1.30e-03 2,547,396 pos/s  170s
ep 4 step  26,600/74,928 loss 0.01224 lr 1.29e-03 2,550,379 pos/s  171s
== epoch 4 done | val_loss 0.01327 | MAE 126.4 cp | sign 91.8% | 172s
ep 5 step  26,800/74,928 loss 0.01123 lr 1.29e-03 2,485,370 pos/s  177s
ep 5 step  27,000/74,928 loss 0.01120 lr 1.28e-03 2,488,299 pos/s  178s
ep 5 step  27,200/74,928 loss 0.01127 lr 1.28e-03 2,491,213 pos/s  179s
ep 5 step  27,400/74,928 loss 0.01129 lr 1.27e-03 2,493,675 pos/s  180s
ep 5 step  27,600/74,928 loss 0.01135 lr 1.27e-03 2,496,498 pos/s  181s
ep 5 step  27,800/74,928 loss 0.01141 lr 1.26e-03 2,499,256 pos/s  182s
ep 5 step  28,000/74,928 loss 0.01144 lr 1.26e-03 2,502,205 pos/s  183s
ep 5 step  28,200/74,928 loss 0.01149 lr 1.25e-03 2,505,566 pos/s  184s
ep 5 step  28,400/74,928 loss 0.01152 lr 1.25e-03 2,508,885 pos/s  185s
ep 5 step  28,600/74,928 loss 0.01153 lr 1.24e-03 2,512,161 pos/s  187s
ep 5 step  28,800/74,928 loss 0.01157 lr 1.24e-03 2,515,408 pos/s  188s
ep 5 step  29,000/74,928 loss 0.01154 lr 1.23e-03 2,518,514 pos/s  189s
ep 5 step  29,200/74,928 loss 0.01158 lr 1.22e-03 2,520,992 pos/s  190s
ep 5 step  29,400/74,928 loss 0.01155 lr 1.22e-03 2,523,544 pos/s  191s
ep 5 step  29,600/74,928 loss 0.01161 lr 1.21e-03 2,525,969 pos/s  192s
ep 5 step  29,800/74,928 loss 0.01160 lr 1.21e-03 2,527,197 pos/s  193s
ep 5 step  30,000/74,928 loss 0.01164 lr 1.20e-03 2,529,570 pos/s  194s
ep 5 step  30,200/74,928 loss 0.01163 lr 1.20e-03 2,532,123 pos/s  195s
ep 5 step  30,400/74,928 loss 0.01161 lr 1.19e-03 2,534,195 pos/s  197s
ep 5 step  30,600/74,928 loss 0.01168 lr 1.18e-03 2,536,707 pos/s  198s
ep 5 step  30,800/74,928 loss 0.01165 lr 1.18e-03 2,539,199 pos/s  199s
ep 5 step  31,000/74,928 loss 0.01164 lr 1.17e-03 2,541,623 pos/s  200s
ep 5 step  31,200/74,928 loss 0.01163 lr 1.16e-03 2,544,052 pos/s  201s
ep 5 step  31,400/74,928 loss 0.01163 lr 1.16e-03 2,546,311 pos/s  202s
ep 5 step  31,600/74,928 loss 0.01167 lr 1.15e-03 2,548,280 pos/s  203s
ep 5 step  31,800/74,928 loss 0.01165 lr 1.15e-03 2,550,221 pos/s  204s
ep 5 step  32,000/74,928 loss 0.01160 lr 1.14e-03 2,552,013 pos/s  205s
== epoch 5 done | val_loss 0.01309 | MAE 125.7 cp | sign 91.9% | 206s
ep 6 step  32,200/74,928 loss 0.01060 lr 1.13e-03 2,497,786 pos/s  211s
ep 6 step  32,400/74,928 loss 0.01070 lr 1.13e-03 2,500,111 pos/s  212s
ep 6 step  32,600/74,928 loss 0.01077 lr 1.12e-03 2,502,226 pos/s  213s
ep 6 step  32,800/74,928 loss 0.01076 lr 1.11e-03 2,504,553 pos/s  215s
ep 6 step  33,000/74,928 loss 0.01082 lr 1.11e-03 2,506,805 pos/s  216s
ep 6 step  33,200/74,928 loss 0.01090 lr 1.10e-03 2,508,955 pos/s  217s
ep 6 step  33,400/74,928 loss 0.01091 lr 1.09e-03 2,511,371 pos/s  218s
ep 6 step  33,600/74,928 loss 0.01096 lr 1.09e-03 2,513,698 pos/s  219s
ep 6 step  33,800/74,928 loss 0.01097 lr 1.08e-03 2,515,999 pos/s  220s
ep 6 step  34,000/74,928 loss 0.01100 lr 1.07e-03 2,518,209 pos/s  221s
ep 6 step  34,200/74,928 loss 0.01101 lr 1.07e-03 2,520,829 pos/s  222s
ep 6 step  34,400/74,928 loss 0.01102 lr 1.06e-03 2,522,851 pos/s  223s
ep 6 step  34,600/74,928 loss 0.01105 lr 1.05e-03 2,525,402 pos/s  224s
ep 6 step  34,800/74,928 loss 0.01104 lr 1.05e-03 2,527,693 pos/s  226s
ep 6 step  35,000/74,928 loss 0.01108 lr 1.04e-03 2,529,788 pos/s  227s
ep 6 step  35,200/74,928 loss 0.01108 lr 1.03e-03 2,531,745 pos/s  228s
ep 6 step  35,400/74,928 loss 0.01110 lr 1.03e-03 2,533,457 pos/s  229s
ep 6 step  35,600/74,928 loss 0.01106 lr 1.02e-03 2,535,075 pos/s  230s
ep 6 step  35,800/74,928 loss 0.01110 lr 1.01e-03 2,537,140 pos/s  231s
ep 6 step  36,000/74,928 loss 0.01112 lr 1.01e-03 2,538,960 pos/s  232s
ep 6 step  36,200/74,928 loss 0.01113 lr 1.00e-03 2,540,886 pos/s  233s
ep 6 step  36,400/74,928 loss 0.01112 lr 9.93e-04 2,543,036 pos/s  235s
ep 6 step  36,600/74,928 loss 0.01110 lr 9.86e-04 2,545,516 pos/s  236s
ep 6 step  36,800/74,928 loss 0.01110 lr 9.79e-04 2,547,852 pos/s  237s
ep 6 step  37,000/74,928 loss 0.01111 lr 9.72e-04 2,549,881 pos/s  238s
ep 6 step  37,200/74,928 loss 0.01113 lr 9.65e-04 2,551,576 pos/s  239s
ep 6 step  37,400/74,928 loss 0.01111 lr 9.57e-04 2,553,394 pos/s  240s
== epoch 6 done | val_loss 0.01289 | MAE 125.1 cp | sign 92.1% | 240s
ep 7 step  37,600/74,928 loss 0.01024 lr 9.50e-04 2,507,263 pos/s  246s
ep 7 step  37,800/74,928 loss 0.01027 lr 9.43e-04 2,509,292 pos/s  247s
ep 7 step  38,000/74,928 loss 0.01028 lr 9.36e-04 2,511,298 pos/s  248s
ep 7 step  38,200/74,928 loss 0.01031 lr 9.29e-04 2,513,501 pos/s  249s
ep 7 step  38,400/74,928 loss 0.01038 lr 9.22e-04 2,515,772 pos/s  250s
ep 7 step  38,600/74,928 loss 0.01043 lr 9.14e-04 2,518,155 pos/s  251s
ep 7 step  38,800/74,928 loss 0.01043 lr 9.07e-04 2,520,434 pos/s  252s
ep 7 step  39,000/74,928 loss 0.01045 lr 9.00e-04 2,522,336 pos/s  253s
ep 7 step  39,200/74,928 loss 0.01051 lr 8.93e-04 2,524,375 pos/s  254s
ep 7 step  39,400/74,928 loss 0.01052 lr 8.85e-04 2,526,074 pos/s  256s
ep 7 step  39,600/74,928 loss 0.01054 lr 8.78e-04 2,527,617 pos/s  257s
ep 7 step  39,800/74,928 loss 0.01059 lr 8.71e-04 2,529,455 pos/s  258s
ep 7 step  40,000/74,928 loss 0.01056 lr 8.64e-04 2,531,219 pos/s  259s
ep 7 step  40,200/74,928 loss 0.01055 lr 8.56e-04 2,532,881 pos/s  260s
ep 7 step  40,400/74,928 loss 0.01060 lr 8.49e-04 2,534,633 pos/s  261s
ep 7 step  40,600/74,928 loss 0.01061 lr 8.42e-04 2,536,472 pos/s  262s
ep 7 step  40,800/74,928 loss 0.01060 lr 8.34e-04 2,538,135 pos/s  263s
ep 7 step  41,000/74,928 loss 0.01058 lr 8.27e-04 2,539,795 pos/s  264s
ep 7 step  41,200/74,928 loss 0.01064 lr 8.20e-04 2,541,417 pos/s  266s
ep 7 step  41,400/74,928 loss 0.01062 lr 8.12e-04 2,542,882 pos/s  267s
ep 7 step  41,600/74,928 loss 0.01059 lr 8.05e-04 2,544,376 pos/s  268s
ep 7 step  41,800/74,928 loss 0.01065 lr 7.97e-04 2,546,080 pos/s  269s
ep 7 step  42,000/74,928 loss 0.01065 lr 7.90e-04 2,547,592 pos/s  270s
ep 7 step  42,200/74,928 loss 0.01064 lr 7.83e-04 2,549,092 pos/s  271s
ep 7 step  42,400/74,928 loss 0.01064 lr 7.75e-04 2,550,782 pos/s  272s
ep 7 step  42,600/74,928 loss 0.01064 lr 7.68e-04 2,552,455 pos/s  273s
ep 7 step  42,800/74,928 loss 0.01063 lr 7.60e-04 2,553,968 pos/s  275s
== epoch 7 done | val_loss 0.01277 | MAE 123.8 cp | sign 92.1% | 275s
ep 8 step  43,000/74,928 loss 0.00983 lr 7.53e-04 2,512,606 pos/s  280s
ep 8 step  43,200/74,928 loss 0.00987 lr 7.46e-04 2,514,314 pos/s  282s
ep 8 step  43,400/74,928 loss 0.00989 lr 7.38e-04 2,516,135 pos/s  283s
ep 8 step  43,600/74,928 loss 0.00994 lr 7.31e-04 2,518,046 pos/s  284s
ep 8 step  43,800/74,928 loss 0.00997 lr 7.23e-04 2,519,969 pos/s  285s
ep 8 step  44,000/74,928 loss 0.00998 lr 7.16e-04 2,521,814 pos/s  286s
ep 8 step  44,200/74,928 loss 0.01005 lr 7.09e-04 2,523,714 pos/s  287s
ep 8 step  44,400/74,928 loss 0.01007 lr 7.01e-04 2,525,207 pos/s  288s
ep 8 step  44,600/74,928 loss 0.01005 lr 6.94e-04 2,527,007 pos/s  289s
ep 8 step  44,800/74,928 loss 0.01005 lr 6.87e-04 2,528,798 pos/s  290s
ep 8 step  45,000/74,928 loss 0.01006 lr 6.79e-04 2,530,335 pos/s  291s
ep 8 step  45,200/74,928 loss 0.01011 lr 6.72e-04 2,531,799 pos/s  293s
ep 8 step  45,400/74,928 loss 0.01015 lr 6.64e-04 2,533,406 pos/s  294s
ep 8 step  45,600/74,928 loss 0.01012 lr 6.57e-04 2,534,750 pos/s  295s
ep 8 step  45,800/74,928 loss 0.01015 lr 6.50e-04 2,536,438 pos/s  296s
ep 8 step  46,000/74,928 loss 0.01016 lr 6.42e-04 2,538,065 pos/s  297s
ep 8 step  46,200/74,928 loss 0.01019 lr 6.35e-04 2,539,515 pos/s  298s
ep 8 step  46,400/74,928 loss 0.01019 lr 6.28e-04 2,541,023 pos/s  299s
ep 8 step  46,600/74,928 loss 0.01019 lr 6.21e-04 2,542,555 pos/s  300s
ep 8 step  46,800/74,928 loss 0.01020 lr 6.13e-04 2,544,104 pos/s  301s
ep 8 step  47,000/74,928 loss 0.01021 lr 6.06e-04 2,545,684 pos/s  302s
ep 8 step  47,200/74,928 loss 0.01019 lr 5.99e-04 2,547,321 pos/s  304s
ep 8 step  47,400/74,928 loss 0.01021 lr 5.91e-04 2,548,936 pos/s  305s
ep 8 step  47,600/74,928 loss 0.01023 lr 5.84e-04 2,550,538 pos/s  306s
ep 8 step  47,800/74,928 loss 0.01018 lr 5.77e-04 2,551,616 pos/s  307s
ep 8 step  48,000/74,928 loss 0.01018 lr 5.70e-04 2,553,078 pos/s  308s
== epoch 8 done | val_loss 0.01267 | MAE 124.8 cp | sign 92.3% | 309s
ep 9 step  48,200/74,928 loss 0.00958 lr 5.63e-04 2,517,151 pos/s  314s
ep 9 step  48,400/74,928 loss 0.00950 lr 5.56e-04 2,519,033 pos/s  315s
ep 9 step  48,600/74,928 loss 0.00958 lr 5.48e-04 2,520,843 pos/s  316s
ep 9 step  48,800/74,928 loss 0.00956 lr 5.41e-04 2,522,587 pos/s  317s
ep 9 step  49,000/74,928 loss 0.00957 lr 5.34e-04 2,524,471 pos/s  318s
ep 9 step  49,200/74,928 loss 0.00959 lr 5.27e-04 2,526,071 pos/s  319s
ep 9 step  49,400/74,928 loss 0.00964 lr 5.20e-04 2,527,758 pos/s  320s
ep 9 step  49,600/74,928 loss 0.00966 lr 5.13e-04 2,529,281 pos/s  321s
ep 9 step  49,800/74,928 loss 0.00967 lr 5.06e-04 2,530,844 pos/s  322s
ep 9 step  50,000/74,928 loss 0.00971 lr 4.99e-04 2,532,501 pos/s  323s
ep 9 step  50,200/74,928 loss 0.00968 lr 4.92e-04 2,533,747 pos/s  325s
ep 9 step  50,400/74,928 loss 0.00972 lr 4.85e-04 2,534,928 pos/s  326s
ep 9 step  50,600/74,928 loss 0.00971 lr 4.78e-04 2,535,864 pos/s  327s
ep 9 step  50,800/74,928 loss 0.00973 lr 4.71e-04 2,536,980 pos/s  328s
ep 9 step  51,000/74,928 loss 0.00973 lr 4.64e-04 2,538,217 pos/s  329s
ep 9 step  51,200/74,928 loss 0.00974 lr 4.58e-04 2,539,079 pos/s  330s
ep 9 step  51,400/74,928 loss 0.00977 lr 4.51e-04 2,540,141 pos/s  332s
ep 9 step  51,600/74,928 loss 0.00976 lr 4.44e-04 2,541,433 pos/s  333s
ep 9 step  51,800/74,928 loss 0.00980 lr 4.37e-04 2,542,481 pos/s  334s
ep 9 step  52,000/74,928 loss 0.00977 lr 4.31e-04 2,543,170 pos/s  335s
ep 9 step  52,200/74,928 loss 0.00980 lr 4.24e-04 2,544,285 pos/s  336s
ep 9 step  52,400/74,928 loss 0.00979 lr 4.17e-04 2,545,238 pos/s  337s
ep 9 step  52,600/74,928 loss 0.00979 lr 4.11e-04 2,546,128 pos/s  338s
ep 9 step  52,800/74,928 loss 0.00981 lr 4.04e-04 2,547,067 pos/s  340s
ep 9 step  53,000/74,928 loss 0.00980 lr 3.98e-04 2,548,058 pos/s  341s
ep 9 step  53,200/74,928 loss 0.00980 lr 3.91e-04 2,549,066 pos/s  342s
ep 9 step  53,400/74,928 loss 0.00980 lr 3.85e-04 2,550,145 pos/s  343s
== epoch 9 done | val_loss 0.01265 | MAE 125.1 cp | sign 92.3% | 344s
ep 10 step  53,600/74,928 loss 0.00925 lr 3.78e-04 2,516,723 pos/s  349s
ep 10 step  53,800/74,928 loss 0.00924 lr 3.72e-04 2,517,953 pos/s  350s
ep 10 step  54,000/74,928 loss 0.00923 lr 3.65e-04 2,518,845 pos/s  351s
ep 10 step  54,200/74,928 loss 0.00928 lr 3.59e-04 2,519,953 pos/s  352s
ep 10 step  54,400/74,928 loss 0.00931 lr 3.53e-04 2,520,913 pos/s  354s
ep 10 step  54,600/74,928 loss 0.00932 lr 3.46e-04 2,521,502 pos/s  355s
ep 10 step  54,800/74,928 loss 0.00933 lr 3.40e-04 2,522,401 pos/s  356s
ep 10 step  55,000/74,928 loss 0.00934 lr 3.34e-04 2,522,996 pos/s  357s
ep 10 step  55,200/74,928 loss 0.00935 lr 3.28e-04 2,523,671 pos/s  358s
ep 10 step  55,400/74,928 loss 0.00934 lr 3.22e-04 2,524,742 pos/s  360s
ep 10 step  55,600/74,928 loss 0.00937 lr 3.16e-04 2,525,750 pos/s  361s
ep 10 step  55,800/74,928 loss 0.00937 lr 3.10e-04 2,526,537 pos/s  362s
ep 10 step  56,000/74,928 loss 0.00940 lr 3.04e-04 2,527,494 pos/s  363s
ep 10 step  56,200/74,928 loss 0.00942 lr 2.98e-04 2,528,307 pos/s  364s
ep 10 step  56,400/74,928 loss 0.00942 lr 2.92e-04 2,529,188 pos/s  365s
ep 10 step  56,600/74,928 loss 0.00941 lr 2.86e-04 2,529,962 pos/s  367s
ep 10 step  56,800/74,928 loss 0.00942 lr 2.80e-04 2,530,720 pos/s  368s
ep 10 step  57,000/74,928 loss 0.00942 lr 2.75e-04 2,531,672 pos/s  369s
ep 10 step  57,200/74,928 loss 0.00941 lr 2.69e-04 2,532,456 pos/s  370s
ep 10 step  57,400/74,928 loss 0.00942 lr 2.63e-04 2,533,325 pos/s  371s
ep 10 step  57,600/74,928 loss 0.00947 lr 2.58e-04 2,534,126 pos/s  372s
ep 10 step  57,800/74,928 loss 0.00945 lr 2.52e-04 2,535,076 pos/s  374s
ep 10 step  58,000/74,928 loss 0.00946 lr 2.47e-04 2,536,053 pos/s  375s
ep 10 step  58,200/74,928 loss 0.00944 lr 2.41e-04 2,537,034 pos/s  376s
ep 10 step  58,400/74,928 loss 0.00942 lr 2.36e-04 2,537,916 pos/s  377s
ep 10 step  58,600/74,928 loss 0.00944 lr 2.30e-04 2,538,768 pos/s  378s
ep 10 step  58,800/74,928 loss 0.00944 lr 2.25e-04 2,539,363 pos/s  379s
== epoch 10 done | val_loss 0.01263 | MAE 125.3 cp | sign 92.3% | 380s
ep 11 step  59,000/74,928 loss 0.00904 lr 2.20e-04 2,507,583 pos/s  385s
ep 11 step  59,200/74,928 loss 0.00902 lr 2.15e-04 2,508,388 pos/s  387s
ep 11 step  59,400/74,928 loss 0.00903 lr 2.09e-04 2,509,201 pos/s  388s
ep 11 step  59,600/74,928 loss 0.00905 lr 2.04e-04 2,510,045 pos/s  389s
ep 11 step  59,800/74,928 loss 0.00905 lr 1.99e-04 2,510,807 pos/s  390s
ep 11 step  60,000/74,928 loss 0.00906 lr 1.94e-04 2,511,723 pos/s  391s
ep 11 step  60,200/74,928 loss 0.00911 lr 1.89e-04 2,512,651 pos/s  393s
ep 11 step  60,400/74,928 loss 0.00907 lr 1.84e-04 2,513,517 pos/s  394s
ep 11 step  60,600/74,928 loss 0.00906 lr 1.80e-04 2,514,324 pos/s  395s
ep 11 step  60,800/74,928 loss 0.00912 lr 1.75e-04 2,515,291 pos/s  396s
ep 11 step  61,000/74,928 loss 0.00914 lr 1.70e-04 2,516,074 pos/s  397s
ep 11 step  61,200/74,928 loss 0.00913 lr 1.65e-04 2,517,135 pos/s  398s
ep 11 step  61,400/74,928 loss 0.00910 lr 1.61e-04 2,518,017 pos/s  400s
ep 11 step  61,600/74,928 loss 0.00913 lr 1.56e-04 2,518,731 pos/s  401s
ep 11 step  61,800/74,928 loss 0.00915 lr 1.52e-04 2,519,530 pos/s  402s
ep 11 step  62,000/74,928 loss 0.00913 lr 1.47e-04 2,520,379 pos/s  403s
ep 11 step  62,200/74,928 loss 0.00915 lr 1.43e-04 2,521,242 pos/s  404s
ep 11 step  62,400/74,928 loss 0.00915 lr 1.39e-04 2,522,216 pos/s  405s
ep 11 step  62,600/74,928 loss 0.00914 lr 1.34e-04 2,523,142 pos/s  406s
ep 11 step  62,800/74,928 loss 0.00917 lr 1.30e-04 2,524,023 pos/s  408s
ep 11 step  63,000/74,928 loss 0.00914 lr 1.26e-04 2,524,935 pos/s  409s
ep 11 step  63,200/74,928 loss 0.00915 lr 1.22e-04 2,525,796 pos/s  410s
ep 11 step  63,400/74,928 loss 0.00916 lr 1.18e-04 2,526,800 pos/s  411s
ep 11 step  63,600/74,928 loss 0.00914 lr 1.14e-04 2,527,876 pos/s  412s
ep 11 step  63,800/74,928 loss 0.00917 lr 1.10e-04 2,528,727 pos/s  413s
ep 11 step  64,000/74,928 loss 0.00917 lr 1.06e-04 2,529,621 pos/s  415s
ep 11 step  64,200/74,928 loss 0.00917 lr 1.03e-04 2,530,703 pos/s  416s
== epoch 11 done | val_loss 0.01263 | MAE 125.4 cp | sign 92.4% | 416s
ep 12 step  64,400/74,928 loss 0.00885 lr 9.89e-05 2,502,749 pos/s  422s
ep 12 step  64,600/74,928 loss 0.00890 lr 9.52e-05 2,503,537 pos/s  423s
ep 12 step  64,800/74,928 loss 0.00888 lr 9.17e-05 2,504,340 pos/s  424s
ep 12 step  65,000/74,928 loss 0.00892 lr 8.81e-05 2,505,244 pos/s  425s
ep 12 step  65,200/74,928 loss 0.00892 lr 8.47e-05 2,506,120 pos/s  426s
ep 12 step  65,400/74,928 loss 0.00892 lr 8.13e-05 2,506,807 pos/s  427s
ep 12 step  65,600/74,928 loss 0.00890 lr 7.80e-05 2,507,937 pos/s  429s
ep 12 step  65,800/74,928 loss 0.00893 lr 7.47e-05 2,509,083 pos/s  430s
ep 12 step  66,000/74,928 loss 0.00892 lr 7.16e-05 2,510,426 pos/s  431s
ep 12 step  66,200/74,928 loss 0.00893 lr 6.84e-05 2,511,649 pos/s  432s
ep 12 step  66,400/74,928 loss 0.00893 lr 6.54e-05 2,512,839 pos/s  433s
ep 12 step  66,600/74,928 loss 0.00892 lr 6.24e-05 2,513,930 pos/s  434s
ep 12 step  66,800/74,928 loss 0.00896 lr 5.95e-05 2,515,088 pos/s  435s
ep 12 step  67,000/74,928 loss 0.00893 lr 5.66e-05 2,516,165 pos/s  436s
ep 12 step  67,200/74,928 loss 0.00892 lr 5.38e-05 2,517,370 pos/s  437s
ep 12 step  67,400/74,928 loss 0.00895 lr 5.11e-05 2,518,327 pos/s  438s
ep 12 step  67,600/74,928 loss 0.00895 lr 4.85e-05 2,519,359 pos/s  440s
ep 12 step  67,800/74,928 loss 0.00894 lr 4.59e-05 2,520,497 pos/s  441s
ep 12 step  68,000/74,928 loss 0.00896 lr 4.34e-05 2,521,591 pos/s  442s
ep 12 step  68,200/74,928 loss 0.00894 lr 4.09e-05 2,522,724 pos/s  443s
ep 12 step  68,400/74,928 loss 0.00894 lr 3.85e-05 2,523,885 pos/s  444s
ep 12 step  68,600/74,928 loss 0.00897 lr 3.62e-05 2,524,980 pos/s  445s
ep 12 step  68,800/74,928 loss 0.00893 lr 3.40e-05 2,526,013 pos/s  446s
ep 12 step  69,000/74,928 loss 0.00894 lr 3.18e-05 2,527,101 pos/s  447s
ep 12 step  69,200/74,928 loss 0.00891 lr 2.97e-05 2,527,822 pos/s  449s
ep 12 step  69,400/74,928 loss 0.00896 lr 2.77e-05 2,528,879 pos/s  450s
== epoch 12 done | val_loss 0.01266 | MAE 126.4 cp | sign 92.4% | 451s
ep 13 step  69,600/74,928 loss 0.00882 lr 2.57e-05 2,503,510 pos/s  455s
ep 13 step  69,800/74,928 loss 0.00882 lr 2.39e-05 2,504,679 pos/s  457s
ep 13 step  70,000/74,928 loss 0.00883 lr 2.20e-05 2,505,816 pos/s  458s
ep 13 step  70,200/74,928 loss 0.00881 lr 2.03e-05 2,506,522 pos/s  459s
ep 13 step  70,400/74,928 loss 0.00882 lr 1.86e-05 2,505,142 pos/s  460s
ep 13 step  70,600/74,928 loss 0.00882 lr 1.70e-05 2,503,239 pos/s  462s
ep 13 step  70,800/74,928 loss 0.00885 lr 1.55e-05 2,502,581 pos/s  464s
ep 13 step  71,000/74,928 loss 0.00882 lr 1.40e-05 2,500,618 pos/s  465s
ep 13 step  71,200/74,928 loss 0.00884 lr 1.26e-05 2,497,477 pos/s  467s
ep 13 step  71,400/74,928 loss 0.00881 lr 1.13e-05 2,494,475 pos/s  469s
ep 13 step  71,600/74,928 loss 0.00882 lr 1.01e-05 2,491,328 pos/s  471s
ep 13 step  71,800/74,928 loss 0.00883 lr 8.91e-06 2,488,102 pos/s  473s
ep 13 step  72,000/74,928 loss 0.00882 lr 7.81e-06 2,486,418 pos/s  474s
ep 13 step  72,200/74,928 loss 0.00880 lr 6.78e-06 2,482,905 pos/s  476s
ep 13 step  72,400/74,928 loss 0.00882 lr 5.83e-06 2,479,514 pos/s  478s
ep 13 step  72,600/74,928 loss 0.00884 lr 4.94e-06 2,476,511 pos/s  480s
ep 13 step  72,800/74,928 loss 0.00884 lr 4.13e-06 2,472,888 pos/s  482s
ep 13 step  73,000/74,928 loss 0.00884 lr 3.39e-06 2,470,460 pos/s  484s
ep 13 step  73,200/74,928 loss 0.00884 lr 2.73e-06 2,466,370 pos/s  486s
ep 13 step  73,400/74,928 loss 0.00882 lr 2.13e-06 2,463,173 pos/s  488s
ep 13 step  73,600/74,928 loss 0.00884 lr 1.61e-06 2,459,435 pos/s  490s
ep 13 step  73,800/74,928 loss 0.00882 lr 1.16e-06 2,454,877 pos/s  493s
ep 13 step  74,000/74,928 loss 0.00883 lr 7.90e-07 2,450,980 pos/s  495s
ep 13 step  74,200/74,928 loss 0.00886 lr 4.88e-07 2,448,047 pos/s  497s
ep 13 step  74,400/74,928 loss 0.00886 lr 2.59e-07 2,444,495 pos/s  499s
ep 13 step  74,600/74,928 loss 0.00883 lr 1.04e-07 2,441,157 pos/s  501s
ep 13 step  74,800/74,928 loss 0.00883 lr 2.07e-08 2,437,476 pos/s  503s
== epoch 13 done | val_loss 0.01267 | MAE 126.3 cp | sign 92.4% | 504s

best val_loss 0.01263; checkpoints in runs/pilot90/
