AI CHESSATHON MATCH LOG
=======================

MATCH
  Round          Rated 75
  Team           2 Pawns and a Queen
  Colour         Black
  Opponent       Brokefish
  Opening        French Tarrasch
  Start FEN      r1bqkbnr/pp3ppp/2n5/2pp4/3P4/P4N2/1PPN1PPP/R1BQKB1R b KQkq - 2 6
  You moved      First
  Machine        w-de0e76
  Finished       2026-09-08 21:28:24 UTC
  Match ID       54608d35-9c4f-4650-a679-f72ecb9d1f20

INIT
  Ready in       1.4 s
  Budget         90.0 s
  Used           2 percent

CLOCK
  Base           120.0 s plus 0.5 s per move
  Moves          82
  Time used      149.0 s
  Slowest        9.3 s on move 15
  Fastest        0.0 s on move 81
  Average        1.8 s
  Left at end    12.0 s

RESULT
  Won by checkmate
  Game lasted 303.2 s

MOVES
    #  move          time     clock left
    1  Nxd4          4.8 s      115.7 s
    2  cxd4          2.7 s      113.6 s
    3  Bd6           4.2 s      109.9 s
    4  Nf6           4.8 s      105.6 s
    5  O-O           4.7 s      101.4 s
    6  Qa5+          4.7 s       97.2 s
    7  Qd8           4.5 s       93.2 s
    8  Be5           3.7 s       90.0 s
    9  Qd6           5.3 s       85.2 s
   10  gxf6          4.2 s       81.6 s
   11  Be6           1.7 s       80.4 s
   12  Qb6           2.4 s       78.4 s
   13  Rfc8          2.3 s       76.6 s
   14  Bd6           2.5 s       74.6 s
   15  Re8           9.3 s       65.8 s
   16  Bf8           8.3 s       58.0 s
   17  Bd7           3.9 s       54.7 s
   18  Rad8          2.1 s       53.0 s
   19  Bh6+          5.3 s       48.2 s
   20  Re3           1.0 s       47.7 s
   21  Bg7           5.8 s       42.4 s
   22  Rxe1          1.0 s       41.9 s
   23  Qc7           1.0 s       41.4 s
   24  Rc8           2.0 s       39.9 s
   25  Bxb5          4.6 s       35.8 s
   26  Qc6           0.7 s       35.6 s
   27  Qg2+          4.4 s       31.7 s
   28  Qd5           1.0 s       31.2 s
   29  h6            0.7 s       31.0 s
   30  Qg2+          1.8 s       29.7 s
   31  Qxe2+         3.7 s       26.5 s
   32  Rb8           1.4 s       25.6 s
   33  Bf8           1.5 s       24.6 s
   34  a6            0.6 s       24.5 s
   35  Bg7           3.1 s       21.9 s
   36  Re8           1.0 s       21.4 s
   37  Re2+          0.9 s       21.1 s
   38  Rg2           0.7 s       20.8 s
   39  Rf2           2.2 s       19.1 s
   40  Bxf6          1.0 s       18.7 s
   41  h5            0.4 s       18.8 s
   42  Rxf5          1.3 s       17.9 s
   43  Rf3           0.6 s       17.9 s
   44  Rxg3          1.5 s       16.8 s
   45  Rg4           0.4 s       16.9 s
   46  Rxh4          1.4 s       16.0 s
   47  Rh1           0.8 s       15.7 s
   48  h4            2.0 s       14.2 s
   49  h3            1.8 s       12.9 s
   50  Kg7           0.5 s       12.9 s
   51  h2            1.2 s       12.1 s
   52  Rc1           0.4 s       12.2 s
   53  h1=Q          0.3 s       12.4 s
   54  Qxc6+         0.2 s       12.7 s
   55  Qd5+          1.1 s       12.2 s
   56  Rc4+          0.3 s       12.4 s
   57  Rc8+          1.2 s       11.6 s
   58  Rxb8+         0.7 s       11.5 s
   59  Qe5+          0.6 s       11.4 s
   60  Qxb8          0.6 s       11.2 s
   61  Qb1           1.1 s       10.7 s
   62  Kg8           0.7 s       10.5 s
   63  Qb2           0.6 s       10.4 s
   64  Kh8           0.5 s       10.4 s
   65  Qb3           0.5 s       10.4 s
   66  Kg8           0.4 s       10.5 s
   67  Qb8           0.5 s       10.5 s
   68  Qb2           0.5 s       10.5 s
   69  Qc3+          0.3 s       10.7 s
   70  Qb4+          0.4 s       10.8 s
   71  Qc5+          0.7 s       10.6 s
   72  Qb6           1.3 s        9.8 s
   73  Qxa6          0.3 s        9.9 s
   74  Qc4           0.4 s       10.0 s
   75  Qe6+          0.5 s       10.0 s
   76  Qc6           0.3 s       10.3 s
   77  f5            0.2 s       10.6 s
   78  f4            0.3 s       10.7 s
   79  f3            0.3 s       10.9 s
   80  f2            0.4 s       11.0 s
   81  f1=Q          0.0 s       11.5 s
   82  Qf8#          0.0 s       12.0 s

OUTPUT
  8,215 bytes on stderr

  d5 score +80 move c6d4 nodes 128891 nps 27022 4770ms soft 5200 hard 15000 clock 120000 tt 3756 cut 3936 contempt +0 peakrss 21MB
  d5 score +55 move c5d4 nodes 84901 nps 32044 2650ms soft 5029 hard 14466 clock 115728 tt 6518 cut 2828 contempt +50 peakrss 22MB
  d5 score +15 move f8d6 nodes 112910 nps 27014 4180ms soft 4943 hard 14197 clock 113578 tt 10174 cut 3581 contempt +0 peakrss 24MB
  d5 score +15 move g8f6 nodes 136645 nps 28255 4836ms soft 4796 hard 13737 clock 109897 tt 14564 cut 4352 contempt +0 peakrss 26MB
  d5 score +25 move e8g8 nodes 134995 nps 28728 4699ms soft 4622 hard 13195 clock 105559 tt 18394 cut 3950 contempt +0 peakrss 28MB
  d5 score +25 move d8a5 nodes 129160 nps 27573 4684ms soft 4454 hard 12670 clock 101359 tt 21358 cut 3009 contempt +0 peakrss 29MB
  d5 score +20 move a5d8 nodes 110492 nps 24511 4508ms soft 4287 hard 12147 clock 97174 tt 26146 cut 4850 contempt +0 peakrss 32MB
  d5 score +30 move d6e5 nodes 98927 nps 26900 3678ms soft 4127 hard 11646 clock 93165 tt 30451 cut 4537 contempt +0 peakrss 34MB
  d5 score +55 move d8d6 nodes 131362 nps 25019 5251ms soft 3999 hard 11248 clock 89986 tt 36873 cut 6488 contempt +0 peakrss 37MB
  d5 score +50 move g7f6 nodes 110515 nps 26620 4152ms soft 3809 hard 10654 clock 85234 tt 42480 cut 5752 contempt +50 peakrss 39MB
  d4 score +40 move c8e6 nodes 38021 nps 22335 1702ms soft 3663 hard 10198 clock 81582 tt 43734 cut 1218 contempt +0 peakrss 42MB
  d4 score +50 move d6b6 nodes 54313 nps 22223 2444ms soft 3615 hard 10047 clock 80378 tt 45337 cut 1509 contempt +0 peakrss 42MB
  d4 score +45 move f8c8 nodes 51106 nps 21849 2339ms soft 3537 hard 9804 clock 78433 tt 46997 cut 1613 contempt +0 peakrss 42MB
  d4 score +45 move e5d6 nodes 57212 nps 23314 2454ms soft 3464 hard 9574 clock 76593 tt 48438 cut 1416 contempt +0 peakrss 43MB
  d4 score +70 move c8e8 from partial d5 nodes 205824 nps 22029 9343ms soft 3386 hard 9330 clock 74638 tt 53767 cut 5188 contempt +0 peakrss 45MB
  d4 score +45 move d6f8 from partial d5 nodes 168960 nps 20451 8262ms soft 3032 hard 8224 clock 65793 tt 58110 cut 4415 contempt +0 peakrss 47MB
  d5 score -65 move e6d7 nodes 93191 nps 24126 3863ms soft 2721 hard 7254 clock 58030 tt 61266 cut 3403 contempt +0 peakrss 48MB
  d4 score -65 move a8d8 nodes 47589 nps 22376 2127ms soft 2587 hard 6833 clock 54666 tt 63385 cut 2096 contempt +0 peakrss 49MB
  d5 score -60 move f8h6 nodes 149127 nps 28045 5317ms soft 2522 hard 6630 clock 53038 tt 66447 cut 3157 contempt +0 peakrss 51MB
  d4 score -65 move e8e3 nodes 21135 nps 20998 1007ms soft 2329 hard 6027 clock 48219 tt 67794 cut 1384 contempt +0 peakrss 51MB
  d5 score -70 move h6g7 nodes 130351 nps 22585 5771ms soft 2308 hard 5964 clock 47711 tt 71216 cut 3243 contempt +0 peakrss 53MB
  d4 score -75 move e3e1 nodes 21642 nps 21055 1028ms soft 2098 hard 5305 clock 42439 tt 72370 cut 1185 contempt +0 peakrss 53MB
  d4 score -85 move b6c7 nodes 26888 nps 26826 1002ms soft 2076 hard 5239 clock 41910 tt 73549 cut 1109 contempt +0 peakrss 54MB
  d5 score -50 move d8c8 nodes 57597 nps 29358 1962ms soft 2056 hard 5176 clock 41406 tt 77308 cut 3761 contempt +0 peakrss 55MB
  d6 score -60 move d7b5 nodes 129702 nps 27962 4638ms soft 1998 hard 4993 clock 39943 tt 86603 cut 10157 contempt +0 peakrss 59MB
  d5 score -55 move c7c6 nodes 19828 nps 27020 734ms soft 1832 hard 4476 clock 35804 tt 87745 cut 1212 contempt +0 peakrss 65MB
  d6 score -85 move c6g2 nodes 108354 nps 24849 4360ms soft 1823 hard 4446 clock 35569 tt 95765 cut 8459 contempt +0 peakrss 66MB
  d5 score -80 move g2d5 nodes 27574 nps 26621 1036ms soft 1668 hard 3963 clock 31707 tt 97199 cut 1505 contempt +0 peakrss 66MB
  d4 score -85 move h7h6 nodes 17166 nps 25494 673ms soft 1647 hard 3896 clock 31170 tt 98292 cut 1118 contempt +0 peakrss 67MB
  d5 score -75 move d5g2 nodes 54839 nps 31002 1769ms soft 1640 hard 3874 clock 30995 tt 100246 cut 2072 contempt +0 peakrss 68MB
  d5 score -90 move g2e2 from partial d6 nodes 123904 nps 33192 3733ms soft 1589 hard 3716 clock 29725 tt 108273 cut 7239 contempt +0 peakrss 71MB
  d6 score -100 move c8b8 nodes 47671 nps 35033 1361ms soft 1460 hard 3311 cloc
  [2,396 bytes dropped]
  e +60 move h3h2 nodes 57719 nps 47010 1228ms soft 915 hard 1608 clock 12868 tt 177195 cut 3764 contempt +0 peakrss 110MB
  d6 score +60 move h1c1 nodes 13431 nps 34375 391ms soft 886 hard 1517 clock 12139 tt 178862 cut 1842 contempt +0 peakrss 110MB
  d5 score +80 move h2h1q nodes 14959 nps 49400 303ms soft 890 hard 1531 clock 12247 tt 179322 cut 501 contempt +0 peakrss 110MB
  d4 score +70 move h1c6 nodes 5352 nps 26125 205ms soft 898 hard 1555 clock 12443 tt 180052 cut 758 contempt +0 peakrss 110MB
  d5 score +160 move c6d5 nodes 52030 nps 48452 1074ms soft 909 hard 1592 clock 12737 tt 181705 cut 1622 contempt +0 peakrss 110MB
  d4 score +495 move c1c4 nodes 5099 nps 17211 296ms soft 886 hard 1520 clock 12162 tt 182609 cut 954 contempt +0 peakrss 110MB
  d5 score +665 move c4c8 nodes 57264 nps 46881 1221ms soft 895 hard 1546 clock 12365 tt 184504 cut 2002 contempt +0 peakrss 110MB
  d5 score +895 move c8b8 nodes 33358 nps 48652 686ms soft 866 hard 1455 clock 11642 tt 185903 cut 1592 contempt +0 peakrss 110MB
  d5 score +910 move d5e5 nodes 32878 nps 54623 602ms soft 858 hard 1432 clock 11456 tt 186642 cut 1027 contempt -50 peakrss 110MB
  d5 score +955 move e5b8 nodes 33696 nps 54025 624ms soft 854 hard 1419 clock 11353 tt 187720 cut 1179 contempt -50 peakrss 111MB
  d5 score +970 move b8b1 nodes 61176 nps 57249 1069ms soft 849 hard 1404 clock 11228 tt 189196 cut 1706 contempt -50 peakrss 111MB
  d5 score +975 move g7g8 nodes 36777 nps 52709 698ms soft 826 hard 1332 clock 10659 tt 190352 cut 1232 contempt -50 peakrss 112MB
  d5 score +980 move b1b2 nodes 31895 nps 53710 594ms soft 818 hard 1308 clock 10460 tt 191170 cut 967 contempt -50 peakrss 112MB
  d5 score +980 move g8h8 nodes 27973 nps 54489 513ms soft 815 hard 1296 clock 10365 tt 192075 cut 1092 contempt -50 peakrss 112MB
  d5 score +975 move b2b3 nodes 26488 nps 55931 474ms soft 814 hard 1294 clock 10350 tt 192907 cut 958 contempt -50 peakrss 113MB
  d5 score +975 move h8g8 nodes 22130 nps 53891 411ms soft 815 hard 1297 clock 10375 tt 193639 cut 817 contempt -50 peakrss 113MB
  d5 score +975 move b3b8 nodes 25086 nps 52676 476ms soft 819 hard 1308 clock 10464 tt 194602 cut 1065 contempt -50 peakrss 114MB
  d5 score +975 move b8b2 nodes 25869 nps 51674 501ms soft 819 hard 1311 clock 10486 tt 195366 cut 933 contempt -50 peakrss 114MB
  d5 score +965 move b2c3 nodes 15903 nps 53387 298ms soft 819 hard 1311 clock 10485 tt 195837 cut 624 contempt -50 peakrss 114MB
  d5 score +975 move c3b4 nodes 23023 nps 56780 405ms soft 827 hard 1336 clock 10685 tt 196742 cut 1096 contempt -50 peakrss 114MB
  d6 score +1070 move b4c5 nodes 31073 nps 46769 664ms soft 831 hard 1347 clock 10779 tt 199712 cut 3609 contempt -50 peakrss 116MB
  d6 score +1080 move c5b6 from partial d7 nodes 76800 nps 57178 1343ms soft 825 hard 1327 clock 10613 tt 203692 cut 4743 contempt -50 peakrss 118MB
  d5 score +1095 move b6a6 nodes 20194 nps 61782 327ms soft 791 hard 1221 clock 9769 tt 204230 cut 665 contempt -50 peakrss 118MB
  d5 score +1095 move a6c4 nodes 28033 nps 65520 428ms soft 798 hard 1243 clock 9941 tt 204937 cut 933 contempt -50 peakrss 118MB
  d5 score +1095 move c4e6 nodes 30768 nps 66427 463ms soft 800 hard 1252 clock 10012 tt 205490 cut 855 contempt -50 peakrss 118MB
  d5 score +1095 move e6c6 nodes 18221 nps 64139 284ms soft 802 hard 1256 clock 10047 tt 205927 cut 649 contempt -50 peakrss 119MB
  d5 score +1105 move f7f5 nodes 13290 nps 66684 199ms soft 810 hard 1283 clock 10262 tt 206146 cut 409 contempt -50 peakrss 119MB
  d5 score +1135 move f5f4 nodes 23002 nps 66325 347ms soft 822 hard 1320 clock 10561 tt 206751 cut 865 contempt -50 peakrss 119MB
  d5 score +1875 move f4f3 nodes 21712 nps 65977 329ms soft 829 hard 1339 clock 10713 tt 207355 cut 764 contempt -50 peakrss 119MB
  d5 score +999995 move f3f2 nodes 25785 nps 66844 386ms soft 835 hard 1360 clock 10883 tt 207917 cut 805 contempt -50 peakrss 119MB
  d2 score +999997 move f2f1q nodes 115 3ms soft 840 hard 1374 clock 10996 tt 207917 cut 0 contempt -50 peakrss 119MB
  d1 score +999999 move f1f8 nodes 113 2ms soft 860 hard 1437 clock 11493 tt 207917 cut 0 contempt -50 peakrss 119MB

Email hello@aichessathon.com with this file if anything here is unclear.
