AI CHESSATHON MATCH LOG
=======================

MATCH
  Round          Rated 81
  Team           2 Pawns and a Queen
  Colour         Black
  Opponent       Team Anay
  Opening        Queen's Indian Defence
  Start FEN      rn1qk2r/pbppbppp/1p2pn2/8/2PP1B2/5NP1/PP2PPBP/RN1QK2R b KQkq - 4 6
  You moved      First
  Machine        w-d8f704
  Finished       2026-09-09 12:16:51 UTC
  Match ID       9ac9459b-4ece-493f-bbb3-96da8b1e5558

INIT
  Ready in       10.5 s
  Budget         90.0 s
  Used           12 percent

CLOCK
  Base           120.0 s plus 0.5 s per move
  Moves          25
  Time used      110.6 s
  Slowest        13.5 s on move 1
  Fastest        0.8 s on move 21
  Average        4.4 s
  Left at end    21.9 s

RESULT
  Lost by checkmate
  Game lasted 172.0 s

MOVES
    #  move          time     clock left
    1  d5           13.5 s      107.0 s
    2  Nbd7          8.6 s       98.9 s
    3  Bb4           8.0 s       91.4 s
    4  Bxc3          4.8 s       87.1 s
    5  Nxe5         10.9 s       76.8 s
    6  Ne4           2.1 s       75.1 s
    7  O-O           1.7 s       73.9 s
    8  Qxd5          6.2 s       68.2 s
    9  Qc6           1.3 s       67.4 s
   10  Qxc3          6.6 s       61.4 s
   11  Qxd4          1.1 s       60.8 s
   12  Rab8          3.9 s       57.4 s
   13  Qb2           3.8 s       54.1 s
   14  Qxa2          3.7 s       51.0 s
   15  a5            5.4 s       46.0 s
   16  g6            5.8 s       40.8 s
   17  a4            3.2 s       38.1 s
   18  b5            4.8 s       33.8 s
   19  Qb2           3.6 s       30.7 s
   20  Qxe5          3.8 s       27.4 s
   21  f6            0.8 s       27.1 s
   22  Rf7           2.4 s       25.2 s
   23  Rf8           1.7 s       23.9 s
   24  Kh8           1.4 s       23.1 s
   25  h5            1.7 s       21.9 s

OUTPUT
  3,800 bytes on stderr

  d6 score +0 move b1c3 nodes 72365 nps 1254469 58ms soft 125 hard 125 clock 1000 tt 47% cut 6751 null 0 contempt +0 peakrss 247MB
  numba engine ready: compiled fasteval 1.2s + fastsearch 5.3s, first search 60ms, rss 247MB
  d8 score +0 move d7d5 nodes 16568493 nps 1228455 13487ms soft 5200 hard 15000 clock 120000 tt 33% cut 1128228 null 0 contempt +0 peakrss 247MB
  d8 score +11 move b8d7 nodes 10185429 nps 1186749 8583ms soft 4680 hard 13376 clock 107010 tt 37% cut 700527 null 0 contempt +0 peakrss 248MB
  d8 score -1 move e7b4 nodes 10632673 nps 1330038 7994ms soft 4357 hard 12366 clock 98924 tt 37% cut 627208 null 0 contempt +0 peakrss 248MB
  d8 score +13 move b4c3 nodes 6144882 nps 1286047 4778ms soft 4057 hard 11428 clock 91427 tt 40% cut 467925 null 0 contempt +0 peakrss 248MB
  d8 score +5 move d7e5 from partial d9 nodes 16164864 nps 1483867 10894ms soft 3886 hard 10893 clock 87147 tt 41% cut 995565 null 0 contempt +0 peakrss 248MB
  d8 score +6 move f6e4 nodes 2957501 nps 1384687 2136ms soft 3470 hard 9594 clock 76750 tt 46% cut 205492 null 0 contempt +0 peakrss 248MB
  d7 score +4 move e8g8 nodes 2364732 nps 1370693 1725ms soft 3404 hard 9389 clock 75112 tt 43% cut 96377 null 0 contempt +0 peakrss 248MB
  d8 score -65 move d8d5 nodes 8546898 nps 1377092 6206ms soft 3355 hard 9236 clock 73884 tt 35% cut 591658 null 0 contempt +0 peakrss 248MB
  d7 score -148 move d5c6 nodes 1708133 nps 1357642 1258ms soft 3127 hard 8522 clock 68175 tt 40% cut 75856 null 0 contempt +0 peakrss 248MB
  d9 score -135 move c6c3 nodes 9267029 nps 1413783 6555ms soft 3097 hard 8427 clock 67414 tt 49% cut 705653 null 0 contempt +0 peakrss 248MB
  d8 score -153 move c3d4 nodes 1255567 nps 1179248 1065ms soft 2854 hard 7670 clock 61357 tt 44% cut 128493 null 0 contempt +50 peakrss 248MB
  d8 score -124 move a8b8 nodes 5934477 nps 1534232 3868ms soft 2832 hard 7599 clock 60790 tt 33% cut 370583 null 0 contempt +0 peakrss 248MB
  d8 score -111 move d4b2 nodes 4730762 nps 1249240 3787ms soft 2697 hard 7178 clock 57420 tt 35% cut 353337 null 0 contempt +50 peakrss 248MB
  d8 score -94 move b2a2 nodes 4946623 nps 1350700 3662ms soft 2565 hard 6766 clock 54130 tt 36% cut 329315 null 0 contempt +50 peakrss 248MB
  d8 score -74 move a7a5 nodes 7752999 nps 1431546 5416ms soft 2439 hard 6371 clock 50965 tt 34% cut 425440 null 0 contempt +0 peakrss 248MB
  d8 score -59 move g7g6 from partial d9 nodes 6845440 nps 1189236 5756ms soft 2242 hard 5756 clock 46047 tt 39% cut 575885 null 0 contempt +0 peakrss 248MB
  d8 score -43 move a5a4 nodes 4976422 nps 1559177 3192ms soft 2032 hard 5098 clock 40788 tt 35% cut 254082 null 0 contempt +0 peakrss 248MB
  d7 score -31 move b6b5 from partial d8 nodes 9124864 nps 1916189 4762ms soft 1924 hard 4761 clock 38091 tt 27% cut 307356 null 0 contempt +0 peakrss 248MB
  d8 score -1296 move a2b2 nodes 6525025 nps 1797951 3629ms soft 1753 hard 4228 clock 33827 tt 31% cut 212739 null 0 contempt +0 peakrss 248MB
  d8 score -999990 move b2e5 from partial d9 nodes 4195328 nps 1093344 3837ms soft 1628 hard 3837 clock 30695 tt 35% cut 496411 null 0 contempt +0 peakrss 248MB
  d8 score -999992 move f7f6 nodes 1910219 nps 2415568 791ms soft 1494 hard 3419 clock 27355 tt 57% cut 33031 null 0 contempt +50 peakrss 248MB
  d8 score -999994 move f8f7 nodes 5243223 nps 2194005 2390ms soft 1483 hard 3383 clock 27063 tt 55% cut 131397 null 0 contempt +50 peakrss 248MB
  d8 score -999994 move b8f8 nodes 3599715 nps 2085063 1726ms soft 1407 hard 3146 clock 25170 tt 55% cut 98732 null 0 contempt +50 peakrss 248MB
  d8 score -999996 move g8h8 nodes 2813136 nps 2081991 1351ms soft 1358 hard 2993 clock 23941 tt 56% cut 77015 null 0 contempt +50 peakrss 248MB
  d8 score -999998 move h7h5 nodes 3428322 nps 2015827 1701ms soft 1323 hard 2886 clock 23087 tt 56% cut 77401 null 0 contempt +50 peakrss 248MB

Email hello@aichessathon.com with this file if anything here is unclear.
