AI CHESSATHON MATCH LOG
=======================

MATCH
  Round          Rated 80
  Team           2 Pawns and a Queen
  Colour         White
  Opponent       Milan
  Opening        Scotch Game
  Start FEN      r1bqkb1r/ppp2ppp/2n2n2/3p4/3NP3/5P2/PPP3PP/RNBQKB1R w KQkq - 0 6
  You moved      First
  Machine        w-32eea9
  Finished       2026-09-09 11:22:48 UTC
  Match ID       e4b21a7d-0c27-44d2-a813-a9363bead50d

INIT
  Ready in       10.6 s
  Budget         90.0 s
  Used           12 percent

CLOCK
  Base           120.0 s plus 0.5 s per move
  Moves          42
  Time used      123.9 s
  Slowest        11.4 s on move 7
  Fastest        0.0 s on move 41
  Average        3.0 s
  Left at end    17.1 s

RESULT
  Won by checkmate
  Game lasted 240.8 s

MOVES
    #  move          time     clock left
    1  Nxc6          3.9 s      116.6 s
    2  Nc3           5.8 s      111.3 s
    3  exd5         10.5 s      101.3 s
    4  Bg5           8.0 s       93.7 s
    5  Qe2+          1.7 s       92.5 s
    6  O-O-O         1.5 s       91.6 s
    7  Kb1          11.4 s       80.6 s
    8  a3            2.4 s       78.7 s
    9  Qd2           1.5 s       77.7 s
   10  Bxf6          9.7 s       68.5 s
   11  Bd3           2.8 s       66.2 s
   12  Ne2           2.7 s       64.0 s
   13  f4            2.9 s       61.6 s
   14  c3            7.7 s       54.4 s
   15  Qc2           5.7 s       49.2 s
   16  g4            6.1 s       43.5 s
   17  f5            5.4 s       38.6 s
   18  Rhg1          4.8 s       34.3 s
   19  h3            0.6 s       34.2 s
   20  Ka1           4.3 s       30.4 s
   21  Rg2           0.6 s       30.2 s
   22  fxe6          0.7 s       30.0 s
   23  Bg6           0.8 s       29.7 s
   24  Rh1           0.6 s       29.7 s
   25  Rxg3          0.6 s       29.6 s
   26  Bxh5          1.9 s       28.3 s
   27  Rf1           0.8 s       28.0 s
   28  Rxf8+         3.5 s       25.0 s
   29  Qg6           1.3 s       24.2 s
   30  Qe6           2.4 s       22.3 s
   31  Qf6+          1.0 s       21.8 s
   32  Qd8+          2.1 s       20.2 s
   33  Qxa5          0.6 s       20.1 s
   34  Qa8+          0.4 s       20.2 s
   35  Qxc6          2.5 s       18.2 s
   36  Bf7           2.3 s       16.4 s
   37  Rg6           0.3 s       16.6 s
   38  Qf3           1.2 s       15.9 s
   39  Bxg8          0.8 s       15.6 s
   40  Nxc3          0.0 s       16.1 s
   41  Qf6           0.0 s       16.6 s
   42  Qxg7#         0.0 s       17.1 s

OUTPUT
  6,181 bytes on stderr

  d6 score +0 move b1c3 nodes 72365 nps 1515063 48ms soft 125 hard 125 clock 1000 tt 47% cut 6751 null 0 contempt +0 peakrss 248MB
  numba engine ready: compiled fasteval 1.2s + fastsearch 5.5s, first search 50ms, rss 248MB
  d8 score -3 move d4c6 nodes 4487065 nps 1158580 3873ms soft 5200 hard 15000 clock 120000 tt 45% cut 357376 null 0 contempt +0 peakrss 248MB
  d8 score -5 move b1c3 nodes 6557961 nps 1123986 5835ms soft 5065 hard 14578 clock 116625 tt 36% cut 422742 null 0 contempt +0 peakrss 248MB
  d8 score +1 move e4d5 nodes 11895410 nps 1132042 10508ms soft 4851 hard 13911 clock 111287 tt 34% cut 723946 null 0 contempt +0 peakrss 248MB
  d8 score -15 move c1g5 nodes 9198304 nps 1144950 8034ms soft 4451 hard 12660 clock 101277 tt 30% cut 539192 null 0 contempt +0 peakrss 248MB
  d7 score +1 move d1e2 nodes 2902497 nps 1715418 1692ms soft 4150 hard 11718 clock 93740 tt 39% cut 82164 null 0 contempt +0 peakrss 248MB
  d6 score -28 move e1c1 nodes 1506732 nps 1022661 1473ms soft 4102 hard 11568 clock 92545 tt 25% cut 58551 null 0 contempt +0 peakrss 248MB
  d7 score -1 move c1b1 from partial d8 nodes 14512128 nps 1267795 11447ms soft 4063 hard 11446 clock 91569 tt 31% cut 651076 null 0 contempt +0 peakrss 248MB
  d7 score -5 move a2a3 nodes 3843303 nps 1585745 2424ms soft 3625 hard 10078 clock 80620 tt 42% cut 92015 null 0 contempt +0 peakrss 248MB
  d6 score +34 move e2d2 nodes 1909326 nps 1311275 1456ms soft 3548 hard 9837 clock 78693 tt 24% cut 63209 null 0 contempt +0 peakrss 248MB
  d7 score +47 move g5f6 from partial d8 nodes 12443648 nps 1280503 9718ms soft 3509 hard 9717 clock 77735 tt 33% cut 527091 null 0 contempt +0 peakrss 248MB
  d7 score +47 move f1d3 nodes 4135254 nps 1490647 2774ms soft 3141 hard 8564 clock 68515 tt 35% cut 101885 null 0 contempt +0 peakrss 248MB
  d7 score +60 move c3e2 nodes 4052471 nps 1490545 2719ms soft 3050 hard 8280 clock 66238 tt 37% cut 119859 null 0 contempt +0 peakrss 248MB
  d7 score +58 move f3f4 nodes 4083886 nps 1410670 2895ms soft 2961 hard 8002 clock 64017 tt 36% cut 157288 null 0 contempt +0 peakrss 248MB
  d7 score +61 move c2c3 from partial d8 nodes 9741312 nps 1264615 7703ms soft 2865 hard 7702 clock 61620 tt 28% cut 581486 null 0 contempt +0 peakrss 248MB
  d8 score +76 move d2c2 nodes 7179740 nps 1250507 5741ms soft 2577 hard 6802 clock 54414 tt 38% cut 445877 null 0 contempt +0 peakrss 248MB
  d7 score +86 move g2g4 from partial d8 nodes 7719793 nps 1255931 6147ms soft 2367 hard 6146 clock 49170 tt 35% cut 356698 null 0 contempt +0 peakrss 248MB
  d7 score +131 move f4f5 from partial d8 nodes 6077440 nps 1117085 5440ms soft 2141 hard 5440 clock 43522 tt 34% cut 361748 null 0 contempt +50 peakrss 248MB
  d7 score +138 move h1g1 from partial d8 nodes 5639168 nps 1169294 4823ms soft 1943 hard 4822 clock 38578 tt 34% cut 267858 null 0 contempt +50 peakrss 248MB
  d7 score +207 move h2h3 nodes 843323 nps 1436363 587ms soft 1770 hard 4282 clock 34253 tt 54% cut 37959 null 0 contempt +0 peakrss 248MB
  d7 score +127 move b1a1 from partial d8 nodes 4950016 nps 1158894 4271ms soft 1767 hard 4270 clock 34164 tt 42% cut 310445 null 0 contempt +0 peakrss 248MB
  d7 score +199 move g1g2 nodes 1015175 nps 1571008 646ms soft 1616 hard 3799 clock 30390 tt 57% cut 39030 null 0 contempt +50 peakrss 248MB
  d6 score +212 move f5e6 nodes 785550 nps 1133268 693ms soft 1610 hard 3780 clock 30241 tt 22% cut 42200 null 0 contempt +50 peakrss 248MB
  d6 score +240 move d3g6 nodes 924249 nps 1142344 809ms soft 1602 hard 3756 clock 30045 tt 21% cut 45481 null 0 contempt +0 peakrss 248MB
  d6 score +244 move d1h1 nodes 751714 nps 1364331 551ms soft 1589 hard 3717 clock 29733 tt 30% cut 45223 null 0 contempt +0 peakrss 248MB
  d6 score +307 move g2g3 nodes 604117 nps 1093197 553ms soft 1587 hard 3710 clock 29680 tt 26% cut 35348 null 0 contempt +0 peakrss 248MB
  d7 score +339 move g6h5 nodes 2855861 nps 1531885 1864ms soft 1585 hard 3703 clock 29625 tt 40% cut 116013 null 0 contempt -50 peakrss 248MB
  d6 score +325 move h1f1 nodes 823522 nps 1045486 788ms soft 1530 hard 3532 clock 28259 tt 22% cut 58174 null 0 contempt -50 peakrss 248MB
  d7 score +338 move f1f8 from partial d8 nodes 3777536 nps 1080307 3497ms soft 1519 hard 3496 clock 27968 tt 32% cut 360161 null 0 contempt -50 peakrss 248MB
  d7 score +410 move c2g6 nodes 2067274 nps 1642636 1259ms soft 1399 hard 3121 clock 24965 tt 38% cut 71620 null 0 contempt -50 peakrss 248MB
  d8 score +786 move g6e6 nodes 2754785 nps 1152090 2391ms soft 1368 hard 3026 clock 24204 tt 36% cut 294060 null 0 contempt -50 peakrss 248MB
  d7 score +892 move e6f6 nodes 1778168 nps 1847072 963ms soft 1292 hard 2789 clock 22311 tt 49% cut 37264 null 0 contempt -50 peakrss 248MB
  d8 score +884 move f6d8 nodes 2316892 nps 1102314 2102ms soft 1274 hard 2731 clock 21846 tt 38% cut 274353 null 0 contempt -50 peakrss 248MB
  d7 score +901 move d8a5 nodes 1128965 nps 1861835 606ms soft 1210 hard 2530 clock 20242 tt 55% cut 24373 null 0 contempt -50 peakrss 248MB
  d6 score +911 move a5a8 nodes 518458 nps 1237365 419ms soft 1205 hard 2517 clock 20133 tt 27% cut 36322 null 0 contempt -50 peakrss 248MB
  d7 score +1033 move a8c6 from partial d8 nodes 3206144 nps 1268690 2527ms soft 1208 hard 2526 clock 20212 tt 39% cut 244372 null 0 contempt -50 peakrss 248MB
  d6 score +1049 move h5f7 from partial d7 nodes 3793920 nps 1668941 2273ms soft 1127 hard 2273 clock 18182 tt 42% cut 97253 null 0 contempt -50 peakrss 248MB
  d6 score +1076 move g3g6 nodes 300183 nps 1029068 292ms soft 1056 hard 2051 clock 16407 tt 35% cut 39105 null 0 contempt -50 peakrss 248MB
  d7 score +1229 move c6f3 nodes 1817050 nps 1550594 1172ms soft 1065 hard 2077 clock 16613 tt 56% cut 62188 null 0 contempt -50 peakrss 248MB
  d7 score +999993 move f7g8 nodes 1466954 nps 1763840 832ms soft 1038 hard 1992 clock 15939 tt 63% cut 65705 null 0 contempt -50 peakrss 248MB
  d4 score +999995 move e2c3 nodes 5457 4ms soft 1024 hard 1951 clock 15605 tt 96% cut 171 null 0 contempt -50 peakrss 248MB
  d2 score +999997 move f3f6 nodes 282 1ms soft 1044 hard 2012 clock 16099 tt 98% cut 2 null 0 contempt -50 peakrss 248MB
  d1 score +999999 move f6g7 nodes 88 1ms soft 1064 hard 2074 clock 16596 tt - cut 0 null 0 contempt -50 peakrss 248MB

Email hello@aichessathon.com with this file if anything here is unclear.
