AI CHESSATHON MATCH LOG
=======================

MATCH
  Round          Rated 94
  Team           2 Pawns and a Queen
  Colour         Black
  Opponent       Matrix
  Opening        Caro-Kann Exchange
  Start FEN      r2qkb1r/pp2pppp/2n2n2/3p4/3P1Bb1/1QPB4/PP3PPP/RN2K1NR b KQkq - 4 7
  You moved      First
  Machine        w-d5eece
  Finished       2026-09-10 10:19:12 UTC
  Match ID       2f8acc17-7068-47cd-89ca-6fbe44a3cbc5

INIT
  Ready in       13.6 s
  Budget         90.0 s
  Used           15 percent

CLOCK
  Base           120.0 s plus 0.5 s per move
  Moves          32
  Time used      116.4 s
  Slowest        11.3 s on move 5
  Fastest        0.0 s on move 1
  Average        3.6 s
  Left at end    19.6 s

RESULT
  Drawn by threefold repetition
  Game lasted 204.3 s

MOVES
    #  move          time     clock left
    1  Qd7           0.0 s      120.5 s
    2  e6            0.0 s      121.0 s
    3  Bd6           6.4 s      115.1 s
    4  Qxd6          4.5 s      111.0 s
    5  Rb8          11.3 s      100.2 s
    6  O-O           4.6 s       96.1 s
    7  Rxb2          1.7 s       94.9 s
    8  Rxb5          3.9 s       91.5 s
    9  Bf5           5.7 s       86.3 s
   10  Qc7           5.6 s       81.2 s
   11  Nd7           3.5 s       78.2 s
   12  Bd3           1.3 s       77.4 s
   13  Rb8           9.7 s       68.2 s
   14  Bg6           6.1 s       62.6 s
   15  Nf8           1.4 s       61.7 s
   16  Nxg6          3.4 s       58.8 s
   17  Rxb1+         7.4 s       52.0 s
   18  Nf4           2.1 s       50.4 s
   19  Ne7           2.7 s       48.2 s
   20  Nf5           4.8 s       43.8 s
   21  Qxf4          1.1 s       43.2 s
   22  Qe4           2.2 s       41.6 s
   23  h5            5.2 s       36.9 s
   24  Qe1+          1.5 s       35.9 s
   25  Qe4+          4.5 s       31.9 s
   26  Qxh4+         1.2 s       31.2 s
   27  Qf4+          3.9 s       27.8 s
   28  Qg4+          2.5 s       25.8 s
   29  Qf4+          2.0 s       24.3 s
   30  Qe4+          3.0 s       21.7 s
   31  Qg4+          0.4 s       21.8 s
   32  Qf4+          2.7 s       19.6 s

OUTPUT
  4,800 bytes on stderr

  d5 score +18 move g1f3 nodes 22211 nps 597651 37ms soft 125 hard 125 clock 1000 tt 44% cut 1224 null 0 contempt +0 peakrss 275MB
  numba engine ready: compiled fasteval 1.2s + fastnnue 1.5s + fastsearch 7.2s, first search 39ms, rss 275MB, evaluation nnue h256 qa256 qb1024 qc128 cp400 absolute from nnue.npz, book 24,479 entries
  d0 move d8d7 nodes 0 0ms soft 0 hard 0 clock 120000 tt 0 cut 0 contempt +0 peakrss 275MB book 2 of 24479
  d0 move e7e6 nodes 0 0ms soft 0 hard 0 clock 120497 tt 0 cut 0 contempt +0 peakrss 275MB book 1 of 24479
  d7 score -37 move f8d6 nodes 3558414 nps 553313 6431ms soft 5240 hard 15124 clock 120995 tt 37% cut 144698 null 0 contempt +0 peakrss 275MB
  d7 score -11 move d7d6 nodes 2392174 nps 526464 4544ms soft 5002 hard 14383 clock 115061 tt 38% cut 103856 null 0 contempt +0 peakrss 275MB
  d8 score -23 move a8b8 nodes 5505572 nps 485713 11335ms soft 4841 hard 13877 clock 111014 tt 31% cut 331495 null 0 contempt +0 peakrss 275MB
  d7 score -30 move e8g8 nodes 2552053 nps 555288 4596ms soft 4407 hard 12522 clock 100177 tt 39% cut 90150 null 0 contempt +0 peakrss 275MB
  d6 score -15 move b8b2 nodes 707121 nps 424967 1664ms soft 4243 hard 12010 clock 96078 tt 30% cut 46375 null 0 contempt +0 peakrss 275MB
  d7 score -132 move b2b5 nodes 2220491 nps 569236 3901ms soft 4196 hard 11864 clock 94912 tt 45% cut 89128 null 0 contempt +0 peakrss 275MB
  d7 score -123 move g4f5 nodes 3273015 nps 569916 5743ms soft 4060 hard 11438 clock 91508 tt 36% cut 148726 null 0 contempt +0 peakrss 275MB
  d7 score -100 move d6c7 nodes 3285955 nps 591356 5557ms soft 3851 hard 10783 clock 86263 tt 44% cut 128852 null 0 contempt +0 peakrss 275MB
  d7 score -108 move f6d7 nodes 2066943 nps 593091 3485ms soft 3648 hard 10150 clock 81204 tt 44% cut 90179 null 0 contempt +0 peakrss 275MB
  d6 score -80 move f5d3 nodes 554641 nps 414725 1337ms soft 3529 hard 9777 clock 78216 tt 27% cut 44297 null 0 contempt +0 peakrss 275MB
  d6 score -94 move f8b8 from partial d7 nodes 5548032 nps 573568 9673ms soft 3495 hard 9672 clock 77376 tt 30% cut 223113 null 0 contempt +50 peakrss 275MB
  d7 score -128 move d3g6 nodes 3654227 nps 601652 6074ms soft 3128 hard 8525 clock 68201 tt 42% cut 137933 null 0 contempt +0 peakrss 275MB
  d6 score -95 move d7f8 nodes 700352 nps 491997 1423ms soft 2905 hard 7828 clock 62625 tt 32% cut 50368 null 0 contempt +0 peakrss 275MB
  d7 score -146 move f8g6 nodes 1890783 nps 558000 3388ms soft 2868 hard 7712 clock 61699 tt 41% cut 96135 null 0 contempt +0 peakrss 275MB
  d7 score -123 move b8b1 from partial d8 nodes 3466240 nps 471439 7352ms soft 2752 hard 7351 clock 58808 tt 35% cut 301457 null 0 contempt +0 peakrss 275MB
  d7 score -142 move g6f4 nodes 1269237 nps 612868 2071ms soft 2478 hard 6494 clock 51953 tt 42% cut 49338 null 0 contempt +0 peakrss 275MB
  d7 score -67 move c6e7 nodes 1558901 nps 573595 2718ms soft 2415 hard 6298 clock 50380 tt 42% cut 72205 null 0 contempt +0 peakrss 275MB
  d8 score -57 move e7f5 nodes 2336409 nps 484387 4823ms soft 2326 hard 6020 clock 48159 tt 40% cut 211091 null 0 contempt +0 peakrss 275MB
  d7 score -56 move c7f4 nodes 668119 nps 595993 1121ms soft 2153 hard 5479 clock 43833 tt 48% cut 25880 null 0 contempt +50 peakrss 275MB
  d7 score +33 move f4e4 nodes 1168779 nps 543386 2151ms soft 2128 hard 5401 clock 43210 tt 38% cut 60509 null 0 contempt +50 peakrss 275MB
  d8 score +5 move h7h5 from partial d9 nodes 2825216 nps 543832 5195ms soft 2062 hard 5194 clock 41556 tt 32% cut 221272 null 0 contempt -50 peakrss 275MB
  d8 score +22 move e4e1 nodes 664226 nps 457414 1452ms soft 1874 hard 4607 clock 36859 tt 39% cut 77089 null 0 contempt +50 peakrss 275MB
  d8 score -13 move e1e4 from partial d9 nodes 2388992 nps 532259 4488ms soft 1836 hard 4488 clock 35904 tt 37% cut 148178 null 0 contempt +50 peakrss 275MB
  d8 score +21 move e4h4 nodes 558131 nps 450930 1238ms soft 1677 hard 3989 clock 31914 tt 30% cut 70449 null 0 contempt +50 peakrss 275MB
  d8 score +50 move h4f4 from partial d9 nodes 2133376 nps 547349 3898ms soft 1647 hard 3897 clock 31174 tt 43% cut 125806 null 0 contempt +50 peakrss 275MB
  d8 score +50 move f4g4 nodes 1180645 nps 478279 2469ms soft 1511 hard 3472 clock 27773 tt 40% cut 141946 null 0 contempt +50 peakrss 275MB
  d9 score +50 move g4f4 nodes 1112942 nps 544349 2045ms soft 1432 hard 3225 clock 25803 tt 54% cut 59684 null 0 contempt +50 peakrss 275MB
  d7 score +50 move f4e4 from partial d8 nodes 1406976 nps 463748 3034ms soft 1370 hard 3032 clock 24256 tt 35% cut 159568 null 0 contempt +50 peakrss 275MB
  d7 score +50 move e4g4 nodes 217312 nps 553932 392ms soft 1269 hard 2715 clock 21720 tt 60% cut 6390 null 0 contempt +50 peakrss 275MB
  d9 score +50 move g4f4 from partial d10 nodes 1196032 nps 438198 2729ms soft 1273 hard 2728 clock 21825 tt 37% cut 178219 null 0 contempt +50 peakrss 275MB

Email hello@aichessathon.com with this file if anything here is unclear.
