AI CHESSATHON MATCH LOG
=======================

MATCH
  Round          Rated 98
  Team           2 Pawns and a Queen
  Colour         White
  Opponent       zenith
  Opening        Ruy Lopez, Closed
  Start FEN      r2q1rk1/2pbbppp/p1np1n2/1p2p3/P2PP3/1BP2N2/1P3PPP/RNBQR1K1 b - - 0 10
  You moved      Second
  Machine        w-4e8c1d
  Finished       2026-09-10 14:19:13 UTC
  Match ID       52fefe2c-795d-4453-8a84-1e7a3c36dbc4

INIT
  Ready in       15.9 s
  Budget         90.0 s
  Used           18 percent

CLOCK
  Base           120.0 s plus 0.5 s per move
  Moves          60
  Time used      128.5 s
  Slowest        8.4 s on move 9
  Fastest        0.0 s on move 60
  Average        2.1 s
  Left at end    21.5 s

RESULT
  Won by checkmate
  Game lasted 277.5 s

MOVES
    #  move          time     clock left
    1  Nbd2          4.2 s      116.3 s
    2  cxd4          2.7 s      114.1 s
    3  a5            3.2 s      111.4 s
    4  h3            4.6 s      107.3 s
    5  g4            2.1 s      105.7 s
    6  d5            0.9 s      105.3 s
    7  Nh4           3.1 s      102.7 s
    8  Nxg6          2.6 s      100.6 s
    9  Re3           8.4 s       92.7 s
   10  Rxc1          7.3 s       85.9 s
   11  Qc2           4.1 s       82.3 s
   12  Kg2           4.1 s       78.7 s
   13  Nf3           1.6 s       77.6 s
   14  Nxg5          2.7 s       75.4 s
   15  Rce1          3.2 s       72.7 s
   16  Qc6           2.3 s       70.9 s
   17  Kg1           3.9 s       67.5 s
   18  Rg3           1.4 s       66.6 s
   19  Qxa6          0.6 s       66.5 s
   20  Qa7           1.2 s       65.8 s
   21  Rge3          1.1 s       65.2 s
   22  Rd1           2.1 s       63.6 s
   23  Kg2           2.3 s       61.8 s
   24  Kg1           2.2 s       60.1 s
   25  Kg2           1.3 s       59.3 s
   26  Qb7           2.8 s       57.0 s
   27  Kg1           2.3 s       55.2 s
   28  Kg2           2.2 s       53.5 s
   29  Rdd3          4.5 s       49.5 s
   30  Qc6           0.9 s       49.1 s
   31  Rd1           0.6 s       49.1 s
   32  Kf1           3.6 s       46.0 s
   33  Qxb5          1.3 s       45.2 s
   34  Qa4           5.4 s       40.3 s
   35  a6            3.0 s       37.8 s
   36  Qxa6          2.8 s       35.5 s
   37  Qa1           0.5 s       35.5 s
   38  Rc1           1.5 s       34.5 s
   39  Rxb3          0.4 s       34.6 s
   40  Kg1           1.3 s       33.8 s
   41  f3            3.0 s       31.3 s
   42  Qb2           1.1 s       30.7 s
   43  Qh2           1.0 s       30.2 s
   44  Qd2           1.6 s       29.1 s
   45  Kg2           1.9 s       27.7 s
   46  Rd3           0.8 s       27.5 s
   47  Rxd2          2.0 s       26.0 s
   48  Kg3           0.5 s       26.0 s
   49  Rxc7          0.4 s       26.1 s
   50  Rd7           3.3 s       23.4 s
   51  Rxd6          1.8 s       22.1 s
   52  Rb6           0.6 s       22.0 s
   53  d6+           0.6 s       21.9 s
   54  Rb7+          1.8 s       20.7 s
   55  Rdb2          1.4 s       19.8 s
   56  Rxg7          0.8 s       19.5 s
   57  gxf5          0.0 s       20.0 s
   58  fxg4          0.0 s       20.5 s
   59  Rc7+          0.0 s       21.0 s
   60  Rb8#          0.0 s       21.5 s

OUTPUT
  8,215 bytes on stderr

  d6 score +15 move g1f3 from partial d7 nodes 72192 nps 576612 125ms soft 125 hard 125 clock 1000 tt 36% cut 6168 null 0 lmr 3512 contempt +0 peakrss 277MB
  numba engine ready: compiled fasteval 1.4s + fastnnue 1.5s + fastsearch 9.0s, first search 127ms, rss 277MB, evaluation nnue h256 qa256 qb1024 qc128 cp400 absolute from nnue.npz, book 24,479 entries
  d8 score +34 move b1d2 nodes 1893221 nps 448366 4222ms soft 5200 hard 15000 clock 120000 tt 27% cut 130841 null 0 lmr 44870 contempt +0 peakrss 278MB
  d8 score +61 move c3d4 nodes 1222225 nps 457779 2670ms soft 5051 hard 14534 clock 116274 tt 31% cut 87443 null 0 lmr 28357 contempt +0 peakrss 278MB
  d8 score +56 move a4a5 nodes 1518323 nps 476286 3188ms soft 4964 hard 14263 clock 114101 tt 24% cut 90781 null 0 lmr 47275 contempt +0 peakrss 278MB
  d9 score +38 move h2h3 nodes 2164431 nps 473961 4567ms soft 4856 hard 13926 clock 111410 tt 32% cut 138775 null 0 lmr 78342 contempt +0 peakrss 278MB
  d8 score +13 move g2g4 nodes 959616 nps 455742 2106ms soft 4694 hard 13418 clock 107341 tt 28% cut 69496 null 0 lmr 27971 contempt +0 peakrss 278MB
  d7 score +4 move d4d5 nodes 429666 nps 461004 932ms soft 4629 hard 13216 clock 105732 tt 22% cut 25515 null 0 lmr 10638 contempt +0 peakrss 278MB
  d9 score -12 move f3h4 nodes 1493210 nps 489275 3052ms soft 4612 hard 13162 clock 105297 tt 31% cut 113559 null 0 lmr 55870 contempt +0 peakrss 278MB
  d9 score +45 move h4g6 nodes 1296565 nps 494123 2624ms soft 4510 hard 12843 clock 102743 tt 36% cut 97547 null 0 lmr 49063 contempt +0 peakrss 278MB
  d10 score +50 move e1e3 nodes 4061957 nps 482168 8424ms soft 4425 hard 12577 clock 100616 tt 30% cut 276680 null 0 lmr 135304 contempt +0 peakrss 278MB
  d10 score +52 move a1c1 nodes 3550319 nps 487112 7289ms soft 4108 hard 11586 clock 92689 tt 38% cut 317534 null 0 lmr 141339 contempt +50 peakrss 278MB
  d9 score +36 move d1c2 nodes 2082445 nps 503428 4137ms soft 3836 hard 10737 clock 85898 tt 34% cut 111184 null 0 lmr 86656 contempt +0 peakrss 278MB
  d9 score +38 move g1g2 nodes 2152383 nps 531694 4048ms soft 3690 hard 10282 clock 82259 tt 32% cut 119332 null 0 lmr 92990 contempt +0 peakrss 278MB
  d8 score +37 move d2f3 nodes 755696 nps 467870 1615ms soft 3548 hard 9838 clock 78704 tt 33% cut 76614 null 0 lmr 23459 contempt +0 peakrss 278MB
  d9 score +3 move f3g5 nodes 1370208 nps 504934 2714ms soft 3503 hard 9698 clock 77586 tt 39% cut 86891 null 0 lmr 64946 contempt +0 peakrss 278MB
  d8 score +36 move c1e1 nodes 1430689 nps 448710 3188ms soft 3415 hard 9421 clock 75370 tt 32% cut 85497 null 0 lmr 35984 contempt +0 peakrss 278MB
  d8 score +75 move c2c6 nodes 972220 nps 421441 2307ms soft 3307 hard 9085 clock 72678 tt 35% cut 51062 null 0 lmr 16754 contempt +0 peakrss 278MB
  d9 score +60 move g2g1 nodes 1893648 nps 485619 3899ms soft 3235 hard 8859 clock 70869 tt 36% cut 112237 null 0 lmr 66615 contempt +0 peakrss 278MB
  d8 score +10 move e3g3 nodes 610103 nps 441622 1382ms soft 3099 hard 8433 clock 67466 tt 30% cut 41711 null 0 lmr 16339 contempt +0 peakrss 278MB
  d7 score +6 move c6a6 nodes 284268 nps 487423 583ms soft 3063 hard 8323 clock 66582 tt 35% cut 15359 null 0 lmr 9509 contempt +0 peakrss 278MB
  d7 score +61 move a6a7 nodes 498288 nps 426599 1168ms soft 3060 hard 8312 clock 66496 tt 26% cut 32840 null 0 lmr 10225 contempt -50 peakrss 278MB
  d7 score -26 move g3e3 nodes 494454 nps 432818 1142ms soft 3033 hard 8228 clock 65823 tt 21% cut 42149 null 0 lmr 11554 contempt +0 peakrss 278MB
  d8 score -16 move e1d1 nodes 985390 nps 478673 2059ms soft 3007 hard 8147 clock 65178 tt 27% cut 69020 null 0 lmr 33315 contempt +0 peakrss 278MB
  d9 score -80 move g1g2 nodes 1137353 nps 490969 2317ms soft 2945 hard 7952 clock 63617 tt 30% cut 92202 null 0 lmr 47227 contempt +0 peakrss 278MB
  d12 score +0 move g2g1 nodes 1093055 nps 501986 2177ms soft 2872 hard 7725 clock 61797 tt 34% cut 123004 null 0 lmr 60431 contempt +0 peakrss 278MB
  d12 score +0 move g1g2 nodes 617113 nps 459552 1343ms soft 2805 hard 7515 clock 60117 tt 38% cut 79007 null 0 lmr 30675 contempt +0 peakrss 278MB
  d10 score -31 move a7b7 nodes 1424662 nps 50883
  [1,015 bytes dropped]
  4 nps 462814 1319ms soft 2240 hard 5751 clock 46011 tt 34% cut 48602 null 0 lmr 20554 contempt +0 peakrss 278MB
  d9 score +39 move b5a4 nodes 2404941 nps 444984 5405ms soft 2208 hard 5649 clock 45189 tt 25% cut 206390 null 0 lmr 75841 contempt +0 peakrss 278MB
  d8 score +59 move a5a6 nodes 1444778 nps 483943 2985ms soft 2011 hard 5035 clock 40282 tt 29% cut 85462 null 0 lmr 43834 contempt -50 peakrss 278MB
  d10 score +129 move a4a6 nodes 1440542 nps 515293 2796ms soft 1912 hard 4724 clock 37794 tt 41% cut 135063 null 0 lmr 88334 contempt +0 peakrss 278MB
  d9 score +137 move a6a1 nodes 283718 nps 542049 523ms soft 1820 hard 4437 clock 35496 tt 43% cut 29378 null 0 lmr 20495 contempt -50 peakrss 278MB
  d10 score +268 move d1c1 nodes 768773 nps 522334 1472ms soft 1819 hard 4434 clock 35470 tt 46% cut 88960 null 0 lmr 53225 contempt -50 peakrss 278MB
  d9 score +171 move e3b3 nodes 234380 nps 554723 423ms soft 1780 hard 4312 clock 34496 tt 46% cut 23163 null 0 lmr 19010 contempt -50 peakrss 278MB
  d11 score +200 move f1g1 nodes 666566 nps 512174 1301ms soft 1783 hard 4321 clock 34571 tt 42% cut 82195 null 0 lmr 39799 contempt -50 peakrss 278MB
  d10 score +303 move f2f3 nodes 1540283 nps 518016 2973ms soft 1751 hard 4221 clock 33767 tt 32% cut 157680 null 0 lmr 77296 contempt -50 peakrss 278MB
  d8 score +399 move a1b2 nodes 559308 nps 494515 1131ms soft 1652 hard 3911 clock 31291 tt 34% cut 51067 null 0 lmr 21907 contempt -50 peakrss 278MB
  d8 score +482 move b2h2 nodes 467635 nps 478234 978ms soft 1626 hard 3832 clock 30658 tt 33% cut 43224 null 0 lmr 14430 contempt -50 peakrss 278MB
  d8 score +493 move h2d2 nodes 807528 nps 512775 1575ms soft 1607 hard 3772 clock 30176 tt 31% cut 76893 null 0 lmr 26982 contempt -50 peakrss 278MB
  d9 score +624 move g1g2 nodes 1072023 nps 571127 1877ms soft 1564 hard 3637 clock 29098 tt 33% cut 73753 null 0 lmr 49913 contempt -50 peakrss 278MB
  d9 score +693 move b3d3 nodes 460823 nps 616119 748ms soft 1509 hard 3465 clock 27719 tt 40% cut 34336 null 0 lmr 28956 contempt -50 peakrss 278MB
  d12 score +973 move d3d2 nodes 1203660 nps 605572 1988ms soft 1499 hard 3434 clock 27469 tt 45% cut 167370 null 0 lmr 62724 contempt +50 peakrss 278MB
  d11 score +909 move g2g3 nodes 325836 nps 701672 464ms soft 1439 hard 3247 clock 25979 tt 72% cut 16303 null 0 lmr 32397 contempt -50 peakrss 278MB
  d10 score +1083 move c1c7 nodes 235864 nps 626319 377ms soft 1440 hard 3252 clock 26012 tt 58% cut 36886 null 0 lmr 17802 contempt -50 peakrss 278MB
  d10 score +1209 move c7d7 from partial d11 nodes 2271232 nps 695172 3267ms soft 1445 hard 3267 clock 26133 tt 49% cut 127162 null 0 lmr 160995 contempt -50 peakrss 278MB
  d11 score +1290 move d7d6 nodes 1196095 nps 682704 1752ms soft 1334 hard 2920 clock 23362 tt 54% cut 79224 null 0 lmr 75944 contempt -50 peakrss 278MB
  d10 score +1311 move d6b6 nodes 365210 nps 631020 579ms soft 1284 hard 2764 clock 22108 tt 47% cut 53207 null 0 lmr 18204 contempt -50 peakrss 278MB
  d9 score +1432 move d5d6 nodes 393895 nps 651350 605ms soft 1281 hard 2753 clock 22027 tt 49% cut 22995 null 0 lmr 22004 contempt -50 peakrss 278MB
  d10 score +1641 move b6b7 nodes 1033736 nps 588754 1756ms soft 1277 hard 2740 clock 21920 tt 41% cut 142575 null 0 lmr 46766 contempt -50 peakrss 278MB
  d9 score +1923 move d2b2 nodes 865342 nps 641638 1349ms soft 1226 hard 2583 clock 20662 tt 48% cut 39541 null 0 lmr 44221 contempt -50 peakrss 278MB
  d9 score +999991 move b7g7 nodes 515348 nps 666929 773ms soft 1192 hard 2476 clock 19811 tt 48% cut 30900 null 0 lmr 27013 contempt -50 peakrss 278MB
  d7 score +999993 move g4f5 nodes 22428 nps 801606 28ms soft 1181 hard 2442 clock 19536 tt 88% cut 1211 null 0 lmr 2817 contempt -50 peakrss 278MB
  d5 score +999995 move f3g4 nodes 5864 nps 800641 7ms soft 1200 hard 2501 clock 20006 tt 89% cut 285 null 0 lmr 433 contempt -50 peakrss 278MB
  d3 score +999997 move g7c7 nodes 2637 3ms soft 1220 hard 2562 clock 20497 tt 39% cut 66 null 0 lmr 0 contempt -50 peakrss 278MB
  d1 score +999999 move b2b8 nodes 76 1ms soft 1240 hard 2624 clock 20990 tt - cut 0 null 0 lmr 0 contempt -50 peakrss 278MB

Email hello@aichessathon.com with this file if anything here is unclear.
