AI CHESSATHON MATCH LOG
=======================

MATCH
  Round          Rated 86
  Team           2 Pawns and a Queen
  Colour         Black
  Opponent       AIY
  Opening        English Symmetrical
  Start FEN      r1bq1rk1/pp1pppbp/2n2np1/2p5/2PP4/2N2NP1/PP2PPBP/R1BQ1RK1 b - - 0 7
  You moved      First
  Machine        w-3269be
  Finished       2026-09-09 17:14:53 UTC
  Match ID       674554b4-f8fc-42ac-9d44-a049dc21ee61

INIT
  Ready in       14.5 s
  Budget         90.0 s
  Used           16 percent

CLOCK
  Base           120.0 s plus 0.5 s per move
  Moves          49
  Time used      130.8 s
  Slowest        9.2 s on move 14
  Fastest        0.0 s on move 1
  Average        2.7 s
  Left at end    13.7 s

RESULT
  Lost by checkmate
  Game lasted 258.9 s

MOVES
    #  move          time     clock left
    1  cxd4          0.0 s      120.5 s
    2  Qa5           0.0 s      121.0 s
    3  Qd8           4.2 s      117.3 s
    4  Re8           4.3 s      113.5 s
    5  a5            5.8 s      108.3 s
    6  e5            4.8 s      103.9 s
    7  h6            4.5 s       99.9 s
    8  Bxf6          8.7 s       91.7 s
    9  Rf8           2.7 s       89.5 s
   10  Bg7           1.5 s       88.5 s
   11  Ra6           5.9 s       83.1 s
   12  a4            4.0 s       79.6 s
   13  Qc7           3.8 s       76.4 s
   14  h5            9.2 s       67.7 s
   15  Rxc8          3.3 s       64.9 s
   16  Qxc8          2.9 s       62.5 s
   17  h4            3.8 s       59.1 s
   18  e4            2.6 s       57.0 s
   19  Qd8           1.0 s       56.4 s
   20  gxh5          1.6 s       55.3 s
   21  a3            1.7 s       54.1 s
   22  Nxb4          3.8 s       50.9 s
   23  Nxa2          3.1 s       48.3 s
   24  Nxc1          3.4 s       45.4 s
   25  Bb2           0.9 s       44.9 s
   26  Qf6           2.7 s       42.7 s
   27  Kh8           2.5 s       40.7 s
   28  Kg8           1.2 s       40.0 s
   29  Qg7           0.8 s       39.7 s
   30  Kxg7          2.4 s       37.8 s
   31  a2            2.9 s       35.4 s
   32  a1=Q          1.6 s       34.3 s
   33  Bxa1          1.0 s       33.7 s
   34  Kxf7          3.9 s       30.4 s
   35  Kg6           3.8 s       27.1 s
   36  Kf5           0.6 s       27.0 s
   37  Bf6           0.8 s       26.7 s
   38  Kxe4          0.8 s       26.4 s
   39  Kd5           0.5 s       26.4 s
   40  Ke4           0.4 s       26.5 s
   41  Kd4           2.1 s       24.9 s
   42  Kc4           1.7 s       23.7 s
   43  Kd4           2.1 s       22.1 s
   44  Kc3           2.7 s       19.9 s
   45  Kd4           2.0 s       18.4 s
   46  Ke4           2.3 s       16.6 s
   47  Kd4           0.4 s       16.7 s
   48  Ke4           2.1 s       15.1 s
   49  Kd4           1.9 s       13.7 s

OUTPUT
  7,104 bytes on stderr

  d5 score +18 move g1f3 nodes 22211 nps 614513 36ms soft 125 hard 125 clock 1000 tt 44% cut 1224 null 0 contempt +0 peakrss 275MB
  numba engine ready: compiled fasteval 1.2s + fastnnue 1.6s + fastsearch 7.7s, first search 38ms, rss 275MB, evaluation nnue h256 qa256 qb1024 qc128 cp400 absolute from nnue.npz, book 24,479 entries
  d0 move c5d4 nodes 0 0ms soft 0 hard 0 clock 120000 tt 0 cut 0 contempt +0 peakrss 276MB book 2 of 24479
  d0 move d8a5 nodes 0 0ms soft 0 hard 0 clock 120497 tt 0 cut 0 contempt +0 peakrss 276MB book 4 of 24479
  d7 score -32 move a5d8 nodes 2250792 nps 536437 4196ms soft 5240 hard 15124 clock 120995 tt 35% cut 110822 null 0 contempt +0 peakrss 276MB
  d7 score -35 move f8e8 nodes 2176357 nps 507619 4287ms soft 5092 hard 14662 clock 117297 tt 34% cut 125237 null 0 contempt +0 peakrss 276MB
  d7 score -37 move a7a5 nodes 2916597 nps 506887 5754ms soft 4940 hard 14188 clock 113506 tt 31% cut 160952 null 0 contempt +0 peakrss 276MB
  d7 score -42 move e7e5 nodes 2448086 nps 509916 4801ms soft 4730 hard 13531 clock 108249 tt 34% cut 139137 null 0 contempt +0 peakrss 276MB
  d7 score -60 move h7h6 nodes 2153176 nps 478737 4498ms soft 4558 hard 12993 clock 103946 tt 36% cut 136808 null 0 contempt +0 peakrss 276MB
  d8 score -119 move g7f6 nodes 4445582 nps 510811 8703ms soft 4398 hard 12493 clock 99945 tt 45% cut 252727 null 0 contempt +50 peakrss 276MB
  d7 score -82 move e8f8 nodes 1126138 nps 418453 2691ms soft 4070 hard 11468 clock 91740 tt 38% cut 48521 null 0 contempt +0 peakrss 276MB
  d6 score -132 move f6g7 nodes 661129 nps 429181 1540ms soft 3982 hard 11193 clock 89546 tt 30% cut 22170 null 0 contempt +0 peakrss 276MB
  d7 score -154 move a8a6 nodes 2455718 nps 416848 5891ms soft 3940 hard 11063 clock 88503 tt 33% cut 112609 null 0 contempt +0 peakrss 276MB
  d7 score -169 move a5a4 nodes 1765473 nps 445635 3962ms soft 3724 hard 10389 clock 83109 tt 36% cut 92227 null 0 contempt +0 peakrss 276MB
  d7 score -184 move d8c7 nodes 1692743 nps 446801 3789ms soft 3586 hard 9956 clock 79644 tt 37% cut 97660 null 0 contempt +0 peakrss 276MB
  d7 score -216 move h6h5 nodes 3804496 nps 414031 9189ms soft 3454 hard 9544 clock 76353 tt 28% cut 222336 null 0 contempt +0 peakrss 276MB
  d7 score -250 move f8c8 nodes 1598903 nps 485613 3293ms soft 3106 hard 8458 clock 67661 tt 41% cut 75880 null 0 contempt +50 peakrss 276MB
  d7 score -264 move c7c8 nodes 1530689 nps 529668 2890ms soft 2995 hard 8108 clock 64866 tt 41% cut 78244 null 0 contempt +50 peakrss 276MB
  d7 score -269 move h5h4 nodes 1962292 nps 510257 3846ms soft 2899 hard 7809 clock 62474 tt 41% cut 99887 null 0 contempt +50 peakrss 276MB
  d7 score -287 move e5e4 nodes 1404284 nps 532644 2636ms soft 2765 hard 7391 clock 59125 tt 44% cut 65753 null 0 contempt +50 peakrss 276MB
  d6 score -295 move c8d8 nodes 417446 nps 403129 1036ms soft 2679 hard 7123 clock 56986 tt 29% cut 31121 null 0 contempt +50 peakrss 276MB
  d6 score -348 move g6h5 nodes 676782 nps 421153 1607ms soft 2658 hard 7056 clock 56448 tt 30% cut 42794 null 0 contempt +50 peakrss 276MB
  d6 score -338 move a4a3 nodes 726684 nps 425345 1708ms soft 2614 hard 6917 clock 55339 tt 27% cut 41723 null 0 contempt +50 peakrss 276MB
  d7 score -289 move c6b4 nodes 2012998 nps 533186 3775ms soft 2565 hard 6766 clock 54128 tt 44% cut 89749 null 0 contempt +50 peakrss 276MB
  d7 score -349 move b4a2 nodes 1659908 nps 538552 3082ms soft 2434 hard 6356 clock 50849 tt 44% cut 86413 null 0 contempt +50 peakrss 276MB
  d8 score -469 move a2c1 nodes 1685562 nps 498749 3380ms soft 2331 hard 6033 clock 48265 tt 46% cut 159933 null 0 contempt +50 peakrss 276MB
  d7 score -523 move g7b2 nodes 496409 nps 532739 932ms soft 2215 hard 5673 clock 45382 tt 51% cut 37007 null 0 contempt +50 peakrss 276MB
  d8 score -449 move d8f6 nodes 1410828 nps 513987 2745ms soft 2198 hard 5618 clock 44947 tt 44% cut 106148 null 0 contempt +50 peakrss 276MB
  d10 score -519 move g8h8 nodes 1411652 nps 565352 2497ms soft 2108 hard 5338 clock 42700 tt 62% cut 104382 null 0 contempt +50 peakrss 276MB
  d9 score -720 move h8g8 nodes 550759 nps 453906 1213ms soft 2028 hard 5088 clock 40701 tt 46% cut 77811 null 0 contempt +50 peakrss 276MB
  d8 score -632 move f6g7 nodes 413769 nps 542733 762ms soft 1999 hard 4998 clock 39985 tt 49% cut 29863 null 0 contempt +50 peakrss 276MB
  d10 score -939 move g8g7 nodes 1494398 nps 619807 2411ms soft 1989 hard 4965 clock 39720 tt 57% cut 107412 null 0 contempt +50 peakrss 276MB
  d9 score -1019 move a3a2 nodes 1683089 nps 577146 2916ms soft 1912 hard 4726 clock 37807 tt 48% cut 207333 null 0 contempt +50 peakrss 276MB
  d10 score -927 move a2a1q nodes 1059727 nps 649748 1631ms soft 1816 hard 4424 clock 35388 tt 55% cut 76325 null 0 contempt +50 peakrss 276MB
  d10 score -957 move b2a1 nodes 871466 nps 851757 1023ms soft 1770 hard 4282 clock 34255 tt 65% cut 64595 null 0 contempt +50 peakrss 276MB
  d10 score -1009 move g7f7 nodes 3251024 nps 841548 3863ms soft 1749 hard 4216 clock 33729 tt 65% cut 143002 null 0 contempt +50 peakrss 276MB
  d9 score -978 move f7g6 nodes 3250176 nps 856249 3796ms soft 1615 hard 3796 clock 30364 tt 73% cut 147486 null 0 contempt +50 peakrss 276MB
  d8 score -979 move g6f5 nodes 465888 nps 788111 591ms soft 1483 hard 3383 clock 27065 tt 72% cut 17540 null 0 contempt +50 peakrss 276MB
  d8 score -1144 move a1f6 nodes 639974 nps 821181 779ms soft 1479 hard 3372 clock 26972 tt 62% cut 20801 null 0 contempt +50 peakrss 276MB
  d8 score -1126 move f5e4 nodes 600050 nps 757875 792ms soft 1468 hard 3336 clock 26691 tt 53% cut 19639 null 0 contempt +50 peakrss 276MB
  d8 score -1156 move e4d5 nodes 534254 nps 1009011 529ms soft 1456 hard 3300 clock 26397 tt 68% cut 20603 null 0 contempt +50 peakrss 276MB
  d8 score -1182 move d5e4 nodes 431584 nps 1098478 393ms soft 1455 hard 3296 clock 26365 tt 71% cut 13362 null 0 contempt +50 peakrss 276MB
  d10 score -1299 move e4d4 nodes 2273843 nps 1092619 2081ms soft 1459 hard 3309 clock 26470 tt 85% cut 77746 null 0 contempt +50 peakrss 276MB
  d10 score -1296 move d4c4 nodes 1935724 nps 1158384 1671ms soft 1395 hard 3111 clock 24886 tt 90% cut 83924 null 0 contempt +50 peakrss 276MB
  d10 score -1901 move c4d4 nodes 2392825 nps 1114606 2147ms soft 1349 hard 2964 clock 23713 tt 85% cut 79649 null 0 contempt +50 peakrss 276MB
  d10 score -1951 move d4c3 nodes 3126707 nps 1162074 2691ms soft 1283 hard 2758 clock 22064 tt 89% cut 98677 null 0 contempt +50 peakrss 276MB
  d10 score -999990 move c3d4 nodes 2122324 nps 1075352 1974ms soft 1195 hard 2484 clock 19871 tt 85% cut 77376 null 0 contempt +50 peakrss 276MB
  d9 score -999992 move d4e4 nodes 2283520 nps 992854 2300ms soft 1136 hard 2300 clock 18396 tt 79% cut 81087 null 0 contempt +50 peakrss 276MB
  d8 score -999994 move e4d4 nodes 373409 nps 972257 384ms soft 1064 hard 2074 clock 16593 tt 85% cut 5276 null 0 contempt +50 peakrss 276MB
  d7 score -999996 move d4e4 nodes 2060288 nps 986002 2090ms soft 1068 hard 2088 clock 16707 tt 62% cut 46708 null 0 contempt +50 peakrss 276MB
  d7 score -999998 move e4d4 nodes 2094080 nps 1108067 1890ms soft 1005 hard 1889 clock 15115 tt 66% cut 39087 null 0 contempt +50 peakrss 276MB

Email hello@aichessathon.com with this file if anything here is unclear.
